name 'time_out' is not defined
name 'time_out' is not defined
name 'time_out' is not defined
name 'time_out' is not defined
name 'time_out' is not defined
name 'time_out' is not defined
name 'time_out' is not defined
name 'time_out' is not defined
name 'time_out' is not defined
name 'time_out' is not defined
name 'time_out' is not defined
name 'time_out' is not defined
name 'time_out' is not defined
name 'time_out' is not defined
name 'time_out' is not defined
name 'time_out' is not defined
name 'time_out' is not defined
name 'time_out' is not defined
name 'time_out' is not defined
name 'time_out' is not defined
name 'time_out' is not defined
name 'time_out' is not defined
name 'time_out' is not defined
name 'time_out' is not defined
name 'time_out' is not defined
name 'time_out' is not defined
name 'time_out' is not defined
name 'time_out' is not defined
name 'time_out' is not defined
name 'time_out' is not defined
name 'time_out' is not defined
name 'time_out' is not defined
name 'time_out' is not defined
name 'time_out' is not defined
name 'time_out' is not defined
name 'time_out' is not defined
name 'time_out' is not defined
name 'time_out' is not defined
name 'time_out' is not defined
name 'time_out' is not defined
name 'time_out' is not defined
name 'time_out' is not defined
name 'time_out' is not defined
name 'time_out' is not defined
name 'time_out' is not defined
name 'time_out' is not defined
name 'time_out' is not defined
name 'time_out' is not defined
name 'time_out' is not defined
name 'time_out' is not defined
name 'time_out' is not defined
name 'time_out' is not defined
name 'time_out' is not defined
name 'time_out' is not defined
name 'time_out' is not defined
name 'time_out' is not defined
name 'time_out' is not defined
name 'time_out' is not defined
name 'time_out' is not defined
name 'time_out' is not defined
name 'time_out' is not defined
name 'time_out' is not defined
name 'time_out' is not defined
name 'time_out' is not defined
name 'time_out' is not defined
name 'time_out' is not defined
name 'time_out' is not defined
name 'time_out' is not defined
name 'time_out' is not defined
name 'time_out' is not defined
name 'time_out' is not defined
name 'time_out' is not defined
name 'time_out' is not defined
name 'time_out' is not defined
name 'time_out' is not defined
name 'time_out' is not defined
name 'time_out' is not defined
name 'time_out' is not defined
HTTPSConnectionPool(host='raw.githubusercontent.com', port=443): Max retries exceeded with url: /B4RC0DE-TM/proxy-list/main/SOCKS5.txt (Caused by ConnectTimeoutError(<urllib3.connection.HTTPSConnection object at 0x7809c92150>, 'Connection to raw.githubusercontent.com timed out. (connect timeout=15)'))
HTTPSConnectionPool(host='raw.githubusercontent.com', port=443): Max retries exceeded with url: /almroot/proxylist/master/list.txt (Caused by ConnectTimeoutError(<urllib3.connection.HTTPSConnection object at 0x780633a050>, 'Connection to raw.githubusercontent.com timed out. (connect timeout=15)'))
HTTPSConnectionPool(host='raw.githubusercontent.com', port=443): Max retries exceeded with url: /B4RC0DE-TM/proxy-list/main/SOCKS4.txt (Caused by ConnectTimeoutError(<urllib3.connection.HTTPSConnection object at 0x78063500d0>, 'Connection to raw.githubusercontent.com timed out. (connect timeout=15)'))
HTTPSConnectionPool(host='raw.githubusercontent.com', port=443): Max retries exceeded with url: /hanwayTech/free-proxy-list/main/socks5.txt (Caused by ConnectTimeoutError(<urllib3.connection.HTTPSConnection object at 0x7806351f10>, 'Connection to raw.githubusercontent.com timed out. (connect timeout=15)'))
HTTPSConnectionPool(host='raw.githubusercontent.com', port=443): Max retries exceeded with url: /aslisk/proxyhttps/main/https.txt (Caused by ConnectTimeoutError(<urllib3.connection.HTTPSConnection object at 0x7806353ad0>, 'Connection to raw.githubusercontent.com timed out. (connect timeout=15)'))
HTTPSConnectionPool(host='raw.githubusercontent.com', port=443): Max retries exceeded with url: /hanwayTech/free-proxy-list/main/socks4.txt (Caused by ConnectTimeoutError(<urllib3.connection.HTTPSConnection object at 0x7801175950>, 'Connection to raw.githubusercontent.com timed out. (connect timeout=15)'))
HTTPSConnectionPool(host='raw.githubusercontent.com', port=443): Max retries exceeded with url: /hookzof/socks5_list/master/proxy.txt (Caused by ConnectTimeoutError(<urllib3.connection.HTTPSConnection object at 0x78011779d0>, 'Connection to raw.githubusercontent.com timed out. (connect timeout=15)'))
HTTPSConnectionPool(host='raw.githubusercontent.com', port=443): Max retries exceeded with url: /B4RC0DE-TM/proxy-list/main/HTTP.txt (Caused by ConnectTimeoutError(<urllib3.connection.HTTPSConnection object at 0x7806345290>, 'Connection to raw.githubusercontent.com timed out. (connect timeout=15)'))
HTTPSConnectionPool(host='raw.githubusercontent.com', port=443): Max retries exceeded with url: /HyperBeats/proxy-list/main/socks4.txt (Caused by ConnectTimeoutError(<urllib3.connection.HTTPSConnection object at 0x7806339990>, 'Connection to raw.githubusercontent.com timed out. (connect timeout=15)'))
HTTPSConnectionPool(host='raw.githubusercontent.com', port=443): Max retries exceeded with url: /HyperBeats/proxy-list/main/socks5.txt (Caused by ConnectTimeoutError(<urllib3.connection.HTTPSConnection object at 0x7809c93290>, 'Connection to raw.githubusercontent.com timed out. (connect timeout=15)'))
HTTPSConnectionPool(host='raw.githubusercontent.com', port=443): Max retries exceeded with url: /clarketm/proxy-list/master/proxy-list-raw.txt (Caused by ConnectTimeoutError(<urllib3.connection.HTTPSConnection object at 0x7806352950>, 'Connection to raw.githubusercontent.com timed out. (connect timeout=15)'))
HTTPSConnectionPool(host='raw.githubusercontent.com', port=443): Max retries exceeded with url: /jetkai/proxy-list/main/online-proxies/txt/proxies-socks4.txt (Caused by ConnectTimeoutError(<urllib3.connection.HTTPSConnection object at 0x7801157190>, 'Connection to raw.githubusercontent.com timed out. (connect timeout=15)'))
HTTPSConnectionPool(host='raw.githubusercontent.com', port=443): Max retries exceeded with url: /jetkai/proxy-list/main/online-proxies/txt/proxies-socks5.txt (Caused by ConnectTimeoutError(<urllib3.connection.HTTPSConnection object at 0x7801171f90>, 'Connection to raw.githubusercontent.com timed out. (connect timeout=15)'))
HTTPSConnectionPool(host='raw.githubusercontent.com', port=443): Max retries exceeded with url: /hanwayTech/free-proxy-list/main/http.txt (Caused by ConnectTimeoutError(<urllib3.connection.HTTPSConnection object at 0x7809c92a10>, 'Connection to raw.githubusercontent.com timed out. (connect timeout=15)'))
HTTPSConnectionPool(host='raw.githubusercontent.com', port=443): Max retries exceeded with url: /mmpx12/proxy-list/master/socks4.txt (Caused by ConnectTimeoutError(<urllib3.connection.HTTPSConnection object at 0x7806339d90>, 'Connection to raw.githubusercontent.com timed out. (connect timeout=15)'))
HTTPSConnectionPool(host='raw.githubusercontent.com', port=443): Max retries exceeded with url: /manuGMG/proxy-365/main/SOCKS5.txt (Caused by ConnectTimeoutError(<urllib3.connection.HTTPSConnection object at 0x7806352e90>, 'Connection to raw.githubusercontent.com timed out. (connect timeout=15)'))
HTTPSConnectionPool(host='raw.githubusercontent.com', port=443): Max retries exceeded with url: /hanwayTech/free-proxy-list/main/https.txt (Caused by ConnectTimeoutError(<urllib3.connection.HTTPSConnection object at 0x7806345090>, 'Connection to raw.githubusercontent.com timed out. (connect timeout=15)'))
HTTPSConnectionPool(host='raw.githubusercontent.com', port=443): Max retries exceeded with url: /roosterkid/openproxylist/main/SOCKS4_RAW.txt (Caused by ConnectTimeoutError(<urllib3.connection.HTTPSConnection object at 0x78011756d0>, 'Connection to raw.githubusercontent.com timed out. (connect timeout=15)'))
HTTPSConnectionPool(host='raw.githubusercontent.com', port=443): Max retries exceeded with url: /mmpx12/proxy-list/master/socks5.txt (Caused by ConnectTimeoutError(<urllib3.connection.HTTPSConnection object at 0x7801172cd0>, 'Connection to raw.githubusercontent.com timed out. (connect timeout=15)'))
HTTPSConnectionPool(host='raw.githubusercontent.com', port=443): Max retries exceeded with url: /hendrikbgr/Free-Proxy-Repo/master/proxy_list.txt (Caused by ConnectTimeoutError(<urllib3.connection.HTTPSConnection object at 0x780117c5d0>, 'Connection to raw.githubusercontent.com timed out. (connect timeout=15)'))
HTTPSConnectionPool(host='raw.githubusercontent.com', port=443): Max retries exceeded with url: /saschazesiger/Free-Proxies/master/proxies/socks4.txt (Caused by ConnectTimeoutError(<urllib3.connection.HTTPSConnection object at 0x7801171910>, 'Connection to raw.githubusercontent.com timed out. (connect timeout=15)'))
HTTPSConnectionPool(host='raw.githubusercontent.com', port=443): Max retries exceeded with url: /roosterkid/openproxylist/main/SOCKS5_RAW.txt (Caused by ConnectTimeoutError(<urllib3.connection.HTTPSConnection object at 0x7801171150>, 'Connection to raw.githubusercontent.com timed out. (connect timeout=15)'))
HTTPSConnectionPool(host='raw.githubusercontent.com', port=443): Max retries exceeded with url: /HyperBeats/proxy-list/main/http.txt (Caused by ConnectTimeoutError(<urllib3.connection.HTTPSConnection object at 0x7806352590>, 'Connection to raw.githubusercontent.com timed out. (connect timeout=15)'))
HTTPSConnectionPool(host='raw.githubusercontent.com', port=443): Max retries exceeded with url: /ShiftyTR/Proxy-List/master/socks4.txt (Caused by ConnectTimeoutError(<urllib3.connection.HTTPSConnection object at 0x7806351790>, 'Connection to raw.githubusercontent.com timed out. (connect timeout=15)'))
HTTPSConnectionPool(host='raw.githubusercontent.com', port=443): Max retries exceeded with url: /saschazesiger/Free-Proxies/master/proxies/socks5.txt (Caused by ConnectTimeoutError(<urllib3.connection.HTTPSConnection object at 0x7801155150>, 'Connection to raw.githubusercontent.com timed out. (connect timeout=15)'))
HTTPSConnectionPool(host='raw.githubusercontent.com', port=443): Max retries exceeded with url: /jetkai/proxy-list/main/online-proxies/txt/proxies-http.txt (Caused by ConnectTimeoutError(<urllib3.connection.HTTPSConnection object at 0x780117cd50>, 'Connection to raw.githubusercontent.com timed out. (connect timeout=15)'))
HTTPSConnectionPool(host='raw.githubusercontent.com', port=443): Max retries exceeded with url: /TheSpeedX/PROXY-List/master/socks4.txt (Caused by ConnectTimeoutError(<urllib3.connection.HTTPSConnection object at 0x7806352610>, 'Connection to raw.githubusercontent.com timed out. (connect timeout=15)'))
HTTPSConnectionPool(host='raw.githubusercontent.com', port=443): Max retries exceeded with url: /ShiftyTR/Proxy-List/master/socks5.txt (Caused by ConnectTimeoutError(<urllib3.connection.HTTPSConnection object at 0x7806353d10>, 'Connection to raw.githubusercontent.com timed out. (connect timeout=15)'))
HTTPSConnectionPool(host='raw.githubusercontent.com', port=443): Max retries exceeded with url: /jetkai/proxy-list/main/online-proxies/txt/proxies-https.txt (Caused by ConnectTimeoutError(<urllib3.connection.HTTPSConnection object at 0x7801172a10>, 'Connection to raw.githubusercontent.com timed out. (connect timeout=15)'))
HTTPSConnectionPool(host='raw.githubusercontent.com', port=443): Max retries exceeded with url: /Zaeem20/FREE_PROXY_LIST/master/socks4.txt (Caused by ConnectTimeoutError(<urllib3.connection.HTTPSConnection object at 0x7801170cd0>, 'Connection to raw.githubusercontent.com timed out. (connect timeout=15)'))
HTTPSConnectionPool(host='raw.githubusercontent.com', port=443): Max retries exceeded with url: /mertguvencli/http-proxy-list/main/proxy-list/data.txt (Caused by NewConnectionError('<urllib3.connection.HTTPSConnection object at 0x7801174810>: Failed to establish a new connection: [Errno 103] Software caused connection abort'))
HTTPSConnectionPool(host='raw.githubusercontent.com', port=443): Max retries exceeded with url: /TheSpeedX/PROXY-List/master/socks5.txt (Caused by NewConnectionError('<urllib3.connection.HTTPSConnection object at 0x780633a050>: Failed to establish a new connection: [Errno 103] Software caused connection abort'))
HTTPSConnectionPool(host='raw.githubusercontent.com', port=443): Max retries exceeded with url: /Zaeem20/FREE_PROXY_LIST/master/socks5.txt (Caused by NewConnectionError('<urllib3.connection.HTTPSConnection object at 0x780a0d9b90>: Failed to establish a new connection: [Errno 101] Network is unreachable'))
HTTPSConnectionPool(host='raw.githubusercontent.com', port=443): Max retries exceeded with url: /mmpx12/proxy-list/master/http.txt (Caused by NewConnectionError('<urllib3.connection.HTTPSConnection object at 0x78063185d0>: Failed to establish a new connection: [Errno 101] Network is unreachable'))
HTTPSConnectionPool(host='spys.me', port=443): Max retries exceeded with url: /socks.txt (Caused by NewConnectionError('<urllib3.connection.HTTPSConnection object at 0x78011f02d0>: Failed to establish a new connection: [Errno 101] Network is unreachable'))
HTTPSConnectionPool(host='raw.githubusercontent.com', port=443): Max retries exceeded with url: /mmpx12/proxy-list/master/https.txt (Caused by NewConnectionError('<urllib3.connection.HTTPSConnection object at 0x78011f2290>: Failed to establish a new connection: [Errno 101] Network is unreachable'))
HTTPSConnectionPool(host='www.freeproxychecker.com', port=443): Max retries exceeded with url: /result/socks5_proxies.txt (Caused by NewConnectionError('<urllib3.connection.HTTPSConnection object at 0x78011742d0>: Failed to establish a new connection: [Errno 101] Network is unreachable'))
HTTPSConnectionPool(host='raw.githubusercontent.com', port=443): Max retries exceeded with url: /roosterkid/openproxylist/main/HTTPS_RAW.txt (Caused by NewConnectionError('<urllib3.connection.HTTPSConnection object at 0x7809c90dd0>: Failed to establish a new connection: [Errno 101] Network is unreachable'))
HTTPSConnectionPool(host='www.proxy-list.download', port=443): Max retries exceeded with url: /api/v1/get?type=socks5 (Caused by NewConnectionError('<urllib3.connection.HTTPSConnection object at 0x780631a0d0>: Failed to establish a new connection: [Errno 101] Network is unreachable'))
HTTPSConnectionPool(host='raw.githubusercontent.com', port=443): Max retries exceeded with url: /RX4096/proxy-list/main/online/http.txt (Caused by NewConnectionError('<urllib3.connection.HTTPSConnection object at 0x78011f2790>: Failed to establish a new connection: [Errno 101] Network is unreachable'))
HTTPSConnectionPool(host='www.proxyscan.io', port=443): Max retries exceeded with url: /download?type=socks5 (Caused by NewConnectionError('<urllib3.connection.HTTPSConnection object at 0x78011f0850>: Failed to establish a new connection: [Errno 101] Network is unreachable'))
HTTPSConnectionPool(host='raw.githubusercontent.com', port=443): Max retries exceeded with url: /RX4096/proxy-list/main/online/https.txt (Caused by NewConnectionError('<urllib3.connection.HTTPSConnection object at 0x7806325650>: Failed to establish a new connection: [Errno 101] Network is unreachable'))
HTTPSConnectionPool(host='raw.githubusercontent.com', port=443): Max retries exceeded with url: /saisuiu/uiu/main/free.txt (Caused by NewConnectionError('<urllib3.connection.HTTPSConnection object at 0x7806330e50>: Failed to establish a new connection: [Errno 101] Network is unreachable'))
HTTPSConnectionPool(host='raw.githubusercontent.com', port=443): Max retries exceeded with url: /saschazesiger/Free-Proxies/master/proxies/http.txt (Caused by NewConnectionError('<urllib3.connection.HTTPSConnection object at 0x7801176090>: Failed to establish a new connection: [Errno 101] Network is unreachable'))
HTTPSConnectionPool(host='raw.githubusercontent.com', port=443): Max retries exceeded with url: /ShiftyTR/Proxy-List/master/http.txt (Caused by NewConnectionError('<urllib3.connection.HTTPSConnection object at 0x7806331910>: Failed to establish a new connection: [Errno 101] Network is unreachable'))
HTTPSConnectionPool(host='raw.githubusercontent.com', port=443): Max retries exceeded with url: /ShiftyTR/Proxy-List/master/https.txt (Caused by NewConnectionError('<urllib3.connection.HTTPSConnection object at 0x7806326a50>: Failed to establish a new connection: [Errno 101] Network is unreachable'))
HTTPSConnectionPool(host='raw.githubusercontent.com', port=443): Max retries exceeded with url: /sunny9577/proxy-scraper/master/proxies.txt (Caused by NewConnectionError('<urllib3.connection.HTTPSConnection object at 0x7806326d10>: Failed to establish a new connection: [Errno 101] Network is unreachable'))
HTTPSConnectionPool(host='raw.githubusercontent.com', port=443): Max retries exceeded with url: /TheSpeedX/PROXY-List/master/http.txt (Caused by NewConnectionError('<urllib3.connection.HTTPSConnection object at 0x7801cccbd0>: Failed to establish a new connection: [Errno 101] Network is unreachable'))
HTTPSConnectionPool(host='raw.githubusercontent.com', port=443): Max retries exceeded with url: /yemixzy/proxy-list/main/proxy-list/data.txt (Caused by NameResolutionError("<urllib3.connection.HTTPSConnection object at 0x78064ff110>: Failed to resolve 'raw.githubusercontent.com' ([Errno 7] No address associated with hostname)"))
HTTPSConnectionPool(host='raw.githubusercontent.com', port=443): Max retries exceeded with url: /Zaeem20/FREE_PROXY_LIST/master/http.txt (Caused by NameResolutionError("<urllib3.connection.HTTPSConnection object at 0x7809ca4a90>: Failed to resolve 'raw.githubusercontent.com' ([Errno 7] No address associated with hostname)"))
HTTPSConnectionPool(host='raw.githubusercontent.com', port=443): Max retries exceeded with url: /Zaeem20/FREE_PROXY_LIST/master/https.txt (Caused by NameResolutionError("<urllib3.connection.HTTPSConnection object at 0x78063468d0>: Failed to resolve 'raw.githubusercontent.com' ([Errno 7] No address associated with hostname)"))
HTTPSConnectionPool(host='rootjazz.com', port=443): Max retries exceeded with url: /proxies/proxies.txt (Caused by NameResolutionError("<urllib3.connection.HTTPSConnection object at 0x7809ca5bd0>: Failed to resolve 'rootjazz.com' ([Errno 7] No address associated with hostname)"))
HTTPSConnectionPool(host='sheesh.rip', port=443): Max retries exceeded with url: /http.txt (Caused by NameResolutionError("<urllib3.connection.HTTPSConnection object at 0x78064fecd0>: Failed to resolve 'sheesh.rip' ([Errno 7] No address associated with hostname)"))
HTTPSConnectionPool(host='spys.me', port=443): Max retries exceeded with url: /proxy.txt (Caused by NameResolutionError("<urllib3.connection.HTTPSConnection object at 0x7801ccc490>: Failed to resolve 'spys.me' ([Errno 7] No address associated with hostname)"))
HTTPSConnectionPool(host='www.freeproxychecker.com', port=443): Max retries exceeded with url: /result/http_proxies.txt (Caused by NameResolutionError("<urllib3.connection.HTTPSConnection object at 0x7806324610>: Failed to resolve 'www.freeproxychecker.com' ([Errno 7] No address associated with hostname)"))
HTTPSConnectionPool(host='www.proxy-list.download', port=443): Max retries exceeded with url: /api/v1/get?type=http (Caused by NameResolutionError("<urllib3.connection.HTTPSConnection object at 0x7806327b90>: Failed to resolve 'www.proxy-list.download' ([Errno 7] No address associated with hostname)"))
HTTPSConnectionPool(host='www.proxy-list.download', port=443): Max retries exceeded with url: /api/v1/get?type=https (Caused by NameResolutionError("<urllib3.connection.HTTPSConnection object at 0x7806330150>: Failed to resolve 'www.proxy-list.download' ([Errno 7] No address associated with hostname)"))
HTTPSConnectionPool(host='www.proxyscan.io', port=443): Max retries exceeded with url: /download?type=http (Caused by NameResolutionError("<urllib3.connection.HTTPSConnection object at 0x7806330150>: Failed to resolve 'www.proxyscan.io' ([Errno 7] No address associated with hostname)"))
HTTPSConnectionPool(host='raw.githubusercontent.com', port=443): Max retries exceeded with url: /B4RC0DE-TM/proxy-list/main/SOCKS5.txt (Caused by ConnectTimeoutError(<urllib3.connection.HTTPSConnection object at 0x73ba32a750>, 'Connection to raw.githubusercontent.com timed out. (connect timeout=15)'))
HTTPSConnectionPool(host='raw.githubusercontent.com', port=443): Max retries exceeded with url: /B4RC0DE-TM/proxy-list/main/SOCKS4.txt (Caused by ConnectTimeoutError(<urllib3.connection.HTTPSConnection object at 0x73b71c3350>, 'Connection to raw.githubusercontent.com timed out. (connect timeout=15)'))
HTTPSConnectionPool(host='raw.githubusercontent.com', port=443): Max retries exceeded with url: /almroot/proxylist/master/list.txt (Caused by ConnectTimeoutError(<urllib3.connection.HTTPSConnection object at 0x73b3a57a10>, 'Connection to raw.githubusercontent.com timed out. (connect timeout=15)'))
HTTPSConnectionPool(host='raw.githubusercontent.com', port=443): Max retries exceeded with url: /hanwayTech/free-proxy-list/main/socks5.txt (Caused by ConnectTimeoutError(<urllib3.connection.HTTPSConnection object at 0x73b3a69bd0>, 'Connection to raw.githubusercontent.com timed out. (connect timeout=15)'))
HTTPSConnectionPool(host='raw.githubusercontent.com', port=443): Max retries exceeded with url: /hanwayTech/free-proxy-list/main/socks4.txt (Caused by ConnectTimeoutError(<urllib3.connection.HTTPSConnection object at 0x73b3a6b790>, 'Connection to raw.githubusercontent.com timed out. (connect timeout=15)'))
HTTPSConnectionPool(host='raw.githubusercontent.com', port=443): Max retries exceeded with url: /aslisk/proxyhttps/main/https.txt (Caused by ConnectTimeoutError(<urllib3.connection.HTTPSConnection object at 0x73b3a615d0>, 'Connection to raw.githubusercontent.com timed out. (connect timeout=15)'))
HTTPSConnectionPool(host='raw.githubusercontent.com', port=443): Max retries exceeded with url: /hookzof/socks5_list/master/proxy.txt (Caused by ConnectTimeoutError(<urllib3.connection.HTTPSConnection object at 0x73b3a63650>, 'Connection to raw.githubusercontent.com timed out. (connect timeout=15)'))
HTTPSConnectionPool(host='raw.githubusercontent.com', port=443): Max retries exceeded with url: /HyperBeats/proxy-list/main/socks4.txt (Caused by ConnectTimeoutError(<urllib3.connection.HTTPSConnection object at 0x73b71ce010>, 'Connection to raw.githubusercontent.com timed out. (connect timeout=15)'))
HTTPSConnectionPool(host='raw.githubusercontent.com', port=443): Max retries exceeded with url: /B4RC0DE-TM/proxy-list/main/HTTP.txt (Caused by ConnectTimeoutError(<urllib3.connection.HTTPSConnection object at 0x73b71c1350>, 'Connection to raw.githubusercontent.com timed out. (connect timeout=15)'))
HTTPSConnectionPool(host='raw.githubusercontent.com', port=443): Max retries exceeded with url: /HyperBeats/proxy-list/main/socks5.txt (Caused by ConnectTimeoutError(<urllib3.connection.HTTPSConnection object at 0x73ba32bf90>, 'Connection to raw.githubusercontent.com timed out. (connect timeout=15)'))
HTTPSConnectionPool(host='raw.githubusercontent.com', port=443): Max retries exceeded with url: /jetkai/proxy-list/main/online-proxies/txt/proxies-socks4.txt (Caused by ConnectTimeoutError(<urllib3.connection.HTTPSConnection object at 0x73b3a69990>, 'Connection to raw.githubusercontent.com timed out. (connect timeout=15)'))
HTTPSConnectionPool(host='raw.githubusercontent.com', port=443): Max retries exceeded with url: /clarketm/proxy-list/master/proxy-list-raw.txt (Caused by ConnectTimeoutError(<urllib3.connection.HTTPSConnection object at 0x73b3a55650>, 'Connection to raw.githubusercontent.com timed out. (connect timeout=15)'))
HTTPSConnectionPool(host='raw.githubusercontent.com', port=443): Max retries exceeded with url: /jetkai/proxy-list/main/online-proxies/txt/proxies-socks5.txt (Caused by ConnectTimeoutError(<urllib3.connection.HTTPSConnection object at 0x73b3a51bd0>, 'Connection to raw.githubusercontent.com timed out. (connect timeout=15)'))
HTTPSConnectionPool(host='raw.githubusercontent.com', port=443): Max retries exceeded with url: /mmpx12/proxy-list/master/socks4.txt (Caused by ConnectTimeoutError(<urllib3.connection.HTTPSConnection object at 0x73ba3285d0>, 'Connection to raw.githubusercontent.com timed out. (connect timeout=15)'))
HTTPSConnectionPool(host='raw.githubusercontent.com', port=443): Max retries exceeded with url: /hanwayTech/free-proxy-list/main/http.txt (Caused by ConnectTimeoutError(<urllib3.connection.HTTPSConnection object at 0x73b71c3490>, 'Connection to raw.githubusercontent.com timed out. (connect timeout=15)'))
HTTPSConnectionPool(host='raw.githubusercontent.com', port=443): Max retries exceeded with url: /manuGMG/proxy-365/main/SOCKS5.txt (Caused by ConnectTimeoutError(<urllib3.connection.HTTPSConnection object at 0x73b3a68ad0>, 'Connection to raw.githubusercontent.com timed out. (connect timeout=15)'))
HTTPSConnectionPool(host='raw.githubusercontent.com', port=443): Max retries exceeded with url: /roosterkid/openproxylist/main/SOCKS4_RAW.txt (Caused by ConnectTimeoutError(<urllib3.connection.HTTPSConnection object at 0x73b3a62310>, 'Connection to raw.githubusercontent.com timed out. (connect timeout=15)'))
HTTPSConnectionPool(host='raw.githubusercontent.com', port=443): Max retries exceeded with url: /hanwayTech/free-proxy-list/main/https.txt (Caused by ConnectTimeoutError(<urllib3.connection.HTTPSConnection object at 0x73b3a6bd90>, 'Connection to raw.githubusercontent.com timed out. (connect timeout=15)'))
HTTPSConnectionPool(host='raw.githubusercontent.com', port=443): Max retries exceeded with url: /mmpx12/proxy-list/master/socks5.txt (Caused by ConnectTimeoutError(<urllib3.connection.HTTPSConnection object at 0x73b3a61810>, 'Connection to raw.githubusercontent.com timed out. (connect timeout=15)'))
HTTPSConnectionPool(host='raw.githubusercontent.com', port=443): Max retries exceeded with url: /hendrikbgr/Free-Proxy-Repo/master/proxy_list.txt (Caused by ConnectTimeoutError(<urllib3.connection.HTTPSConnection object at 0x73b71cf390>, 'Connection to raw.githubusercontent.com timed out. (connect timeout=15)'))
HTTPSConnectionPool(host='raw.githubusercontent.com', port=443): Max retries exceeded with url: /saschazesiger/Free-Proxies/master/proxies/socks4.txt (Caused by ConnectTimeoutError(<urllib3.connection.HTTPSConnection object at 0x73b3a619d0>, 'Connection to raw.githubusercontent.com timed out. (connect timeout=15)'))
HTTPSConnectionPool(host='raw.githubusercontent.com', port=443): Max retries exceeded with url: /roosterkid/openproxylist/main/SOCKS5_RAW.txt (Caused by ConnectTimeoutError(<urllib3.connection.HTTPSConnection object at 0x73b71de7d0>, 'Connection to raw.githubusercontent.com timed out. (connect timeout=15)'))
HTTPSConnectionPool(host='raw.githubusercontent.com', port=443): Max retries exceeded with url: /HyperBeats/proxy-list/main/http.txt (Caused by ConnectTimeoutError(<urllib3.connection.HTTPSConnection object at 0x73b3a6b110>, 'Connection to raw.githubusercontent.com timed out. (connect timeout=15)'))
HTTPSConnectionPool(host='raw.githubusercontent.com', port=443): Max retries exceeded with url: /ShiftyTR/Proxy-List/master/socks4.txt (Caused by ConnectTimeoutError(<urllib3.connection.HTTPSConnection object at 0x73b3a57690>, 'Connection to raw.githubusercontent.com timed out. (connect timeout=15)'))
HTTPSConnectionPool(host='raw.githubusercontent.com', port=443): Max retries exceeded with url: /saschazesiger/Free-Proxies/master/proxies/socks5.txt (Caused by ConnectTimeoutError(<urllib3.connection.HTTPSConnection object at 0x73ba32a950>, 'Connection to raw.githubusercontent.com timed out. (connect timeout=15)'))
HTTPSConnectionPool(host='raw.githubusercontent.com', port=443): Max retries exceeded with url: /TheSpeedX/PROXY-List/master/socks4.txt (Caused by ConnectTimeoutError(<urllib3.connection.HTTPSConnection object at 0x73b71c17d0>, 'Connection to raw.githubusercontent.com timed out. (connect timeout=15)'))
HTTPSConnectionPool(host='raw.githubusercontent.com', port=443): Max retries exceeded with url: /jetkai/proxy-list/main/online-proxies/txt/proxies-http.txt (Caused by ConnectTimeoutError(<urllib3.connection.HTTPSConnection object at 0x73b3a52b10>, 'Connection to raw.githubusercontent.com timed out. (connect timeout=15)'))
HTTPSConnectionPool(host='raw.githubusercontent.com', port=443): Max retries exceeded with url: /ShiftyTR/Proxy-List/master/socks5.txt (Caused by ConnectTimeoutError(<urllib3.connection.HTTPSConnection object at 0x73b71eda50>, 'Connection to raw.githubusercontent.com timed out. (connect timeout=15)'))
HTTPSConnectionPool(host='raw.githubusercontent.com', port=443): Max retries exceeded with url: /Zaeem20/FREE_PROXY_LIST/master/socks4.txt (Caused by ConnectTimeoutError(<urllib3.connection.HTTPSConnection object at 0x73b3a68b90>, 'Connection to raw.githubusercontent.com timed out. (connect timeout=15)'))
HTTPSConnectionPool(host='raw.githubusercontent.com', port=443): Max retries exceeded with url: /jetkai/proxy-list/main/online-proxies/txt/proxies-https.txt (Caused by ConnectTimeoutError(<urllib3.connection.HTTPSConnection object at 0x73b3a611d0>, 'Connection to raw.githubusercontent.com timed out. (connect timeout=15)'))
('Connection aborted.', RemoteDisconnected('Remote end closed connection without response'))
HTTPSConnectionPool(host='raw.githubusercontent.com', port=443): Max retries exceeded with url: /mertguvencli/http-proxy-list/main/proxy-list/data.txt (Caused by NewConnectionError('<urllib3.connection.HTTPSConnection object at 0x73b3a61c90>: Failed to establish a new connection: [Errno 103] Software caused connection abort'))
HTTPSConnectionPool(host='raw.githubusercontent.com', port=443): Max retries exceeded with url: /TheSpeedX/PROXY-List/master/socks5.txt (Caused by NewConnectionError('<urllib3.connection.HTTPSConnection object at 0x73b3a61a50>: Failed to establish a new connection: [Errno 103] Software caused connection abort'))
HTTPSConnectionPool(host='raw.githubusercontent.com', port=443): Max retries exceeded with url: /mmpx12/proxy-list/master/http.txt (Caused by NewConnectionError('<urllib3.connection.HTTPSConnection object at 0x73b3a558d0>: Failed to establish a new connection: [Errno 101] Network is unreachable'))
HTTPSConnectionPool(host='raw.githubusercontent.com', port=443): Max retries exceeded with url: /mmpx12/proxy-list/master/https.txt (Caused by NewConnectionError('<urllib3.connection.HTTPSConnection object at 0x73b3a68bd0>: Failed to establish a new connection: [Errno 101] Network is unreachable'))
HTTPSConnectionPool(host='raw.githubusercontent.com', port=443): Max retries exceeded with url: /Zaeem20/FREE_PROXY_LIST/master/socks5.txt (Caused by NewConnectionError('<urllib3.connection.HTTPSConnection object at 0x73b3a6a590>: Failed to establish a new connection: [Errno 101] Network is unreachable'))
HTTPSConnectionPool(host='raw.githubusercontent.com', port=443): Max retries exceeded with url: /roosterkid/openproxylist/main/HTTPS_RAW.txt (Caused by NewConnectionError('<urllib3.connection.HTTPSConnection object at 0x73b71c1e50>: Failed to establish a new connection: [Errno 101] Network is unreachable'))
HTTPSConnectionPool(host='raw.githubusercontent.com', port=443): Max retries exceeded with url: /RX4096/proxy-list/main/online/http.txt (Caused by NewConnectionError('<urllib3.connection.HTTPSConnection object at 0x73b1fd88d0>: Failed to establish a new connection: [Errno 101] Network is unreachable'))
HTTPSConnectionPool(host='spys.me', port=443): Max retries exceeded with url: /socks.txt (Caused by NewConnectionError('<urllib3.connection.HTTPSConnection object at 0x73b3a6b350>: Failed to establish a new connection: [Errno 101] Network is unreachable'))
HTTPSConnectionPool(host='raw.githubusercontent.com', port=443): Max retries exceeded with url: /RX4096/proxy-list/main/online/https.txt (Caused by NewConnectionError('<urllib3.connection.HTTPSConnection object at 0x73b3a6a610>: Failed to establish a new connection: [Errno 101] Network is unreachable'))
HTTPSConnectionPool(host='www.freeproxychecker.com', port=443): Max retries exceeded with url: /result/socks5_proxies.txt (Caused by NewConnectionError('<urllib3.connection.HTTPSConnection object at 0x73b3a55890>: Failed to establish a new connection: [Errno 101] Network is unreachable'))
HTTPSConnectionPool(host='raw.githubusercontent.com', port=443): Max retries exceeded with url: /saisuiu/uiu/main/free.txt (Caused by NewConnectionError('<urllib3.connection.HTTPSConnection object at 0x73b71df350>: Failed to establish a new connection: [Errno 101] Network is unreachable'))
HTTPSConnectionPool(host='www.proxy-list.download', port=443): Max retries exceeded with url: /api/v1/get?type=socks5 (Caused by NewConnectionError('<urllib3.connection.HTTPSConnection object at 0x73b71e8990>: Failed to establish a new connection: [Errno 101] Network is unreachable'))
HTTPSConnectionPool(host='raw.githubusercontent.com', port=443): Max retries exceeded with url: /saschazesiger/Free-Proxies/master/proxies/http.txt (Caused by NewConnectionError('<urllib3.connection.HTTPSConnection object at 0x73ba32a450>: Failed to establish a new connection: [Errno 101] Network is unreachable'))
HTTPSConnectionPool(host='www.proxyscan.io', port=443): Max retries exceeded with url: /download?type=socks5 (Caused by NewConnectionError('<urllib3.connection.HTTPSConnection object at 0x73b71dcbd0>: Failed to establish a new connection: [Errno 101] Network is unreachable'))
HTTPSConnectionPool(host='raw.githubusercontent.com', port=443): Max retries exceeded with url: /ShiftyTR/Proxy-List/master/http.txt (Caused by NewConnectionError('<urllib3.connection.HTTPSConnection object at 0x73b3a55650>: Failed to establish a new connection: [Errno 101] Network is unreachable'))
HTTPSConnectionPool(host='raw.githubusercontent.com', port=443): Max retries exceeded with url: /ShiftyTR/Proxy-List/master/https.txt (Caused by NameResolutionError("<urllib3.connection.HTTPSConnection object at 0x73b71c3850>: Failed to resolve 'raw.githubusercontent.com' ([Errno 7] No address associated with hostname)"))
HTTPSConnectionPool(host='raw.githubusercontent.com', port=443): Max retries exceeded with url: /sunny9577/proxy-scraper/master/proxies.txt (Caused by NameResolutionError("<urllib3.connection.HTTPSConnection object at 0x73b71e8510>: Failed to resolve 'raw.githubusercontent.com' ([Errno 7] No address associated with hostname)"))
HTTPSConnectionPool(host='raw.githubusercontent.com', port=443): Max retries exceeded with url: /TheSpeedX/PROXY-List/master/http.txt (Caused by NameResolutionError("<urllib3.connection.HTTPSConnection object at 0x73b3a69c10>: Failed to resolve 'raw.githubusercontent.com' ([Errno 7] No address associated with hostname)"))
HTTPSConnectionPool(host='raw.githubusercontent.com', port=443): Max retries exceeded with url: /yemixzy/proxy-list/main/proxy-list/data.txt (Caused by NameResolutionError("<urllib3.connection.HTTPSConnection object at 0x73b3a6b550>: Failed to resolve 'raw.githubusercontent.com' ([Errno 7] No address associated with hostname)"))
HTTPSConnectionPool(host='raw.githubusercontent.com', port=443): Max retries exceeded with url: /Zaeem20/FREE_PROXY_LIST/master/http.txt (Caused by NameResolutionError("<urllib3.connection.HTTPSConnection object at 0x73b71ed1d0>: Failed to resolve 'raw.githubusercontent.com' ([Errno 7] No address associated with hostname)"))
HTTPSConnectionPool(host='raw.githubusercontent.com', port=443): Max retries exceeded with url: /Zaeem20/FREE_PROXY_LIST/master/https.txt (Caused by NameResolutionError("<urllib3.connection.HTTPSConnection object at 0x73b3a68d10>: Failed to resolve 'raw.githubusercontent.com' ([Errno 7] No address associated with hostname)"))
HTTPSConnectionPool(host='rootjazz.com', port=443): Max retries exceeded with url: /proxies/proxies.txt (Caused by NameResolutionError("<urllib3.connection.HTTPSConnection object at 0x73b3a69710>: Failed to resolve 'rootjazz.com' ([Errno 7] No address associated with hostname)"))
HTTPSConnectionPool(host='sheesh.rip', port=443): Max retries exceeded with url: /http.txt (Caused by NameResolutionError("<urllib3.connection.HTTPSConnection object at 0x73ba348e10>: Failed to resolve 'sheesh.rip' ([Errno 7] No address associated with hostname)"))
HTTPSConnectionPool(host='spys.me', port=443): Max retries exceeded with url: /proxy.txt (Caused by NameResolutionError("<urllib3.connection.HTTPSConnection object at 0x73b71ccbd0>: Failed to resolve 'spys.me' ([Errno 7] No address associated with hostname)"))
HTTPSConnectionPool(host='www.freeproxychecker.com', port=443): Max retries exceeded with url: /result/http_proxies.txt (Caused by NameResolutionError("<urllib3.connection.HTTPSConnection object at 0x73b71c3350>: Failed to resolve 'www.freeproxychecker.com' ([Errno 7] No address associated with hostname)"))
HTTPSConnectionPool(host='www.proxy-list.download', port=443): Max retries exceeded with url: /api/v1/get?type=http (Caused by NameResolutionError("<urllib3.connection.HTTPSConnection object at 0x73b3a55750>: Failed to resolve 'www.proxy-list.download' ([Errno 7] No address associated with hostname)"))
HTTPSConnectionPool(host='www.proxy-list.download', port=443): Max retries exceeded with url: /api/v1/get?type=https (Caused by NameResolutionError("<urllib3.connection.HTTPSConnection object at 0x73b73a7c10>: Failed to resolve 'www.proxy-list.download' ([Errno 7] No address associated with hostname)"))
HTTPSConnectionPool(host='www.proxyscan.io', port=443): Max retries exceeded with url: /download?type=http (Caused by NameResolutionError("<urllib3.connection.HTTPSConnection object at 0x73b71c3b10>: Failed to resolve 'www.proxyscan.io' ([Errno 7] No address associated with hostname)"))
HTTPSConnectionPool(host='raw.githubusercontent.com', port=443): Max retries exceeded with url: /B4RC0DE-TM/proxy-list/main/SOCKS5.txt (Caused by ConnectTimeoutError(<urllib3.connection.HTTPSConnection object at 0x71bac805d0>, 'Connection to raw.githubusercontent.com timed out. (connect timeout=15)'))
HTTPSConnectionPool(host='raw.githubusercontent.com', port=443): Max retries exceeded with url: /B4RC0DE-TM/proxy-list/main/SOCKS4.txt (Caused by ConnectTimeoutError(<urllib3.connection.HTTPSConnection object at 0x71c425ff90>, 'Connection to raw.githubusercontent.com timed out. (connect timeout=15)'))
HTTPSConnectionPool(host='raw.githubusercontent.com', port=443): Max retries exceeded with url: /almroot/proxylist/master/list.txt (Caused by ConnectTimeoutError(<urllib3.connection.HTTPSConnection object at 0x71bf30e410>, 'Connection to raw.githubusercontent.com timed out. (connect timeout=15)'))
HTTPSConnectionPool(host='raw.githubusercontent.com', port=443): Max retries exceeded with url: /hanwayTech/free-proxy-list/main/socks5.txt (Caused by ConnectTimeoutError(<urllib3.connection.HTTPSConnection object at 0x71bf3347d0>, 'Connection to raw.githubusercontent.com timed out. (connect timeout=15)'))
HTTPSConnectionPool(host='raw.githubusercontent.com', port=443): Max retries exceeded with url: /hanwayTech/free-proxy-list/main/socks4.txt (Caused by ConnectTimeoutError(<urllib3.connection.HTTPSConnection object at 0x71bac82050>, 'Connection to raw.githubusercontent.com timed out. (connect timeout=15)'))
HTTPSConnectionPool(host='raw.githubusercontent.com', port=443): Max retries exceeded with url: /aslisk/proxyhttps/main/https.txt (Caused by ConnectTimeoutError(<urllib3.connection.HTTPSConnection object at 0x71ba1744d0>, 'Connection to raw.githubusercontent.com timed out. (connect timeout=15)'))
HTTPSConnectionPool(host='raw.githubusercontent.com', port=443): Max retries exceeded with url: /hookzof/socks5_list/master/proxy.txt (Caused by ConnectTimeoutError(<urllib3.connection.HTTPSConnection object at 0x71ba176690>, 'Connection to raw.githubusercontent.com timed out. (connect timeout=15)'))
HTTPSConnectionPool(host='raw.githubusercontent.com', port=443): Max retries exceeded with url: /HyperBeats/proxy-list/main/socks4.txt (Caused by ConnectTimeoutError(<urllib3.connection.HTTPSConnection object at 0x71c426cd50>, 'Connection to raw.githubusercontent.com timed out. (connect timeout=15)'))
HTTPSConnectionPool(host='raw.githubusercontent.com', port=443): Max retries exceeded with url: /B4RC0DE-TM/proxy-list/main/HTTP.txt (Caused by ConnectTimeoutError(<urllib3.connection.HTTPSConnection object at 0x71bf349050>, 'Connection to raw.githubusercontent.com timed out. (connect timeout=15)'))
HTTPSConnectionPool(host='raw.githubusercontent.com', port=443): Max retries exceeded with url: /HyperBeats/proxy-list/main/socks5.txt (Caused by ConnectTimeoutError(<urllib3.connection.HTTPSConnection object at 0x71bf32a9d0>, 'Connection to raw.githubusercontent.com timed out. (connect timeout=15)'))
HTTPSConnectionPool(host='raw.githubusercontent.com', port=443): Max retries exceeded with url: /jetkai/proxy-list/main/online-proxies/txt/proxies-socks4.txt (Caused by ConnectTimeoutError(<urllib3.connection.HTTPSConnection object at 0x71ba176ad0>, 'Connection to raw.githubusercontent.com timed out. (connect timeout=15)'))
HTTPSConnectionPool(host='raw.githubusercontent.com', port=443): Max retries exceeded with url: /clarketm/proxy-list/master/proxy-list-raw.txt (Caused by ConnectTimeoutError(<urllib3.connection.HTTPSConnection object at 0x71ba17c9d0>, 'Connection to raw.githubusercontent.com timed out. (connect timeout=15)'))
HTTPSConnectionPool(host='raw.githubusercontent.com', port=443): Max retries exceeded with url: /jetkai/proxy-list/main/online-proxies/txt/proxies-socks5.txt (Caused by ConnectTimeoutError(<urllib3.connection.HTTPSConnection object at 0x71ba17ea50>, 'Connection to raw.githubusercontent.com timed out. (connect timeout=15)'))
HTTPSConnectionPool(host='raw.githubusercontent.com', port=443): Max retries exceeded with url: /mmpx12/proxy-list/master/socks4.txt (Caused by ConnectTimeoutError(<urllib3.connection.HTTPSConnection object at 0x71bf348250>, 'Connection to raw.githubusercontent.com timed out. (connect timeout=15)'))
HTTPSConnectionPool(host='raw.githubusercontent.com', port=443): Max retries exceeded with url: /hanwayTech/free-proxy-list/main/http.txt (Caused by ConnectTimeoutError(<urllib3.connection.HTTPSConnection object at 0x71bac80090>, 'Connection to raw.githubusercontent.com timed out. (connect timeout=15)'))
HTTPSConnectionPool(host='raw.githubusercontent.com', port=443): Max retries exceeded with url: /manuGMG/proxy-365/main/SOCKS5.txt (Caused by ConnectTimeoutError(<urllib3.connection.HTTPSConnection object at 0x71ba175810>, 'Connection to raw.githubusercontent.com timed out. (connect timeout=15)'))
HTTPSConnectionPool(host='raw.githubusercontent.com', port=443): Max retries exceeded with url: /roosterkid/openproxylist/main/SOCKS4_RAW.txt (Caused by ConnectTimeoutError(<urllib3.connection.HTTPSConnection object at 0x71bac0c050>, 'Connection to raw.githubusercontent.com timed out. (connect timeout=15)'))
HTTPSConnectionPool(host='raw.githubusercontent.com', port=443): Max retries exceeded with url: /hanwayTech/free-proxy-list/main/https.txt (Caused by ConnectTimeoutError(<urllib3.connection.HTTPSConnection object at 0x71ba17eed0>, 'Connection to raw.githubusercontent.com timed out. (connect timeout=15)'))
HTTPSConnectionPool(host='raw.githubusercontent.com', port=443): Max retries exceeded with url: /mmpx12/proxy-list/master/socks5.txt (Caused by ConnectTimeoutError(<urllib3.connection.HTTPSConnection object at 0x71bac10f90>, 'Connection to raw.githubusercontent.com timed out. (connect timeout=15)'))
HTTPSConnectionPool(host='raw.githubusercontent.com', port=443): Max retries exceeded with url: /saschazesiger/Free-Proxies/master/proxies/socks4.txt (Caused by ConnectTimeoutError(<urllib3.connection.HTTPSConnection object at 0x71bac822d0>, 'Connection to raw.githubusercontent.com timed out. (connect timeout=15)'))
HTTPSConnectionPool(host='raw.githubusercontent.com', port=443): Max retries exceeded with url: /hendrikbgr/Free-Proxy-Repo/master/proxy_list.txt (Caused by ConnectTimeoutError(<urllib3.connection.HTTPSConnection object at 0x71bf30de50>, 'Connection to raw.githubusercontent.com timed out. (connect timeout=15)'))
HTTPSConnectionPool(host='raw.githubusercontent.com', port=443): Max retries exceeded with url: /roosterkid/openproxylist/main/SOCKS5_RAW.txt (Caused by ConnectTimeoutError(<urllib3.connection.HTTPSConnection object at 0x71ba17da90>, 'Connection to raw.githubusercontent.com timed out. (connect timeout=15)'))
HTTPSConnectionPool(host='raw.githubusercontent.com', port=443): Max retries exceeded with url: /ShiftyTR/Proxy-List/master/socks4.txt (Caused by ConnectTimeoutError(<urllib3.connection.HTTPSConnection object at 0x71ba1762d0>, 'Connection to raw.githubusercontent.com timed out. (connect timeout=15)'))
HTTPSConnectionPool(host='raw.githubusercontent.com', port=443): Max retries exceeded with url: /HyperBeats/proxy-list/main/http.txt (Caused by ConnectTimeoutError(<urllib3.connection.HTTPSConnection object at 0x71bf3481d0>, 'Connection to raw.githubusercontent.com timed out. (connect timeout=15)'))
HTTPSConnectionPool(host='raw.githubusercontent.com', port=443): Max retries exceeded with url: /saschazesiger/Free-Proxies/master/proxies/socks5.txt (Caused by ConnectTimeoutError(<urllib3.connection.HTTPSConnection object at 0x71bac11290>, 'Connection to raw.githubusercontent.com timed out. (connect timeout=15)'))
HTTPSConnectionPool(host='raw.githubusercontent.com', port=443): Max retries exceeded with url: /TheSpeedX/PROXY-List/master/socks4.txt (Caused by ConnectTimeoutError(<urllib3.connection.HTTPSConnection object at 0x71c425ef50>, 'Connection to raw.githubusercontent.com timed out. (connect timeout=15)'))
HTTPSConnectionPool(host='raw.githubusercontent.com', port=443): Max retries exceeded with url: /jetkai/proxy-list/main/online-proxies/txt/proxies-http.txt (Caused by ConnectTimeoutError(<urllib3.connection.HTTPSConnection object at 0x71c426d090>, 'Connection to raw.githubusercontent.com timed out. (connect timeout=15)'))
HTTPSConnectionPool(host='raw.githubusercontent.com', port=443): Max retries exceeded with url: /ShiftyTR/Proxy-List/master/socks5.txt (Caused by ConnectTimeoutError(<urllib3.connection.HTTPSConnection object at 0x71ba17e390>, 'Connection to raw.githubusercontent.com timed out. (connect timeout=15)'))
HTTPSConnectionPool(host='raw.githubusercontent.com', port=443): Max retries exceeded with url: /Zaeem20/FREE_PROXY_LIST/master/socks4.txt (Caused by ConnectTimeoutError(<urllib3.connection.HTTPSConnection object at 0x71bac80110>, 'Connection to raw.githubusercontent.com timed out. (connect timeout=15)'))
HTTPSConnectionPool(host='raw.githubusercontent.com', port=443): Max retries exceeded with url: /jetkai/proxy-list/main/online-proxies/txt/proxies-https.txt (Caused by ConnectTimeoutError(<urllib3.connection.HTTPSConnection object at 0x71ba1775d0>, 'Connection to raw.githubusercontent.com timed out. (connect timeout=15)'))
HTTPSConnectionPool(host='raw.githubusercontent.com', port=443): Max retries exceeded with url: /TheSpeedX/PROXY-List/master/socks5.txt (Caused by ConnectTimeoutError(<urllib3.connection.HTTPSConnection object at 0x71bac11490>, 'Connection to raw.githubusercontent.com timed out. (connect timeout=15)'))
HTTPSConnectionPool(host='raw.githubusercontent.com', port=443): Max retries exceeded with url: /mertguvencli/http-proxy-list/main/proxy-list/data.txt (Caused by ConnectTimeoutError(<urllib3.connection.HTTPSConnection object at 0x71ba17e7d0>, 'Connection to raw.githubusercontent.com timed out. (connect timeout=15)'))
HTTPSConnectionPool(host='raw.githubusercontent.com', port=443): Max retries exceeded with url: /Zaeem20/FREE_PROXY_LIST/master/socks5.txt (Caused by ConnectTimeoutError(<urllib3.connection.HTTPSConnection object at 0x71ba17f810>, 'Connection to raw.githubusercontent.com timed out. (connect timeout=15)'))
HTTPSConnectionPool(host='raw.githubusercontent.com', port=443): Max retries exceeded with url: /mmpx12/proxy-list/master/http.txt (Caused by ConnectTimeoutError(<urllib3.connection.HTTPSConnection object at 0x71bf334590>, 'Connection to raw.githubusercontent.com timed out. (connect timeout=15)'))
HTTPSConnectionPool(host='raw.githubusercontent.com', port=443): Max retries exceeded with url: /mmpx12/proxy-list/master/https.txt (Caused by ConnectTimeoutError(<urllib3.connection.HTTPSConnection object at 0x71ba176dd0>, 'Connection to raw.githubusercontent.com timed out. (connect timeout=15)'))
HTTPSConnectionPool(host='raw.githubusercontent.com', port=443): Max retries exceeded with url: /roosterkid/openproxylist/main/HTTPS_RAW.txt (Caused by ConnectTimeoutError(<urllib3.connection.HTTPSConnection object at 0x71bf34c3d0>, 'Connection to raw.githubusercontent.com timed out. (connect timeout=15)'))
HTTPSConnectionPool(host='raw.githubusercontent.com', port=443): Max retries exceeded with url: /RX4096/proxy-list/main/online/http.txt (Caused by ConnectTimeoutError(<urllib3.connection.HTTPSConnection object at 0x71bac13590>, 'Connection to raw.githubusercontent.com timed out. (connect timeout=15)'))
HTTPSConnectionPool(host='raw.githubusercontent.com', port=443): Max retries exceeded with url: /RX4096/proxy-list/main/online/https.txt (Caused by ConnectTimeoutError(<urllib3.connection.HTTPSConnection object at 0x71bac10090>, 'Connection to raw.githubusercontent.com timed out. (connect timeout=15)'))
HTTPSConnectionPool(host='raw.githubusercontent.com', port=443): Max retries exceeded with url: /saisuiu/uiu/main/free.txt (Caused by ConnectTimeoutError(<urllib3.connection.HTTPSConnection object at 0x71bf34a750>, 'Connection to raw.githubusercontent.com timed out. (connect timeout=15)'))
HTTPSConnectionPool(host='raw.githubusercontent.com', port=443): Max retries exceeded with url: /saschazesiger/Free-Proxies/master/proxies/http.txt (Caused by ConnectTimeoutError(<urllib3.connection.HTTPSConnection object at 0x71bf34bb10>, 'Connection to raw.githubusercontent.com timed out. (connect timeout=15)'))
HTTPSConnectionPool(host='raw.githubusercontent.com', port=443): Max retries exceeded with url: /ShiftyTR/Proxy-List/master/http.txt (Caused by ConnectTimeoutError(<urllib3.connection.HTTPSConnection object at 0x71bf336190>, 'Connection to raw.githubusercontent.com timed out. (connect timeout=15)'))
HTTPSConnectionPool(host='raw.githubusercontent.com', port=443): Max retries exceeded with url: /ShiftyTR/Proxy-List/master/https.txt (Caused by ConnectTimeoutError(<urllib3.connection.HTTPSConnection object at 0x71bacd2610>, 'Connection to raw.githubusercontent.com timed out. (connect timeout=15)'))
HTTPSConnectionPool(host='raw.githubusercontent.com', port=443): Max retries exceeded with url: /sunny9577/proxy-scraper/master/proxies.txt (Caused by ConnectTimeoutError(<urllib3.connection.HTTPSConnection object at 0x71bacd1110>, 'Connection to raw.githubusercontent.com timed out. (connect timeout=15)'))
HTTPSConnectionPool(host='raw.githubusercontent.com', port=443): Max retries exceeded with url: /TheSpeedX/PROXY-List/master/http.txt (Caused by ConnectTimeoutError(<urllib3.connection.HTTPSConnection object at 0x71bac82e50>, 'Connection to raw.githubusercontent.com timed out. (connect timeout=15)'))
HTTPSConnectionPool(host='raw.githubusercontent.com', port=443): Max retries exceeded with url: /yemixzy/proxy-list/main/proxy-list/data.txt (Caused by ConnectTimeoutError(<urllib3.connection.HTTPSConnection object at 0x71bf501710>, 'Connection to raw.githubusercontent.com timed out. (connect timeout=15)'))
HTTPSConnectionPool(host='raw.githubusercontent.com', port=443): Max retries exceeded with url: /Zaeem20/FREE_PROXY_LIST/master/http.txt (Caused by ConnectTimeoutError(<urllib3.connection.HTTPSConnection object at 0x71c428d010>, 'Connection to raw.githubusercontent.com timed out. (connect timeout=15)'))
HTTPSConnectionPool(host='raw.githubusercontent.com', port=443): Max retries exceeded with url: /Zaeem20/FREE_PROXY_LIST/master/https.txt (Caused by ConnectTimeoutError(<urllib3.connection.HTTPSConnection object at 0x71c428ddd0>, 'Connection to raw.githubusercontent.com timed out. (connect timeout=15)'))
HTTPSConnectionPool(host='sheesh.rip', port=443): Max retries exceeded with url: /http.txt (Caused by NameResolutionError("<urllib3.connection.HTTPSConnection object at 0x71bacd0450>: Failed to resolve 'sheesh.rip' ([Errno 7] No address associated with hostname)"))
HTTPSConnectionPool(host='raw.githubusercontent.com', port=443): Max retries exceeded with url: /B4RC0DE-TM/proxy-list/main/SOCKS4.txt (Caused by ConnectTimeoutError(<urllib3.connection.HTTPSConnection object at 0x7184a851d0>, 'Connection to raw.githubusercontent.com timed out. (connect timeout=15)'))
HTTPSConnectionPool(host='raw.githubusercontent.com', port=443): Max retries exceeded with url: /almroot/proxylist/master/list.txt (Caused by ConnectTimeoutError(<urllib3.connection.HTTPSConnection object at 0x717c901590>, 'Connection to raw.githubusercontent.com timed out. (connect timeout=15)'))
HTTPSConnectionPool(host='raw.githubusercontent.com', port=443): Max retries exceeded with url: /B4RC0DE-TM/proxy-list/main/SOCKS5.txt (Caused by ConnectTimeoutError(<urllib3.connection.HTTPSConnection object at 0x717bc06d10>, 'Connection to raw.githubusercontent.com timed out. (connect timeout=15)'))
HTTPSConnectionPool(host='raw.githubusercontent.com', port=443): Max retries exceeded with url: /hanwayTech/free-proxy-list/main/socks4.txt (Caused by ConnectTimeoutError(<urllib3.connection.HTTPSConnection object at 0x717bd34910>, 'Connection to raw.githubusercontent.com timed out. (connect timeout=15)'))
HTTPSConnectionPool(host='raw.githubusercontent.com', port=443): Max retries exceeded with url: /aslisk/proxyhttps/main/https.txt (Caused by ConnectTimeoutError(<urllib3.connection.HTTPSConnection object at 0x717bd364d0>, 'Connection to raw.githubusercontent.com timed out. (connect timeout=15)'))
HTTPSConnectionPool(host='raw.githubusercontent.com', port=443): Max retries exceeded with url: /hanwayTech/free-proxy-list/main/socks5.txt (Caused by ConnectTimeoutError(<urllib3.connection.HTTPSConnection object at 0x717bd04310>, 'Connection to raw.githubusercontent.com timed out. (connect timeout=15)'))
HTTPSConnectionPool(host='raw.githubusercontent.com', port=443): Max retries exceeded with url: /HyperBeats/proxy-list/main/socks4.txt (Caused by ConnectTimeoutError(<urllib3.connection.HTTPSConnection object at 0x717bd06210>, 'Connection to raw.githubusercontent.com timed out. (connect timeout=15)'))
HTTPSConnectionPool(host='raw.githubusercontent.com', port=443): Max retries exceeded with url: /B4RC0DE-TM/proxy-list/main/HTTP.txt (Caused by ConnectTimeoutError(<urllib3.connection.HTTPSConnection object at 0x7180f11f90>, 'Connection to raw.githubusercontent.com timed out. (connect timeout=15)'))
HTTPSConnectionPool(host='raw.githubusercontent.com', port=443): Max retries exceeded with url: /hookzof/socks5_list/master/proxy.txt (Caused by ConnectTimeoutError(<urllib3.connection.HTTPSConnection object at 0x717bd35c90>, 'Connection to raw.githubusercontent.com timed out. (connect timeout=15)'))
HTTPSConnectionPool(host='raw.githubusercontent.com', port=443): Max retries exceeded with url: /jetkai/proxy-list/main/online-proxies/txt/proxies-socks4.txt (Caused by ConnectTimeoutError(<urllib3.connection.HTTPSConnection object at 0x717bd34a50>, 'Connection to raw.githubusercontent.com timed out. (connect timeout=15)'))
HTTPSConnectionPool(host='raw.githubusercontent.com', port=443): Max retries exceeded with url: /clarketm/proxy-list/master/proxy-list-raw.txt (Caused by ConnectTimeoutError(<urllib3.connection.HTTPSConnection object at 0x7180f3a250>, 'Connection to raw.githubusercontent.com timed out. (connect timeout=15)'))
HTTPSConnectionPool(host='raw.githubusercontent.com', port=443): Max retries exceeded with url: /HyperBeats/proxy-list/main/socks5.txt (Caused by ConnectTimeoutError(<urllib3.connection.HTTPSConnection object at 0x717bc05e10>, 'Connection to raw.githubusercontent.com timed out. (connect timeout=15)'))
HTTPSConnectionPool(host='raw.githubusercontent.com', port=443): Max retries exceeded with url: /mmpx12/proxy-list/master/socks4.txt (Caused by ConnectTimeoutError(<urllib3.connection.HTTPSConnection object at 0x717bdd88d0>, 'Connection to raw.githubusercontent.com timed out. (connect timeout=15)'))
HTTPSConnectionPool(host='raw.githubusercontent.com', port=443): Max retries exceeded with url: /hanwayTech/free-proxy-list/main/http.txt (Caused by ConnectTimeoutError(<urllib3.connection.HTTPSConnection object at 0x7180f3a6d0>, 'Connection to raw.githubusercontent.com timed out. (connect timeout=15)'))
HTTPSConnectionPool(host='raw.githubusercontent.com', port=443): Max retries exceeded with url: /jetkai/proxy-list/main/online-proxies/txt/proxies-socks5.txt (Caused by ConnectTimeoutError(<urllib3.connection.HTTPSConnection object at 0x717c901750>, 'Connection to raw.githubusercontent.com timed out. (connect timeout=15)'))
HTTPSConnectionPool(host='raw.githubusercontent.com', port=443): Max retries exceeded with url: /roosterkid/openproxylist/main/SOCKS4_RAW.txt (Caused by ConnectTimeoutError(<urllib3.connection.HTTPSConnection object at 0x717bd34cd0>, 'Connection to raw.githubusercontent.com timed out. (connect timeout=15)'))
HTTPSConnectionPool(host='raw.githubusercontent.com', port=443): Max retries exceeded with url: /hanwayTech/free-proxy-list/main/https.txt (Caused by ConnectTimeoutError(<urllib3.connection.HTTPSConnection object at 0x717bd36c10>, 'Connection to raw.githubusercontent.com timed out. (connect timeout=15)'))
HTTPSConnectionPool(host='raw.githubusercontent.com', port=443): Max retries exceeded with url: /manuGMG/proxy-365/main/SOCKS5.txt (Caused by ConnectTimeoutError(<urllib3.connection.HTTPSConnection object at 0x717bd07990>, 'Connection to raw.githubusercontent.com timed out. (connect timeout=15)'))
HTTPSConnectionPool(host='raw.githubusercontent.com', port=443): Max retries exceeded with url: /saschazesiger/Free-Proxies/master/proxies/socks4.txt (Caused by ConnectTimeoutError(<urllib3.connection.HTTPSConnection object at 0x717bd060d0>, 'Connection to raw.githubusercontent.com timed out. (connect timeout=15)'))
HTTPSConnectionPool(host='raw.githubusercontent.com', port=443): Max retries exceeded with url: /hendrikbgr/Free-Proxy-Repo/master/proxy_list.txt (Caused by ConnectTimeoutError(<urllib3.connection.HTTPSConnection object at 0x717bddaed0>, 'Connection to raw.githubusercontent.com timed out. (connect timeout=15)'))
HTTPSConnectionPool(host='raw.githubusercontent.com', port=443): Max retries exceeded with url: /mmpx12/proxy-list/master/socks5.txt (Caused by ConnectTimeoutError(<urllib3.connection.HTTPSConnection object at 0x717bd07bd0>, 'Connection to raw.githubusercontent.com timed out. (connect timeout=15)'))
HTTPSConnectionPool(host='raw.githubusercontent.com', port=443): Max retries exceeded with url: /ShiftyTR/Proxy-List/master/socks4.txt (Caused by ConnectTimeoutError(<urllib3.connection.HTTPSConnection object at 0x717bd35290>, 'Connection to raw.githubusercontent.com timed out. (connect timeout=15)'))
HTTPSConnectionPool(host='raw.githubusercontent.com', port=443): Max retries exceeded with url: /HyperBeats/proxy-list/main/http.txt (Caused by ConnectTimeoutError(<urllib3.connection.HTTPSConnection object at 0x717bd36e10>, 'Connection to raw.githubusercontent.com timed out. (connect timeout=15)'))
HTTPSConnectionPool(host='raw.githubusercontent.com', port=443): Max retries exceeded with url: /roosterkid/openproxylist/main/SOCKS5_RAW.txt (Caused by ConnectTimeoutError(<urllib3.connection.HTTPSConnection object at 0x717bc05e10>, 'Connection to raw.githubusercontent.com timed out. (connect timeout=15)'))
HTTPSConnectionPool(host='raw.githubusercontent.com', port=443): Max retries exceeded with url: /TheSpeedX/PROXY-List/master/socks4.txt (Caused by ConnectTimeoutError(<urllib3.connection.HTTPSConnection object at 0x717bdd8a90>, 'Connection to raw.githubusercontent.com timed out. (connect timeout=15)'))
HTTPSConnectionPool(host='raw.githubusercontent.com', port=443): Max retries exceeded with url: /jetkai/proxy-list/main/online-proxies/txt/proxies-http.txt (Caused by ConnectTimeoutError(<urllib3.connection.HTTPSConnection object at 0x717bc07550>, 'Connection to raw.githubusercontent.com timed out. (connect timeout=15)'))
HTTPSConnectionPool(host='raw.githubusercontent.com', port=443): Max retries exceeded with url: /saschazesiger/Free-Proxies/master/proxies/socks5.txt (Caused by ConnectTimeoutError(<urllib3.connection.HTTPSConnection object at 0x717bddb5d0>, 'Connection to raw.githubusercontent.com timed out. (connect timeout=15)'))
HTTPSConnectionPool(host='raw.githubusercontent.com', port=443): Max retries exceeded with url: /jetkai/proxy-list/main/online-proxies/txt/proxies-https.txt (Caused by ConnectTimeoutError(<urllib3.connection.HTTPSConnection object at 0x717bd34910>, 'Connection to raw.githubusercontent.com timed out. (connect timeout=15)'))
HTTPSConnectionPool(host='raw.githubusercontent.com', port=443): Max retries exceeded with url: /Zaeem20/FREE_PROXY_LIST/master/socks4.txt (Caused by ConnectTimeoutError(<urllib3.connection.HTTPSConnection object at 0x717bd36050>, 'Connection to raw.githubusercontent.com timed out. (connect timeout=15)'))
HTTPSConnectionPool(host='raw.githubusercontent.com', port=443): Max retries exceeded with url: /ShiftyTR/Proxy-List/master/socks5.txt (Caused by ConnectTimeoutError(<urllib3.connection.HTTPSConnection object at 0x717bdd9650>, 'Connection to raw.githubusercontent.com timed out. (connect timeout=15)'))
HTTPSConnectionPool(host='raw.githubusercontent.com', port=443): Max retries exceeded with url: /mertguvencli/http-proxy-list/main/proxy-list/data.txt (Caused by ConnectTimeoutError(<urllib3.connection.HTTPSConnection object at 0x717bd04050>, 'Connection to raw.githubusercontent.com timed out. (connect timeout=15)'))
HTTPSConnectionPool(host='raw.githubusercontent.com', port=443): Max retries exceeded with url: /TheSpeedX/PROXY-List/master/socks5.txt (Caused by ConnectTimeoutError(<urllib3.connection.HTTPSConnection object at 0x717c900e50>, 'Connection to raw.githubusercontent.com timed out. (connect timeout=15)'))
HTTPSConnectionPool(host='raw.githubusercontent.com', port=443): Max retries exceeded with url: /mmpx12/proxy-list/master/http.txt (Caused by ConnectTimeoutError(<urllib3.connection.HTTPSConnection object at 0x7181106f50>, 'Connection to raw.githubusercontent.com timed out. (connect timeout=15)'))
HTTPSConnectionPool(host='raw.githubusercontent.com', port=443): Max retries exceeded with url: /Zaeem20/FREE_PROXY_LIST/master/socks5.txt (Caused by ConnectTimeoutError(<urllib3.connection.HTTPSConnection object at 0x7184a98b10>, 'Connection to raw.githubusercontent.com timed out. (connect timeout=15)'))
HTTPSConnectionPool(host='raw.githubusercontent.com', port=443): Max retries exceeded with url: /mmpx12/proxy-list/master/https.txt (Caused by ConnectTimeoutError(<urllib3.connection.HTTPSConnection object at 0x7180f11790>, 'Connection to raw.githubusercontent.com timed out. (connect timeout=15)'))
HTTPSConnectionPool(host='raw.githubusercontent.com', port=443): Max retries exceeded with url: /roosterkid/openproxylist/main/HTTPS_RAW.txt (Caused by ConnectTimeoutError(<urllib3.connection.HTTPSConnection object at 0x717bd06b90>, 'Connection to raw.githubusercontent.com timed out. (connect timeout=15)'))
HTTPSConnectionPool(host='raw.githubusercontent.com', port=443): Max retries exceeded with url: /RX4096/proxy-list/main/online/http.txt (Caused by ConnectTimeoutError(<urllib3.connection.HTTPSConnection object at 0x717bd810d0>, 'Connection to raw.githubusercontent.com timed out. (connect timeout=15)'))
HTTPSConnectionPool(host='raw.githubusercontent.com', port=443): Max retries exceeded with url: /RX4096/proxy-list/main/online/https.txt (Caused by ConnectTimeoutError(<urllib3.connection.HTTPSConnection object at 0x7180fa0050>, 'Connection to raw.githubusercontent.com timed out. (connect timeout=15)'))
HTTPSConnectionPool(host='raw.githubusercontent.com', port=443): Max retries exceeded with url: /saisuiu/uiu/main/free.txt (Caused by ConnectTimeoutError(<urllib3.connection.HTTPSConnection object at 0x717bd81990>, 'Connection to raw.githubusercontent.com timed out. (connect timeout=15)'))
HTTPSConnectionPool(host='raw.githubusercontent.com', port=443): Max retries exceeded with url: /saschazesiger/Free-Proxies/master/proxies/http.txt (Caused by ConnectTimeoutError(<urllib3.connection.HTTPSConnection object at 0x7180f4bf50>, 'Connection to raw.githubusercontent.com timed out. (connect timeout=15)'))
HTTPSConnectionPool(host='raw.githubusercontent.com', port=443): Max retries exceeded with url: /ShiftyTR/Proxy-List/master/http.txt (Caused by ConnectTimeoutError(<urllib3.connection.HTTPSConnection object at 0x7184a98a10>, 'Connection to raw.githubusercontent.com timed out. (connect timeout=15)'))
HTTPSConnectionPool(host='raw.githubusercontent.com', port=443): Max retries exceeded with url: /ShiftyTR/Proxy-List/master/https.txt (Caused by ConnectTimeoutError(<urllib3.connection.HTTPSConnection object at 0x7180f31690>, 'Connection to raw.githubusercontent.com timed out. (connect timeout=15)'))
HTTPSConnectionPool(host='raw.githubusercontent.com', port=443): Max retries exceeded with url: /sunny9577/proxy-scraper/master/proxies.txt (Caused by ConnectTimeoutError(<urllib3.connection.HTTPSConnection object at 0x7181105ad0>, 'Connection to raw.githubusercontent.com timed out. (connect timeout=15)'))
HTTPSConnectionPool(host='raw.githubusercontent.com', port=443): Max retries exceeded with url: /TheSpeedX/PROXY-List/master/http.txt (Caused by ConnectTimeoutError(<urllib3.connection.HTTPSConnection object at 0x717bd040d0>, 'Connection to raw.githubusercontent.com timed out. (connect timeout=15)'))
HTTPSConnectionPool(host='raw.githubusercontent.com', port=443): Max retries exceeded with url: /yemixzy/proxy-list/main/proxy-list/data.txt (Caused by ConnectTimeoutError(<urllib3.connection.HTTPSConnection object at 0x7180fa02d0>, 'Connection to raw.githubusercontent.com timed out. (connect timeout=15)'))
HTTPSConnectionPool(host='raw.githubusercontent.com', port=443): Max retries exceeded with url: /Zaeem20/FREE_PROXY_LIST/master/http.txt (Caused by ConnectTimeoutError(<urllib3.connection.HTTPSConnection object at 0x7181104c50>, 'Connection to raw.githubusercontent.com timed out. (connect timeout=15)'))
HTTPSConnectionPool(host='raw.githubusercontent.com', port=443): Max retries exceeded with url: /Zaeem20/FREE_PROXY_LIST/master/https.txt (Caused by ConnectTimeoutError(<urllib3.connection.HTTPSConnection object at 0x7180f13350>, 'Connection to raw.githubusercontent.com timed out. (connect timeout=15)'))
HTTPSConnectionPool(host='sheesh.rip', port=443): Max retries exceeded with url: /http.txt (Caused by NameResolutionError("<urllib3.connection.HTTPSConnection object at 0x7180fa3990>: Failed to resolve 'sheesh.rip' ([Errno 7] No address associated with hostname)"))
HTTPSConnectionPool(host='raw.githubusercontent.com', port=443): Max retries exceeded with url: /B4RC0DE-TM/proxy-list/main/SOCKS4.txt (Caused by ConnectTimeoutError(<urllib3.connection.HTTPSConnection object at 0x7f252ad3d0>, 'Connection to raw.githubusercontent.com timed out. (connect timeout=15)'))
HTTPSConnectionPool(host='raw.githubusercontent.com', port=443): Max retries exceeded with url: /almroot/proxylist/master/list.txt (Caused by ConnectTimeoutError(<urllib3.connection.HTTPSConnection object at 0x7f2a72c150>, 'Connection to raw.githubusercontent.com timed out. (connect timeout=15)'))
HTTPSConnectionPool(host='raw.githubusercontent.com', port=443): Max retries exceeded with url: /B4RC0DE-TM/proxy-list/main/SOCKS5.txt (Caused by ConnectTimeoutError(<urllib3.connection.HTTPSConnection object at 0x7f2a780490>, 'Connection to raw.githubusercontent.com timed out. (connect timeout=15)'))
HTTPSConnectionPool(host='raw.githubusercontent.com', port=443): Max retries exceeded with url: /hanwayTech/free-proxy-list/main/socks4.txt (Caused by ConnectTimeoutError(<urllib3.connection.HTTPSConnection object at 0x7f25342410>, 'Connection to raw.githubusercontent.com timed out. (connect timeout=15)'))
HTTPSConnectionPool(host='raw.githubusercontent.com', port=443): Max retries exceeded with url: /aslisk/proxyhttps/main/https.txt (Caused by ConnectTimeoutError(<urllib3.connection.HTTPSConnection object at 0x7f252ae8d0>, 'Connection to raw.githubusercontent.com timed out. (connect timeout=15)'))
HTTPSConnectionPool(host='raw.githubusercontent.com', port=443): Max retries exceeded with url: /hanwayTech/free-proxy-list/main/socks5.txt (Caused by ConnectTimeoutError(<urllib3.connection.HTTPSConnection object at 0x7f252e4710>, 'Connection to raw.githubusercontent.com timed out. (connect timeout=15)'))
HTTPSConnectionPool(host='raw.githubusercontent.com', port=443): Max retries exceeded with url: /HyperBeats/proxy-list/main/socks4.txt (Caused by ConnectTimeoutError(<urllib3.connection.HTTPSConnection object at 0x7f252e6790>, 'Connection to raw.githubusercontent.com timed out. (connect timeout=15)'))
HTTPSConnectionPool(host='raw.githubusercontent.com', port=443): Max retries exceeded with url: /B4RC0DE-TM/proxy-list/main/HTTP.txt (Caused by ConnectTimeoutError(<urllib3.connection.HTTPSConnection object at 0x7f314bccd0>, 'Connection to raw.githubusercontent.com timed out. (connect timeout=15)'))
HTTPSConnectionPool(host='raw.githubusercontent.com', port=443): Max retries exceeded with url: /hookzof/socks5_list/master/proxy.txt (Caused by ConnectTimeoutError(<urllib3.connection.HTTPSConnection object at 0x7f25342510>, 'Connection to raw.githubusercontent.com timed out. (connect timeout=15)'))
HTTPSConnectionPool(host='raw.githubusercontent.com', port=443): Max retries exceeded with url: /jetkai/proxy-list/main/online-proxies/txt/proxies-socks4.txt (Caused by ConnectTimeoutError(<urllib3.connection.HTTPSConnection object at 0x7f252ad6d0>, 'Connection to raw.githubusercontent.com timed out. (connect timeout=15)'))
HTTPSConnectionPool(host='raw.githubusercontent.com', port=443): Max retries exceeded with url: /clarketm/proxy-list/master/proxy-list-raw.txt (Caused by ConnectTimeoutError(<urllib3.connection.HTTPSConnection object at 0x7f2a782110>, 'Connection to raw.githubusercontent.com timed out. (connect timeout=15)'))
HTTPSConnectionPool(host='raw.githubusercontent.com', port=443): Max retries exceeded with url: /HyperBeats/proxy-list/main/socks5.txt (Caused by ConnectTimeoutError(<urllib3.connection.HTTPSConnection object at 0x7f2a71d410>, 'Connection to raw.githubusercontent.com timed out. (connect timeout=15)'))
HTTPSConnectionPool(host='raw.githubusercontent.com', port=443): Max retries exceeded with url: /mmpx12/proxy-list/master/socks4.txt (Caused by ConnectTimeoutError(<urllib3.connection.HTTPSConnection object at 0x7f252bcd10>, 'Connection to raw.githubusercontent.com timed out. (connect timeout=15)'))
HTTPSConnectionPool(host='raw.githubusercontent.com', port=443): Max retries exceeded with url: /hanwayTech/free-proxy-list/main/http.txt (Caused by ConnectTimeoutError(<urllib3.connection.HTTPSConnection object at 0x7f2a72f450>, 'Connection to raw.githubusercontent.com timed out. (connect timeout=15)'))
HTTPSConnectionPool(host='raw.githubusercontent.com', port=443): Max retries exceeded with url: /jetkai/proxy-list/main/online-proxies/txt/proxies-socks5.txt (Caused by ConnectTimeoutError(<urllib3.connection.HTTPSConnection object at 0x7f25343750>, 'Connection to raw.githubusercontent.com timed out. (connect timeout=15)'))
HTTPSConnectionPool(host='raw.githubusercontent.com', port=443): Max retries exceeded with url: /roosterkid/openproxylist/main/SOCKS4_RAW.txt (Caused by ConnectTimeoutError(<urllib3.connection.HTTPSConnection object at 0x7f252add50>, 'Connection to raw.githubusercontent.com timed out. (connect timeout=15)'))
HTTPSConnectionPool(host='raw.githubusercontent.com', port=443): Max retries exceeded with url: /hanwayTech/free-proxy-list/main/https.txt (Caused by ConnectTimeoutError(<urllib3.connection.HTTPSConnection object at 0x7f252ae210>, 'Connection to raw.githubusercontent.com timed out. (connect timeout=15)'))
HTTPSConnectionPool(host='raw.githubusercontent.com', port=443): Max retries exceeded with url: /manuGMG/proxy-365/main/SOCKS5.txt (Caused by ConnectTimeoutError(<urllib3.connection.HTTPSConnection object at 0x7f252e7410>, 'Connection to raw.githubusercontent.com timed out. (connect timeout=15)'))
HTTPSConnectionPool(host='raw.githubusercontent.com', port=443): Max retries exceeded with url: /saschazesiger/Free-Proxies/master/proxies/socks4.txt (Caused by ConnectTimeoutError(<urllib3.connection.HTTPSConnection object at 0x7f252e4390>, 'Connection to raw.githubusercontent.com timed out. (connect timeout=15)'))
HTTPSConnectionPool(host='raw.githubusercontent.com', port=443): Max retries exceeded with url: /hendrikbgr/Free-Proxy-Repo/master/proxy_list.txt (Caused by ConnectTimeoutError(<urllib3.connection.HTTPSConnection object at 0x7f252bf390>, 'Connection to raw.githubusercontent.com timed out. (connect timeout=15)'))
HTTPSConnectionPool(host='raw.githubusercontent.com', port=443): Max retries exceeded with url: /mmpx12/proxy-list/master/socks5.txt (Caused by ConnectTimeoutError(<urllib3.connection.HTTPSConnection object at 0x7f252e7fd0>, 'Connection to raw.githubusercontent.com timed out. (connect timeout=15)'))
HTTPSConnectionPool(host='raw.githubusercontent.com', port=443): Max retries exceeded with url: /ShiftyTR/Proxy-List/master/socks4.txt (Caused by ConnectTimeoutError(<urllib3.connection.HTTPSConnection object at 0x7f252ac750>, 'Connection to raw.githubusercontent.com timed out. (connect timeout=15)'))
HTTPSConnectionPool(host='raw.githubusercontent.com', port=443): Max retries exceeded with url: /HyperBeats/proxy-list/main/http.txt (Caused by ConnectTimeoutError(<urllib3.connection.HTTPSConnection object at 0x7f314abd50>, 'Connection to raw.githubusercontent.com timed out. (connect timeout=15)'))
HTTPSConnectionPool(host='raw.githubusercontent.com', port=443): Max retries exceeded with url: /roosterkid/openproxylist/main/SOCKS5_RAW.txt (Caused by ConnectTimeoutError(<urllib3.connection.HTTPSConnection object at 0x7f2a738210>, 'Connection to raw.githubusercontent.com timed out. (connect timeout=15)'))
HTTPSConnectionPool(host='raw.githubusercontent.com', port=443): Max retries exceeded with url: /TheSpeedX/PROXY-List/master/socks4.txt (Caused by ConnectTimeoutError(<urllib3.connection.HTTPSConnection object at 0x7f252be650>, 'Connection to raw.githubusercontent.com timed out. (connect timeout=15)'))
HTTPSConnectionPool(host='raw.githubusercontent.com', port=443): Max retries exceeded with url: /jetkai/proxy-list/main/online-proxies/txt/proxies-http.txt (Caused by ConnectTimeoutError(<urllib3.connection.HTTPSConnection object at 0x7f252bfb10>, 'Connection to raw.githubusercontent.com timed out. (connect timeout=15)'))
HTTPSConnectionPool(host='raw.githubusercontent.com', port=443): Max retries exceeded with url: /B4RC0DE-TM/proxy-list/main/SOCKS4.txt (Caused by ConnectTimeoutError(<urllib3.connection.HTTPSConnection object at 0x701c9a4790>, 'Connection to raw.githubusercontent.com timed out. (connect timeout=15)'))
HTTPSConnectionPool(host='raw.githubusercontent.com', port=443): Max retries exceeded with url: /B4RC0DE-TM/proxy-list/main/SOCKS5.txt (Caused by ConnectTimeoutError(<urllib3.connection.HTTPSConnection object at 0x702601dd50>, 'Connection to raw.githubusercontent.com timed out. (connect timeout=15)'))
HTTPSConnectionPool(host='raw.githubusercontent.com', port=443): Max retries exceeded with url: /almroot/proxylist/master/list.txt (Caused by ConnectTimeoutError(<urllib3.connection.HTTPSConnection object at 0x7021b23510>, 'Connection to raw.githubusercontent.com timed out. (connect timeout=15)'))
HTTPSConnectionPool(host='raw.githubusercontent.com', port=443): Max retries exceeded with url: /hanwayTech/free-proxy-list/main/socks4.txt (Caused by ConnectTimeoutError(<urllib3.connection.HTTPSConnection object at 0x701c999350>, 'Connection to raw.githubusercontent.com timed out. (connect timeout=15)'))
HTTPSConnectionPool(host='raw.githubusercontent.com', port=443): Max retries exceeded with url: /hanwayTech/free-proxy-list/main/socks5.txt (Caused by ConnectTimeoutError(<urllib3.connection.HTTPSConnection object at 0x701c9a4810>, 'Connection to raw.githubusercontent.com timed out. (connect timeout=15)'))
HTTPSConnectionPool(host='raw.githubusercontent.com', port=443): Max retries exceeded with url: /aslisk/proxyhttps/main/https.txt (Caused by ConnectTimeoutError(<urllib3.connection.HTTPSConnection object at 0x701c9a6b50>, 'Connection to raw.githubusercontent.com timed out. (connect timeout=15)'))
HTTPSConnectionPool(host='raw.githubusercontent.com', port=443): Max retries exceeded with url: /HyperBeats/proxy-list/main/socks4.txt (Caused by ConnectTimeoutError(<urllib3.connection.HTTPSConnection object at 0x702601e590>, 'Connection to raw.githubusercontent.com timed out. (connect timeout=15)'))
HTTPSConnectionPool(host='raw.githubusercontent.com', port=443): Max retries exceeded with url: /hookzof/socks5_list/master/proxy.txt (Caused by ConnectTimeoutError(<urllib3.connection.HTTPSConnection object at 0x702601cdd0>, 'Connection to raw.githubusercontent.com timed out. (connect timeout=15)'))
HTTPSConnectionPool(host='raw.githubusercontent.com', port=443): Max retries exceeded with url: /B4RC0DE-TM/proxy-list/main/HTTP.txt (Caused by ConnectTimeoutError(<urllib3.connection.HTTPSConnection object at 0x701c99ae10>, 'Connection to raw.githubusercontent.com timed out. (connect timeout=15)'))
HTTPSConnectionPool(host='raw.githubusercontent.com', port=443): Max retries exceeded with url: /HyperBeats/proxy-list/main/socks5.txt (Caused by ConnectTimeoutError(<urllib3.connection.HTTPSConnection object at 0x7021b3d7d0>, 'Connection to raw.githubusercontent.com timed out. (connect timeout=15)'))
HTTPSConnectionPool(host='raw.githubusercontent.com', port=443): Max retries exceeded with url: /jetkai/proxy-list/main/online-proxies/txt/proxies-socks4.txt (Caused by ConnectTimeoutError(<urllib3.connection.HTTPSConnection object at 0x701c9a4650>, 'Connection to raw.githubusercontent.com timed out. (connect timeout=15)'))
HTTPSConnectionPool(host='raw.githubusercontent.com', port=443): Max retries exceeded with url: /clarketm/proxy-list/master/proxy-list-raw.txt (Caused by ConnectTimeoutError(<urllib3.connection.HTTPSConnection object at 0x701c9b5210>, 'Connection to raw.githubusercontent.com timed out. (connect timeout=15)'))
HTTPSConnectionPool(host='raw.githubusercontent.com', port=443): Max retries exceeded with url: /jetkai/proxy-list/main/online-proxies/txt/proxies-socks5.txt (Caused by ConnectTimeoutError(<urllib3.connection.HTTPSConnection object at 0x701c9b7110>, 'Connection to raw.githubusercontent.com timed out. (connect timeout=15)'))
HTTPSConnectionPool(host='raw.githubusercontent.com', port=443): Max retries exceeded with url: /mmpx12/proxy-list/master/socks4.txt (Caused by ConnectTimeoutError(<urllib3.connection.HTTPSConnection object at 0x7021b16810>, 'Connection to raw.githubusercontent.com timed out. (connect timeout=15)'))
HTTPSConnectionPool(host='raw.githubusercontent.com', port=443): Max retries exceeded with url: /hanwayTech/free-proxy-list/main/http.txt (Caused by ConnectTimeoutError(<urllib3.connection.HTTPSConnection object at 0x701c998c90>, 'Connection to raw.githubusercontent.com timed out. (connect timeout=15)'))
HTTPSConnectionPool(host='raw.githubusercontent.com', port=443): Max retries exceeded with url: /manuGMG/proxy-365/main/SOCKS5.txt (Caused by ConnectTimeoutError(<urllib3.connection.HTTPSConnection object at 0x701c9a47d0>, 'Connection to raw.githubusercontent.com timed out. (connect timeout=15)'))
HTTPSConnectionPool(host='raw.githubusercontent.com', port=443): Max retries exceeded with url: /roosterkid/openproxylist/main/SOCKS4_RAW.txt (Caused by ConnectTimeoutError(<urllib3.connection.HTTPSConnection object at 0x701c9a6290>, 'Connection to raw.githubusercontent.com timed out. (connect timeout=15)'))
HTTPSConnectionPool(host='raw.githubusercontent.com', port=443): Max retries exceeded with url: /hanwayTech/free-proxy-list/main/https.txt (Caused by ConnectTimeoutError(<urllib3.connection.HTTPSConnection object at 0x702601c610>, 'Connection to raw.githubusercontent.com timed out. (connect timeout=15)'))
HTTPSConnectionPool(host='raw.githubusercontent.com', port=443): Max retries exceeded with url: /mmpx12/proxy-list/master/socks5.txt (Caused by ConnectTimeoutError(<urllib3.connection.HTTPSConnection object at 0x701c9b4990>, 'Connection to raw.githubusercontent.com timed out. (connect timeout=15)'))
HTTPSConnectionPool(host='raw.githubusercontent.com', port=443): Max retries exceeded with url: /saschazesiger/Free-Proxies/master/proxies/socks4.txt (Caused by ConnectTimeoutError(<urllib3.connection.HTTPSConnection object at 0x702601dd50>, 'Connection to raw.githubusercontent.com timed out. (connect timeout=15)'))
HTTPSConnectionPool(host='raw.githubusercontent.com', port=443): Max retries exceeded with url: /hendrikbgr/Free-Proxy-Repo/master/proxy_list.txt (Caused by ConnectTimeoutError(<urllib3.connection.HTTPSConnection object at 0x701c999850>, 'Connection to raw.githubusercontent.com timed out. (connect timeout=15)'))
HTTPSConnectionPool(host='raw.githubusercontent.com', port=443): Max retries exceeded with url: /ShiftyTR/Proxy-List/master/socks4.txt (Caused by ConnectTimeoutError(<urllib3.connection.HTTPSConnection object at 0x7021b3f750>, 'Connection to raw.githubusercontent.com timed out. (connect timeout=15)'))
HTTPSConnectionPool(host='raw.githubusercontent.com', port=443): Max retries exceeded with url: /roosterkid/openproxylist/main/SOCKS5_RAW.txt (Caused by ConnectTimeoutError(<urllib3.connection.HTTPSConnection object at 0x701c9b7690>, 'Connection to raw.githubusercontent.com timed out. (connect timeout=15)'))
HTTPSConnectionPool(host='raw.githubusercontent.com', port=443): Max retries exceeded with url: /HyperBeats/proxy-list/main/http.txt (Caused by ConnectTimeoutError(<urllib3.connection.HTTPSConnection object at 0x701c9a4fd0>, 'Connection to raw.githubusercontent.com timed out. (connect timeout=15)'))
HTTPSConnectionPool(host='raw.githubusercontent.com', port=443): Max retries exceeded with url: /TheSpeedX/PROXY-List/master/socks4.txt (Caused by ConnectTimeoutError(<urllib3.connection.HTTPSConnection object at 0x701c9ab910>, 'Connection to raw.githubusercontent.com timed out. (connect timeout=15)'))
HTTPSConnectionPool(host='raw.githubusercontent.com', port=443): Max retries exceeded with url: /jetkai/proxy-list/main/online-proxies/txt/proxies-http.txt (Caused by ConnectTimeoutError(<urllib3.connection.HTTPSConnection object at 0x701c9b5c50>, 'Connection to raw.githubusercontent.com timed out. (connect timeout=15)'))
HTTPSConnectionPool(host='raw.githubusercontent.com', port=443): Max retries exceeded with url: /saschazesiger/Free-Proxies/master/proxies/socks5.txt (Caused by ConnectTimeoutError(<urllib3.connection.HTTPSConnection object at 0x701c9c1fd0>, 'Connection to raw.githubusercontent.com timed out. (connect timeout=15)'))
HTTPSConnectionPool(host='raw.githubusercontent.com', port=443): Max retries exceeded with url: /Zaeem20/FREE_PROXY_LIST/master/socks4.txt (Caused by ConnectTimeoutError(<urllib3.connection.HTTPSConnection object at 0x7021b2f850>, 'Connection to raw.githubusercontent.com timed out. (connect timeout=15)'))
HTTPSConnectionPool(host='raw.githubusercontent.com', port=443): Max retries exceeded with url: /jetkai/proxy-list/main/online-proxies/txt/proxies-https.txt (Caused by ConnectTimeoutError(<urllib3.connection.HTTPSConnection object at 0x7021b20250>, 'Connection to raw.githubusercontent.com timed out. (connect timeout=15)'))
HTTPSConnectionPool(host='raw.githubusercontent.com', port=443): Max retries exceeded with url: /ShiftyTR/Proxy-List/master/socks5.txt (Caused by ConnectTimeoutError(<urllib3.connection.HTTPSConnection object at 0x701c9a7b90>, 'Connection to raw.githubusercontent.com timed out. (connect timeout=15)'))
HTTPSConnectionPool(host='raw.githubusercontent.com', port=443): Max retries exceeded with url: /TheSpeedX/PROXY-List/master/socks5.txt (Caused by ConnectTimeoutError(<urllib3.connection.HTTPSConnection object at 0x701c9c2950>, 'Connection to raw.githubusercontent.com timed out. (connect timeout=15)'))
HTTPSConnectionPool(host='raw.githubusercontent.com', port=443): Max retries exceeded with url: /mertguvencli/http-proxy-list/main/proxy-list/data.txt (Caused by ConnectTimeoutError(<urllib3.connection.HTTPSConnection object at 0x702601f810>, 'Connection to raw.githubusercontent.com timed out. (connect timeout=15)'))
HTTPSConnectionPool(host='raw.githubusercontent.com', port=443): Max retries exceeded with url: /Zaeem20/FREE_PROXY_LIST/master/socks5.txt (Caused by ConnectTimeoutError(<urllib3.connection.HTTPSConnection object at 0x7021b54090>, 'Connection to raw.githubusercontent.com timed out. (connect timeout=15)'))
HTTPSConnectionPool(host='raw.githubusercontent.com', port=443): Max retries exceeded with url: /mmpx12/proxy-list/master/http.txt (Caused by ConnectTimeoutError(<urllib3.connection.HTTPSConnection object at 0x701c99b490>, 'Connection to raw.githubusercontent.com timed out. (connect timeout=15)'))
HTTPSConnectionPool(host='raw.githubusercontent.com', port=443): Max retries exceeded with url: /mmpx12/proxy-list/master/https.txt (Caused by ConnectTimeoutError(<urllib3.connection.HTTPSConnection object at 0x701c9a9550>, 'Connection to raw.githubusercontent.com timed out. (connect timeout=15)'))
HTTPSConnectionPool(host='raw.githubusercontent.com', port=443): Max retries exceeded with url: /roosterkid/openproxylist/main/HTTPS_RAW.txt (Caused by ConnectTimeoutError(<urllib3.connection.HTTPSConnection object at 0x701c9aa310>, 'Connection to raw.githubusercontent.com timed out. (connect timeout=15)'))
HTTPSConnectionPool(host='raw.githubusercontent.com', port=443): Max retries exceeded with url: /RX4096/proxy-list/main/online/http.txt (Caused by ConnectTimeoutError(<urllib3.connection.HTTPSConnection object at 0x701c9b7150>, 'Connection to raw.githubusercontent.com timed out. (connect timeout=15)'))
HTTPSConnectionPool(host='raw.githubusercontent.com', port=443): Max retries exceeded with url: /RX4096/proxy-list/main/online/https.txt (Caused by ConnectTimeoutError(<urllib3.connection.HTTPSConnection object at 0x7021cfb250>, 'Connection to raw.githubusercontent.com timed out. (connect timeout=15)'))
HTTPSConnectionPool(host='raw.githubusercontent.com', port=443): Max retries exceeded with url: /saisuiu/uiu/main/free.txt (Caused by ConnectTimeoutError(<urllib3.connection.HTTPSConnection object at 0x702603cfd0>, 'Connection to raw.githubusercontent.com timed out. (connect timeout=15)'))
HTTPSConnectionPool(host='raw.githubusercontent.com', port=443): Max retries exceeded with url: /saschazesiger/Free-Proxies/master/proxies/http.txt (Caused by ConnectTimeoutError(<urllib3.connection.HTTPSConnection object at 0x702603c110>, 'Connection to raw.githubusercontent.com timed out. (connect timeout=15)'))
HTTPSConnectionPool(host='raw.githubusercontent.com', port=443): Max retries exceeded with url: /ShiftyTR/Proxy-List/master/http.txt (Caused by ConnectTimeoutError(<urllib3.connection.HTTPSConnection object at 0x701c9b7b10>, 'Connection to raw.githubusercontent.com timed out. (connect timeout=15)'))
HTTPSConnectionPool(host='raw.githubusercontent.com', port=443): Max retries exceeded with url: /ShiftyTR/Proxy-List/master/https.txt (Caused by ConnectTimeoutError(<urllib3.connection.HTTPSConnection object at 0x7021b2d9d0>, 'Connection to raw.githubusercontent.com timed out. (connect timeout=15)'))
HTTPSConnectionPool(host='raw.githubusercontent.com', port=443): Max retries exceeded with url: /sunny9577/proxy-scraper/master/proxies.txt (Caused by ConnectTimeoutError(<urllib3.connection.HTTPSConnection object at 0x701c99ae50>, 'Connection to raw.githubusercontent.com timed out. (connect timeout=15)'))
HTTPSConnectionPool(host='raw.githubusercontent.com', port=443): Max retries exceeded with url: /TheSpeedX/PROXY-List/master/http.txt (Caused by ConnectTimeoutError(<urllib3.connection.HTTPSConnection object at 0x701c99ab90>, 'Connection to raw.githubusercontent.com timed out. (connect timeout=15)'))
HTTPSConnectionPool(host='raw.githubusercontent.com', port=443): Max retries exceeded with url: /yemixzy/proxy-list/main/proxy-list/data.txt (Caused by ConnectTimeoutError(<urllib3.connection.HTTPSConnection object at 0x701c99a390>, 'Connection to raw.githubusercontent.com timed out. (connect timeout=15)'))
HTTPSConnectionPool(host='raw.githubusercontent.com', port=443): Max retries exceeded with url: /Zaeem20/FREE_PROXY_LIST/master/http.txt (Caused by ConnectTimeoutError(<urllib3.connection.HTTPSConnection object at 0x7021b2d450>, 'Connection to raw.githubusercontent.com timed out. (connect timeout=15)'))
HTTPSConnectionPool(host='raw.githubusercontent.com', port=443): Max retries exceeded with url: /Zaeem20/FREE_PROXY_LIST/master/https.txt (Caused by ConnectTimeoutError(<urllib3.connection.HTTPSConnection object at 0x702603c7d0>, 'Connection to raw.githubusercontent.com timed out. (connect timeout=15)'))
HTTPSConnectionPool(host='rootjazz.com', port=443): Read timed out. (read timeout=15)
HTTPSConnectionPool(host='sheesh.rip', port=443): Max retries exceeded with url: /http.txt (Caused by NameResolutionError("<urllib3.connection.HTTPSConnection object at 0x7022063e10>: Failed to resolve 'sheesh.rip' ([Errno 7] No address associated with hostname)"))
HTTPSConnectionPool(host='raw.githubusercontent.com', port=443): Max retries exceeded with url: /B4RC0DE-TM/proxy-list/main/SOCKS5.txt (Caused by ConnectTimeoutError(<urllib3.connection.HTTPSConnection object at 0x7d5dbe5fd0>, 'Connection to raw.githubusercontent.com timed out. (connect timeout=15)'))
HTTPSConnectionPool(host='raw.githubusercontent.com', port=443): Max retries exceeded with url: /B4RC0DE-TM/proxy-list/main/SOCKS4.txt (Caused by ConnectTimeoutError(<urllib3.connection.HTTPSConnection object at 0x7d5da729d0>, 'Connection to raw.githubusercontent.com timed out. (connect timeout=15)'))
HTTPSConnectionPool(host='raw.githubusercontent.com', port=443): Max retries exceeded with url: /almroot/proxylist/master/list.txt (Caused by ConnectTimeoutError(<urllib3.connection.HTTPSConnection object at 0x7d6304c250>, 'Connection to raw.githubusercontent.com timed out. (connect timeout=15)'))
HTTPSConnectionPool(host='raw.githubusercontent.com', port=443): Max retries exceeded with url: /hanwayTech/free-proxy-list/main/socks5.txt (Caused by ConnectTimeoutError(<urllib3.connection.HTTPSConnection object at 0x7d6304dd10>, 'Connection to raw.githubusercontent.com timed out. (connect timeout=15)'))
HTTPSConnectionPool(host='raw.githubusercontent.com', port=443): Max retries exceeded with url: /hanwayTech/free-proxy-list/main/socks4.txt (Caused by ConnectTimeoutError(<urllib3.connection.HTTPSConnection object at 0x7d6304f8d0>, 'Connection to raw.githubusercontent.com timed out. (connect timeout=15)'))
HTTPSConnectionPool(host='raw.githubusercontent.com', port=443): Max retries exceeded with url: /aslisk/proxyhttps/main/https.txt (Caused by ConnectTimeoutError(<urllib3.connection.HTTPSConnection object at 0x7d62fd54d0>, 'Connection to raw.githubusercontent.com timed out. (connect timeout=15)'))
HTTPSConnectionPool(host='raw.githubusercontent.com', port=443): Max retries exceeded with url: /hookzof/socks5_list/master/proxy.txt (Caused by ConnectTimeoutError(<urllib3.connection.HTTPSConnection object at 0x7d62fd7150>, 'Connection to raw.githubusercontent.com timed out. (connect timeout=15)'))
HTTPSConnectionPool(host='raw.githubusercontent.com', port=443): Max retries exceeded with url: /HyperBeats/proxy-list/main/socks4.txt (Caused by ConnectTimeoutError(<urllib3.connection.HTTPSConnection object at 0x7d63044c90>, 'Connection to raw.githubusercontent.com timed out. (connect timeout=15)'))
HTTPSConnectionPool(host='raw.githubusercontent.com', port=443): Max retries exceeded with url: /B4RC0DE-TM/proxy-list/main/HTTP.txt (Caused by ConnectTimeoutError(<urllib3.connection.HTTPSConnection object at 0x7d62fc6710>, 'Connection to raw.githubusercontent.com timed out. (connect timeout=15)'))
HTTPSConnectionPool(host='raw.githubusercontent.com', port=443): Max retries exceeded with url: /HyperBeats/proxy-list/main/socks5.txt (Caused by ConnectTimeoutError(<urllib3.connection.HTTPSConnection object at 0x7d6304ec50>, 'Connection to raw.githubusercontent.com timed out. (connect timeout=15)'))
HTTPSConnectionPool(host='raw.githubusercontent.com', port=443): Max retries exceeded with url: /jetkai/proxy-list/main/online-proxies/txt/proxies-socks4.txt (Caused by ConnectTimeoutError(<urllib3.connection.HTTPSConnection object at 0x7d6304c610>, 'Connection to raw.githubusercontent.com timed out. (connect timeout=15)'))
HTTPSConnectionPool(host='raw.githubusercontent.com', port=443): Max retries exceeded with url: /clarketm/proxy-list/master/proxy-list-raw.txt (Caused by ConnectTimeoutError(<urllib3.connection.HTTPSConnection object at 0x7d5da73d50>, 'Connection to raw.githubusercontent.com timed out. (connect timeout=15)'))
HTTPSConnectionPool(host='raw.githubusercontent.com', port=443): Max retries exceeded with url: /jetkai/proxy-list/main/online-proxies/txt/proxies-socks5.txt (Caused by NewConnectionError('<urllib3.connection.HTTPSConnection object at 0x7d630451d0>: Failed to establish a new connection: [Errno 103] Software caused connection abort'))
HTTPSConnectionPool(host='raw.githubusercontent.com', port=443): Max retries exceeded with url: /mmpx12/proxy-list/master/socks4.txt (Caused by NewConnectionError('<urllib3.connection.HTTPSConnection object at 0x7d63046cd0>: Failed to establish a new connection: [Errno 103] Software caused connection abort'))
HTTPSConnectionPool(host='raw.githubusercontent.com', port=443): Max retries exceeded with url: /hanwayTech/free-proxy-list/main/http.txt (Caused by NewConnectionError('<urllib3.connection.HTTPSConnection object at 0x7d5da72810>: Failed to establish a new connection: [Errno 103] Software caused connection abort'))
HTTPSConnectionPool(host='raw.githubusercontent.com', port=443): Max retries exceeded with url: /manuGMG/proxy-365/main/SOCKS5.txt (Caused by NewConnectionError('<urllib3.connection.HTTPSConnection object at 0x7d6304e0d0>: Failed to establish a new connection: [Errno 101] Network is unreachable'))
HTTPSConnectionPool(host='raw.githubusercontent.com', port=443): Max retries exceeded with url: /roosterkid/openproxylist/main/SOCKS4_RAW.txt (Caused by NewConnectionError('<urllib3.connection.HTTPSConnection object at 0x7d6304e8d0>: Failed to establish a new connection: [Errno 101] Network is unreachable'))
HTTPSConnectionPool(host='raw.githubusercontent.com', port=443): Max retries exceeded with url: /hanwayTech/free-proxy-list/main/https.txt (Caused by NewConnectionError('<urllib3.connection.HTTPSConnection object at 0x7d62fae750>: Failed to establish a new connection: [Errno 101] Network is unreachable'))
HTTPSConnectionPool(host='raw.githubusercontent.com', port=443): Max retries exceeded with url: /mmpx12/proxy-list/master/socks5.txt (Caused by NewConnectionError('<urllib3.connection.HTTPSConnection object at 0x7d62fd5990>: Failed to establish a new connection: [Errno 101] Network is unreachable'))
HTTPSConnectionPool(host='raw.githubusercontent.com', port=443): Max retries exceeded with url: /roosterkid/openproxylist/main/SOCKS5_RAW.txt (Caused by NewConnectionError('<urllib3.connection.HTTPSConnection object at 0x7d5db3a8d0>: Failed to establish a new connection: [Errno 101] Network is unreachable'))
HTTPSConnectionPool(host='raw.githubusercontent.com', port=443): Max retries exceeded with url: /saschazesiger/Free-Proxies/master/proxies/socks4.txt (Caused by NewConnectionError('<urllib3.connection.HTTPSConnection object at 0x7d63044590>: Failed to establish a new connection: [Errno 101] Network is unreachable'))
HTTPSConnectionPool(host='raw.githubusercontent.com', port=443): Max retries exceeded with url: /hendrikbgr/Free-Proxy-Repo/master/proxy_list.txt (Caused by NewConnectionError('<urllib3.connection.HTTPSConnection object at 0x7d652c2cd0>: Failed to establish a new connection: [Errno 101] Network is unreachable'))
HTTPSConnectionPool(host='raw.githubusercontent.com', port=443): Max retries exceeded with url: /saschazesiger/Free-Proxies/master/proxies/socks5.txt (Caused by NewConnectionError('<urllib3.connection.HTTPSConnection object at 0x7d5dbe6c50>: Failed to establish a new connection: [Errno 101] Network is unreachable'))
HTTPSConnectionPool(host='raw.githubusercontent.com', port=443): Max retries exceeded with url: /ShiftyTR/Proxy-List/master/socks4.txt (Caused by NewConnectionError('<urllib3.connection.HTTPSConnection object at 0x7d63047f50>: Failed to establish a new connection: [Errno 101] Network is unreachable'))
HTTPSConnectionPool(host='raw.githubusercontent.com', port=443): Max retries exceeded with url: /HyperBeats/proxy-list/main/http.txt (Caused by NameResolutionError("<urllib3.connection.HTTPSConnection object at 0x7d62fd6d90>: Failed to resolve 'raw.githubusercontent.com' ([Errno 7] No address associated with hostname)"))
HTTPSConnectionPool(host='raw.githubusercontent.com', port=443): Max retries exceeded with url: /ShiftyTR/Proxy-List/master/socks5.txt (Caused by NameResolutionError("<urllib3.connection.HTTPSConnection object at 0x7d63045590>: Failed to resolve 'raw.githubusercontent.com' ([Errno 7] No address associated with hostname)"))
HTTPSConnectionPool(host='raw.githubusercontent.com', port=443): Max retries exceeded with url: /jetkai/proxy-list/main/online-proxies/txt/proxies-http.txt (Caused by NameResolutionError("<urllib3.connection.HTTPSConnection object at 0x7d6304de50>: Failed to resolve 'raw.githubusercontent.com' ([Errno 7] No address associated with hostname)"))
HTTPSConnectionPool(host='raw.githubusercontent.com', port=443): Max retries exceeded with url: /TheSpeedX/PROXY-List/master/socks5.txt (Caused by NameResolutionError("<urllib3.connection.HTTPSConnection object at 0x7d5dbe5bd0>: Failed to resolve 'raw.githubusercontent.com' ([Errno 7] No address associated with hostname)"))
HTTPSConnectionPool(host='raw.githubusercontent.com', port=443): Max retries exceeded with url: /Zaeem20/FREE_PROXY_LIST/master/socks4.txt (Caused by NameResolutionError("<urllib3.connection.HTTPSConnection object at 0x7d63184550>: Failed to resolve 'raw.githubusercontent.com' ([Errno 7] No address associated with hostname)"))
HTTPSConnectionPool(host='raw.githubusercontent.com', port=443): Max retries exceeded with url: /jetkai/proxy-list/main/online-proxies/txt/proxies-https.txt (Caused by NameResolutionError("<urllib3.connection.HTTPSConnection object at 0x7d63044e50>: Failed to resolve 'raw.githubusercontent.com' ([Errno 7] No address associated with hostname)"))
HTTPSConnectionPool(host='raw.githubusercontent.com', port=443): Max retries exceeded with url: /Zaeem20/FREE_PROXY_LIST/master/socks5.txt (Caused by NameResolutionError("<urllib3.connection.HTTPSConnection object at 0x7d63118210>: Failed to resolve 'raw.githubusercontent.com' ([Errno 7] No address associated with hostname)"))
HTTPSConnectionPool(host='spys.me', port=443): Max retries exceeded with url: /socks.txt (Caused by NameResolutionError("<urllib3.connection.HTTPSConnection object at 0x7d62fd6f90>: Failed to resolve 'spys.me' ([Errno 7] No address associated with hostname)"))
HTTPSConnectionPool(host='raw.githubusercontent.com', port=443): Max retries exceeded with url: /mertguvencli/http-proxy-list/main/proxy-list/data.txt (Caused by NameResolutionError("<urllib3.connection.HTTPSConnection object at 0x7d62fae690>: Failed to resolve 'raw.githubusercontent.com' ([Errno 7] No address associated with hostname)"))
HTTPSConnectionPool(host='spys.me', port=443): Max retries exceeded with url: /socks.txt (Caused by NameResolutionError("<urllib3.connection.HTTPSConnection object at 0x7d5dbe5590>: Failed to resolve 'spys.me' ([Errno 7] No address associated with hostname)"))
HTTPSConnectionPool(host='raw.githubusercontent.com', port=443): Max retries exceeded with url: /mmpx12/proxy-list/master/http.txt (Caused by NameResolutionError("<urllib3.connection.HTTPSConnection object at 0x7d62fd6910>: Failed to resolve 'raw.githubusercontent.com' ([Errno 7] No address associated with hostname)"))
HTTPSConnectionPool(host='www.freeproxychecker.com', port=443): Max retries exceeded with url: /result/socks4_proxies.txt (Caused by NameResolutionError("<urllib3.connection.HTTPSConnection object at 0x7d64f49610>: Failed to resolve 'www.freeproxychecker.com' ([Errno 7] No address associated with hostname)"))
HTTPSConnectionPool(host='www.freeproxychecker.com', port=443): Max retries exceeded with url: /result/socks5_proxies.txt (Caused by NameResolutionError("<urllib3.connection.HTTPSConnection object at 0x7d64f49290>: Failed to resolve 'www.freeproxychecker.com' ([Errno 7] No address associated with hostname)"))
HTTPSConnectionPool(host='www.proxy-list.download', port=443): Max retries exceeded with url: /api/v1/get?type=socks4 (Caused by NameResolutionError("<urllib3.connection.HTTPSConnection object at 0x7d5dbe5410>: Failed to resolve 'www.proxy-list.download' ([Errno 7] No address associated with hostname)"))
HTTPSConnectionPool(host='raw.githubusercontent.com', port=443): Max retries exceeded with url: /mmpx12/proxy-list/master/https.txt (Caused by NameResolutionError("<urllib3.connection.HTTPSConnection object at 0x7d5dbe5f90>: Failed to resolve 'raw.githubusercontent.com' ([Errno 7] No address associated with hostname)"))
HTTPSConnectionPool(host='www.proxy-list.download', port=443): Max retries exceeded with url: /api/v1/get?type=socks5 (Caused by NameResolutionError("<urllib3.connection.HTTPSConnection object at 0x7d62fa00d0>: Failed to resolve 'www.proxy-list.download' ([Errno 7] No address associated with hostname)"))
HTTPSConnectionPool(host='raw.githubusercontent.com', port=443): Max retries exceeded with url: /roosterkid/openproxylist/main/HTTPS_RAW.txt (Caused by NameResolutionError("<urllib3.connection.HTTPSConnection object at 0x7d62fd7bd0>: Failed to resolve 'raw.githubusercontent.com' ([Errno 7] No address associated with hostname)"))
HTTPSConnectionPool(host='www.proxyscan.io', port=443): Max retries exceeded with url: /download?type=socks4 (Caused by NameResolutionError("<urllib3.connection.HTTPSConnection object at 0x7d63047d90>: Failed to resolve 'www.proxyscan.io' ([Errno 7] No address associated with hostname)"))
HTTPSConnectionPool(host='www.proxyscan.io', port=443): Max retries exceeded with url: /download?type=socks5 (Caused by NameResolutionError("<urllib3.connection.HTTPSConnection object at 0x7d62fd6f90>: Failed to resolve 'www.proxyscan.io' ([Errno 7] No address associated with hostname)"))
HTTPSConnectionPool(host='raw.githubusercontent.com', port=443): Max retries exceeded with url: /RX4096/proxy-list/main/online/http.txt (Caused by NameResolutionError("<urllib3.connection.HTTPSConnection object at 0x7d62fb8250>: Failed to resolve 'raw.githubusercontent.com' ([Errno 7] No address associated with hostname)"))
HTTPSConnectionPool(host='raw.githubusercontent.com', port=443): Max retries exceeded with url: /RX4096/proxy-list/main/online/https.txt (Caused by NameResolutionError("<urllib3.connection.HTTPSConnection object at 0x7d62f90c10>: Failed to resolve 'raw.githubusercontent.com' ([Errno 7] No address associated with hostname)"))
HTTPSConnectionPool(host='raw.githubusercontent.com', port=443): Max retries exceeded with url: /saisuiu/uiu/main/free.txt (Caused by NameResolutionError("<urllib3.connection.HTTPSConnection object at 0x7d62f93a50>: Failed to resolve 'raw.githubusercontent.com' ([Errno 7] No address associated with hostname)"))
HTTPSConnectionPool(host='raw.githubusercontent.com', port=443): Max retries exceeded with url: /saschazesiger/Free-Proxies/master/proxies/http.txt (Caused by NameResolutionError("<urllib3.connection.HTTPSConnection object at 0x7d62fb8a90>: Failed to resolve 'raw.githubusercontent.com' ([Errno 7] No address associated with hostname)"))
HTTPSConnectionPool(host='raw.githubusercontent.com', port=443): Max retries exceeded with url: /ShiftyTR/Proxy-List/master/http.txt (Caused by NameResolutionError("<urllib3.connection.HTTPSConnection object at 0x7d5db1b5d0>: Failed to resolve 'raw.githubusercontent.com' ([Errno 7] No address associated with hostname)"))
HTTPSConnectionPool(host='raw.githubusercontent.com', port=443): Max retries exceeded with url: /ShiftyTR/Proxy-List/master/https.txt (Caused by NameResolutionError("<urllib3.connection.HTTPSConnection object at 0x7d63045d50>: Failed to resolve 'raw.githubusercontent.com' ([Errno 7] No address associated with hostname)"))
HTTPSConnectionPool(host='raw.githubusercontent.com', port=443): Max retries exceeded with url: /sunny9577/proxy-scraper/master/proxies.txt (Caused by NameResolutionError("<urllib3.connection.HTTPSConnection object at 0x7d62fa3a10>: Failed to resolve 'raw.githubusercontent.com' ([Errno 7] No address associated with hostname)"))
                                                                                                                                                                                                                                                                                                                                      HTTPSConnectionPool(host='raw.githubusercontent.com', port=443): Max retries exceeded with url: /TheSpeedX/PROXY-List/master/http.txt (Caused by NameResolutionError("<urllib3.connection.HTTPSConnection object at 0x7d62fa34d0>: Failed to resolve 'raw.githubusercontent.com' ([Errno 7] No address associated with hostname)"))
HTTPSConnectionPool(host='raw.githubusercontent.com', port=443): Max retries exceeded with url: /yemixzy/proxy-list/main/proxy-list/data.txt (Caused by NameResolutionError("<urllib3.connection.HTTPSConnection object at 0x7d5db18810>: Failed to resolve 'raw.githubusercontent.com' ([Errno 7] No address associated with hostname)"))
HTTPSConnectionPool(host='raw.githubusercontent.com', port=443): Max retries exceeded with url: /Zaeem20/FREE_PROXY_LIST/master/http.txt (Caused by NameResolutionError("<urllib3.connection.HTTPSConnection object at 0x7d63046a50>: Failed to resolve 'raw.githubusercontent.com' ([Errno 7] No address associated with hostname)"))
HTTPSConnectionPool(host='raw.githubusercontent.com', port=443): Max retries exceeded with url: /Zaeem20/FREE_PROXY_LIST/master/https.txt (Caused by NameResolutionError("<urllib3.connection.HTTPSConnection object at 0x7d63044d10>: Failed to resolve 'raw.githubusercontent.com' ([Errno 7] No address associated with hostname)"))
HTTPSConnectionPool(host='rootjazz.com', port=443): Max retries exceeded with url: /proxies/proxies.txt (Caused by NameResolutionError("<urllib3.connection.HTTPSConnection object at 0x7d62fb9450>: Failed to resolve 'rootjazz.com' ([Errno 7] No address associated with hostname)"))
HTTPSConnectionPool(host='sheesh.rip', port=443): Max retries exceeded with url: /http.txt (Caused by NameResolutionError("<urllib3.connection.HTTPSConnection object at 0x7d62f92f10>: Failed to resolve 'sheesh.rip' ([Errno 7] No address associated with hostname)"))
HTTPSConnectionPool(host='spys.me', port=443): Max retries exceeded with url: /proxy.txt (Caused by NameResolutionError("<urllib3.connection.HTTPSConnection object at 0x7d62fd51d0>: Failed to resolve 'spys.me' ([Errno 7] No address associated with hostname)"))
HTTPSConnectionPool(host='www.freeproxychecker.com', port=443): Max retries exceeded with url: /result/http_proxies.txt (Caused by NameResolutionError("<urllib3.connection.HTTPSConnection object at 0x7d62f93d90>: Failed to resolve 'www.freeproxychecker.com' ([Errno 7] No address associated with hostname)"))
HTTPSConnectionPool(host='www.proxy-list.download', port=443): Max retries exceeded with url: /api/v1/get?type=http (Caused by NameResolutionError("<urllib3.connection.HTTPSConnection object at 0x7d5db1a110>: Failed to resolve 'www.proxy-list.download' ([Errno 7] No address associated with hostname)"))
HTTPSConnectionPool(host='www.proxy-list.download', port=443): Max retries exceeded with url: /api/v1/get?type=https (Caused by NameResolutionError("<urllib3.connection.HTTPSConnection object at 0x7d62fb8790>: Failed to resolve 'www.proxy-list.download' ([Errno 7] No address associated with hostname)"))
HTTPSConnectionPool(host='www.proxyscan.io', port=443): Max retries exceeded with url: /download?type=http (Caused by NameResolutionError("<urllib3.connection.HTTPSConnection object at 0x7d63047e90>: Failed to resolve 'www.proxyscan.io' ([Errno 7] No address associated with hostname)"))
HTTPSConnectionPool(host='raw.githubusercontent.com', port=443): Max retries exceeded with url: /B4RC0DE-TM/proxy-list/main/SOCKS5.txt (Caused by ConnectTimeoutError(<urllib3.connection.HTTPSConnection object at 0x7240add150>, 'Connection to raw.githubusercontent.com timed out. (connect timeout=15)'))
HTTPSConnectionPool(host='raw.githubusercontent.com', port=443): Max retries exceeded with url: /B4RC0DE-TM/proxy-list/main/SOCKS4.txt (Caused by ConnectTimeoutError(<urllib3.connection.HTTPSConnection object at 0x7240a0d210>, 'Connection to raw.githubusercontent.com timed out. (connect timeout=15)'))
HTTPSConnectionPool(host='raw.githubusercontent.com', port=443): Max retries exceeded with url: /almroot/proxylist/master/list.txt (Caused by ConnectTimeoutError(<urllib3.connection.HTTPSConnection object at 0x724515af10>, 'Connection to raw.githubusercontent.com timed out. (connect timeout=15)'))
HTTPSConnectionPool(host='raw.githubusercontent.com', port=443): Max retries exceeded with url: /hanwayTech/free-proxy-list/main/socks5.txt (Caused by ConnectTimeoutError(<urllib3.connection.HTTPSConnection object at 0x7240a0e2d0>, 'Connection to raw.githubusercontent.com timed out. (connect timeout=15)'))
HTTPSConnectionPool(host='raw.githubusercontent.com', port=443): Max retries exceeded with url: /hanwayTech/free-proxy-list/main/socks4.txt (Caused by ConnectTimeoutError(<urllib3.connection.HTTPSConnection object at 0x7240a0ffd0>, 'Connection to raw.githubusercontent.com timed out. (connect timeout=15)'))
HTTPSConnectionPool(host='raw.githubusercontent.com', port=443): Max retries exceeded with url: /aslisk/proxyhttps/main/https.txt (Caused by ConnectTimeoutError(<urllib3.connection.HTTPSConnection object at 0x72451ddfd0>, 'Connection to raw.githubusercontent.com timed out. (connect timeout=15)'))
HTTPSConnectionPool(host='raw.githubusercontent.com', port=443): Max retries exceeded with url: /hookzof/socks5_list/master/proxy.txt (Caused by ConnectTimeoutError(<urllib3.connection.HTTPSConnection object at 0x72451d8090>, 'Connection to raw.githubusercontent.com timed out. (connect timeout=15)'))
HTTPSConnectionPool(host='raw.githubusercontent.com', port=443): Max retries exceeded with url: /HyperBeats/proxy-list/main/socks4.txt (Caused by ConnectTimeoutError(<urllib3.connection.HTTPSConnection object at 0x7245122810>, 'Connection to raw.githubusercontent.com timed out. (connect timeout=15)'))
HTTPSConnectionPool(host='raw.githubusercontent.com', port=443): Max retries exceeded with url: /B4RC0DE-TM/proxy-list/main/HTTP.txt (Caused by ConnectTimeoutError(<urllib3.connection.HTTPSConnection object at 0x7240a0e9d0>, 'Connection to raw.githubusercontent.com timed out. (connect timeout=15)'))
HTTPSConnectionPool(host='raw.githubusercontent.com', port=443): Max retries exceeded with url: /HyperBeats/proxy-list/main/socks5.txt (Caused by ConnectTimeoutError(<urllib3.connection.HTTPSConnection object at 0x7240a0d0d0>, 'Connection to raw.githubusercontent.com timed out. (connect timeout=15)'))
HTTPSConnectionPool(host='raw.githubusercontent.com', port=443): Max retries exceeded with url: /jetkai/proxy-list/main/online-proxies/txt/proxies-socks4.txt (Caused by ConnectTimeoutError(<urllib3.connection.HTTPSConnection object at 0x7240adcc10>, 'Connection to raw.githubusercontent.com timed out. (connect timeout=15)'))
HTTPSConnectionPool(host='raw.githubusercontent.com', port=443): Max retries exceeded with url: /clarketm/proxy-list/master/proxy-list-raw.txt (Caused by ConnectTimeoutError(<urllib3.connection.HTTPSConnection object at 0x724515a3d0>, 'Connection to raw.githubusercontent.com timed out. (connect timeout=15)'))
HTTPSConnectionPool(host='raw.githubusercontent.com', port=443): Max retries exceeded with url: /jetkai/proxy-list/main/online-proxies/txt/proxies-socks5.txt (Caused by ConnectTimeoutError(<urllib3.connection.HTTPSConnection object at 0x72451da590>, 'Connection to raw.githubusercontent.com timed out. (connect timeout=15)'))
HTTPSConnectionPool(host='raw.githubusercontent.com', port=443): Max retries exceeded with url: /mmpx12/proxy-list/master/socks4.txt (Caused by ConnectTimeoutError(<urllib3.connection.HTTPSConnection object at 0x7240adc990>, 'Connection to raw.githubusercontent.com timed out. (connect timeout=15)'))
HTTPSConnectionPool(host='raw.githubusercontent.com', port=443): Max retries exceeded with url: /hanwayTech/free-proxy-list/main/http.txt (Caused by ConnectTimeoutError(<urllib3.connection.HTTPSConnection object at 0x724515b610>, 'Connection to raw.githubusercontent.com timed out. (connect timeout=15)'))
HTTPSConnectionPool(host='raw.githubusercontent.com', port=443): Max retries exceeded with url: /manuGMG/proxy-365/main/SOCKS5.txt (Caused by ConnectTimeoutError(<urllib3.connection.HTTPSConnection object at 0x72451df350>, 'Connection to raw.githubusercontent.com timed out. (connect timeout=15)'))
HTTPSConnectionPool(host='raw.githubusercontent.com', port=443): Max retries exceeded with url: /roosterkid/openproxylist/main/SOCKS4_RAW.txt (Caused by ConnectTimeoutError(<urllib3.connection.HTTPSConnection object at 0x72451dc0d0>, 'Connection to raw.githubusercontent.com timed out. (connect timeout=15)'))
HTTPSConnectionPool(host='raw.githubusercontent.com', port=443): Max retries exceeded with url: /hanwayTech/free-proxy-list/main/https.txt (Caused by ConnectTimeoutError(<urllib3.connection.HTTPSConnection object at 0x7240a0c350>, 'Connection to raw.githubusercontent.com timed out. (connect timeout=15)'))
HTTPSConnectionPool(host='raw.githubusercontent.com', port=443): Max retries exceeded with url: /mmpx12/proxy-list/master/socks5.txt (Caused by ConnectTimeoutError(<urllib3.connection.HTTPSConnection object at 0x72451db710>, 'Connection to raw.githubusercontent.com timed out. (connect timeout=15)'))
HTTPSConnectionPool(host='raw.githubusercontent.com', port=443): Max retries exceeded with url: /saschazesiger/Free-Proxies/master/proxies/socks4.txt (Caused by ConnectTimeoutError(<urllib3.connection.HTTPSConnection object at 0x7245210bd0>, 'Connection to raw.githubusercontent.com timed out. (connect timeout=15)'))
HTTPSConnectionPool(host='raw.githubusercontent.com', port=443): Max retries exceeded with url: /hendrikbgr/Free-Proxy-Repo/master/proxy_list.txt (Caused by ConnectTimeoutError(<urllib3.connection.HTTPSConnection object at 0x72451dff10>, 'Connection to raw.githubusercontent.com timed out. (connect timeout=15)'))
HTTPSConnectionPool(host='raw.githubusercontent.com', port=443): Max retries exceeded with url: /roosterkid/openproxylist/main/SOCKS5_RAW.txt (Caused by ConnectTimeoutError(<urllib3.connection.HTTPSConnection object at 0x724513e390>, 'Connection to raw.githubusercontent.com timed out. (connect timeout=15)'))
HTTPSConnectionPool(host='raw.githubusercontent.com', port=443): Max retries exceeded with url: /ShiftyTR/Proxy-List/master/socks4.txt (Caused by ConnectTimeoutError(<urllib3.connection.HTTPSConnection object at 0x72451d8050>, 'Connection to raw.githubusercontent.com timed out. (connect timeout=15)'))
HTTPSConnectionPool(host='raw.githubusercontent.com', port=443): Max retries exceeded with url: /HyperBeats/proxy-list/main/http.txt (Caused by ConnectTimeoutError(<urllib3.connection.HTTPSConnection object at 0x7240a0de10>, 'Connection to raw.githubusercontent.com timed out. (connect timeout=15)'))
HTTPSConnectionPool(host='raw.githubusercontent.com', port=443): Max retries exceeded with url: /saschazesiger/Free-Proxies/master/proxies/socks5.txt (Caused by ConnectTimeoutError(<urllib3.connection.HTTPSConnection object at 0x724515a510>, 'Connection to raw.githubusercontent.com timed out. (connect timeout=15)'))
HTTPSConnectionPool(host='raw.githubusercontent.com', port=443): Max retries exceeded with url: /TheSpeedX/PROXY-List/master/socks4.txt (Caused by ConnectTimeoutError(<urllib3.connection.HTTPSConnection object at 0x7245211390>, 'Connection to raw.githubusercontent.com timed out. (connect timeout=15)'))
HTTPSConnectionPool(host='raw.githubusercontent.com', port=443): Max retries exceeded with url: /jetkai/proxy-list/main/online-proxies/txt/proxies-http.txt (Caused by ConnectTimeoutError(<urllib3.connection.HTTPSConnection object at 0x7245149510>, 'Connection to raw.githubusercontent.com timed out. (connect timeout=15)'))
HTTPSConnectionPool(host='raw.githubusercontent.com', port=443): Max retries exceeded with url: /ShiftyTR/Proxy-List/master/socks5.txt (Caused by ConnectTimeoutError(<urllib3.connection.HTTPSConnection object at 0x72451d92d0>, 'Connection to raw.githubusercontent.com timed out. (connect timeout=15)'))
HTTPSConnectionPool(host='raw.githubusercontent.com', port=443): Max retries exceeded with url: /Zaeem20/FREE_PROXY_LIST/master/socks4.txt (Caused by ConnectTimeoutError(<urllib3.connection.HTTPSConnection object at 0x72451d89d0>, 'Connection to raw.githubusercontent.com timed out. (connect timeout=15)'))
HTTPSConnectionPool(host='raw.githubusercontent.com', port=443): Max retries exceeded with url: /jetkai/proxy-list/main/online-proxies/txt/proxies-https.txt (Caused by ConnectTimeoutError(<urllib3.connection.HTTPSConnection object at 0x7240a0e350>, 'Connection to raw.githubusercontent.com timed out. (connect timeout=15)'))
HTTPSConnectionPool(host='raw.githubusercontent.com', port=443): Max retries exceeded with url: /TheSpeedX/PROXY-List/master/socks5.txt (Caused by ConnectTimeoutError(<urllib3.connection.HTTPSConnection object at 0x7240a0e610>, 'Connection to raw.githubusercontent.com timed out. (connect timeout=15)'))
HTTPSConnectionPool(host='raw.githubusercontent.com', port=443): Max retries exceeded with url: /mertguvencli/http-proxy-list/main/proxy-list/data.txt (Caused by ConnectTimeoutError(<urllib3.connection.HTTPSConnection object at 0x724515c8d0>, 'Connection to raw.githubusercontent.com timed out. (connect timeout=15)'))
HTTPSConnectionPool(host='raw.githubusercontent.com', port=443): Max retries exceeded with url: /Zaeem20/FREE_PROXY_LIST/master/socks5.txt (Caused by ConnectTimeoutError(<urllib3.connection.HTTPSConnection object at 0x7245130710>, 'Connection to raw.githubusercontent.com timed out. (connect timeout=15)'))
HTTPSConnectionPool(host='raw.githubusercontent.com', port=443): Max retries exceeded with url: /mmpx12/proxy-list/master/http.txt (Caused by ConnectTimeoutError(<urllib3.connection.HTTPSConnection object at 0x7240adf0d0>, 'Connection to raw.githubusercontent.com timed out. (connect timeout=15)'))
HTTPSConnectionPool(host='raw.githubusercontent.com', port=443): Max retries exceeded with url: /mmpx12/proxy-list/master/https.txt (Caused by ConnectTimeoutError(<urllib3.connection.HTTPSConnection object at 0x7240a0fcd0>, 'Connection to raw.githubusercontent.com timed out. (connect timeout=15)'))
HTTPSConnectionPool(host='raw.githubusercontent.com', port=443): Max retries exceeded with url: /roosterkid/openproxylist/main/HTTPS_RAW.txt (Caused by ConnectTimeoutError(<urllib3.connection.HTTPSConnection object at 0x7240adc310>, 'Connection to raw.githubusercontent.com timed out. (connect timeout=15)'))
HTTPSConnectionPool(host='raw.githubusercontent.com', port=443): Max retries exceeded with url: /RX4096/proxy-list/main/online/http.txt (Caused by ConnectTimeoutError(<urllib3.connection.HTTPSConnection object at 0x72451def90>, 'Connection to raw.githubusercontent.com timed out. (connect timeout=15)'))
HTTPSConnectionPool(host='raw.githubusercontent.com', port=443): Max retries exceeded with url: /RX4096/proxy-list/main/online/https.txt (Caused by ConnectTimeoutError(<urllib3.connection.HTTPSConnection object at 0x72451e43d0>, 'Connection to raw.githubusercontent.com timed out. (connect timeout=15)'))
HTTPSConnectionPool(host='raw.githubusercontent.com', port=443): Max retries exceeded with url: /saisuiu/uiu/main/free.txt (Caused by ConnectTimeoutError(<urllib3.connection.HTTPSConnection object at 0x7240adc490>, 'Connection to raw.githubusercontent.com timed out. (connect timeout=15)'))
HTTPSConnectionPool(host='raw.githubusercontent.com', port=443): Max retries exceeded with url: /saschazesiger/Free-Proxies/master/proxies/http.txt (Caused by ConnectTimeoutError(<urllib3.connection.HTTPSConnection object at 0x7240adee90>, 'Connection to raw.githubusercontent.com timed out. (connect timeout=15)'))
HTTPSConnectionPool(host='raw.githubusercontent.com', port=443): Max retries exceeded with url: /ShiftyTR/Proxy-List/master/http.txt (Caused by ConnectTimeoutError(<urllib3.connection.HTTPSConnection object at 0x72451300d0>, 'Connection to raw.githubusercontent.com timed out. (connect timeout=15)'))
HTTPSConnectionPool(host='raw.githubusercontent.com', port=443): Max retries exceeded with url: /ShiftyTR/Proxy-List/master/https.txt (Caused by ConnectTimeoutError(<urllib3.connection.HTTPSConnection object at 0x7240a0ca10>, 'Connection to raw.githubusercontent.com timed out. (connect timeout=15)'))
HTTPSConnectionPool(host='raw.githubusercontent.com', port=443): Max retries exceeded with url: /sunny9577/proxy-scraper/master/proxies.txt (Caused by ConnectTimeoutError(<urllib3.connection.HTTPSConnection object at 0x724515c850>, 'Connection to raw.githubusercontent.com timed out. (connect timeout=15)'))
HTTPSConnectionPool(host='raw.githubusercontent.com', port=443): Max retries exceeded with url: /TheSpeedX/PROXY-List/master/http.txt (Caused by ConnectTimeoutError(<urllib3.connection.HTTPSConnection object at 0x724515f750>, 'Connection to raw.githubusercontent.com timed out. (connect timeout=15)'))
HTTPSConnectionPool(host='raw.githubusercontent.com', port=443): Max retries exceeded with url: /yemixzy/proxy-list/main/proxy-list/data.txt (Caused by ConnectTimeoutError(<urllib3.connection.HTTPSConnection object at 0x724515e990>, 'Connection to raw.githubusercontent.com timed out. (connect timeout=15)'))
HTTPSConnectionPool(host='raw.githubusercontent.com', port=443): Max retries exceeded with url: /Zaeem20/FREE_PROXY_LIST/master/http.txt (Caused by ConnectTimeoutError(<urllib3.connection.HTTPSConnection object at 0x724515e210>, 'Connection to raw.githubusercontent.com timed out. (connect timeout=15)'))
HTTPSConnectionPool(host='raw.githubusercontent.com', port=443): Max retries exceeded with url: /Zaeem20/FREE_PROXY_LIST/master/https.txt (Caused by ConnectTimeoutError(<urllib3.connection.HTTPSConnection object at 0x7245133990>, 'Connection to raw.githubusercontent.com timed out. (connect timeout=15)'))
HTTPSConnectionPool(host='sheesh.rip', port=443): Max retries exceeded with url: /http.txt (Caused by NameResolutionError("<urllib3.connection.HTTPSConnection object at 0x7240a0f250>: Failed to resolve 'sheesh.rip' ([Errno 7] No address associated with hostname)"))
HTTPSConnectionPool(host='raw.githubusercontent.com', port=443): Max retries exceeded with url: /B4RC0DE-TM/proxy-list/main/SOCKS4.txt (Caused by NewConnectionError('<urllib3.connection.HTTPSConnection object at 0x7545324690>: Failed to establish a new connection: [Errno 103] Software caused connection abort'))
HTTPSConnectionPool(host='raw.githubusercontent.com', port=443): Max retries exceeded with url: /almroot/proxylist/master/list.txt (Caused by NewConnectionError('<urllib3.connection.HTTPSConnection object at 0x753ff04710>: Failed to establish a new connection: [Errno 103] Software caused connection abort'))
HTTPSConnectionPool(host='raw.githubusercontent.com', port=443): Max retries exceeded with url: /B4RC0DE-TM/proxy-list/main/SOCKS5.txt (Caused by NewConnectionError('<urllib3.connection.HTTPSConnection object at 0x754acbd510>: Failed to establish a new connection: [Errno 103] Software caused connection abort'))
HTTPSConnectionPool(host='raw.githubusercontent.com', port=443): Max retries exceeded with url: /aslisk/proxyhttps/main/https.txt (Caused by NewConnectionError('<urllib3.connection.HTTPSConnection object at 0x75453aa9d0>: Failed to establish a new connection: [Errno 101] Network is unreachable'))
HTTPSConnectionPool(host='raw.githubusercontent.com', port=443): Max retries exceeded with url: /hanwayTech/free-proxy-list/main/socks4.txt (Caused by NewConnectionError('<urllib3.connection.HTTPSConnection object at 0x75453a9e10>: Failed to establish a new connection: [Errno 101] Network is unreachable'))
HTTPSConnectionPool(host='raw.githubusercontent.com', port=443): Max retries exceeded with url: /hanwayTech/free-proxy-list/main/socks5.txt (Caused by NewConnectionError('<urllib3.connection.HTTPSConnection object at 0x75453aa3d0>: Failed to establish a new connection: [Errno 101] Network is unreachable'))
HTTPSConnectionPool(host='raw.githubusercontent.com', port=443): Max retries exceeded with url: /B4RC0DE-TM/proxy-list/main/HTTP.txt (Caused by NewConnectionError('<urllib3.connection.HTTPSConnection object at 0x75453a95d0>: Failed to establish a new connection: [Errno 101] Network is unreachable'))
HTTPSConnectionPool(host='raw.githubusercontent.com', port=443): Max retries exceeded with url: /hookzof/socks5_list/master/proxy.txt (Caused by NewConnectionError('<urllib3.connection.HTTPSConnection object at 0x75453a8650>: Failed to establish a new connection: [Errno 101] Network is unreachable'))
HTTPSConnectionPool(host='raw.githubusercontent.com', port=443): Max retries exceeded with url: /HyperBeats/proxy-list/main/socks4.txt (Caused by NewConnectionError('<urllib3.connection.HTTPSConnection object at 0x7545388b50>: Failed to establish a new connection: [Errno 101] Network is unreachable'))
HTTPSConnectionPool(host='raw.githubusercontent.com', port=443): Max retries exceeded with url: /clarketm/proxy-list/master/proxy-list-raw.txt (Caused by NewConnectionError('<urllib3.connection.HTTPSConnection object at 0x754acbd310>: Failed to establish a new connection: [Errno 101] Network is unreachable'))
HTTPSConnectionPool(host='raw.githubusercontent.com', port=443): Max retries exceeded with url: /HyperBeats/proxy-list/main/socks5.txt (Caused by NewConnectionError('<urllib3.connection.HTTPSConnection object at 0x753ff04dd0>: Failed to establish a new connection: [Errno 101] Network is unreachable'))
HTTPSConnectionPool(host='raw.githubusercontent.com', port=443): Max retries exceeded with url: /jetkai/proxy-list/main/online-proxies/txt/proxies-socks4.txt (Caused by NewConnectionError('<urllib3.connection.HTTPSConnection object at 0x753ff06010>: Failed to establish a new connection: [Errno 101] Network is unreachable'))
HTTPSConnectionPool(host='raw.githubusercontent.com', port=443): Max retries exceeded with url: /hanwayTech/free-proxy-list/main/http.txt (Caused by NewConnectionError('<urllib3.connection.HTTPSConnection object at 0x754532bb10>: Failed to establish a new connection: [Errno 101] Network is unreachable'))
HTTPSConnectionPool(host='raw.githubusercontent.com', port=443): Max retries exceeded with url: /mmpx12/proxy-list/master/socks4.txt (Caused by NewConnectionError('<urllib3.connection.HTTPSConnection object at 0x75453219d0>: Failed to establish a new connection: [Errno 101] Network is unreachable'))
HTTPSConnectionPool(host='raw.githubusercontent.com', port=443): Max retries exceeded with url: /jetkai/proxy-list/main/online-proxies/txt/proxies-socks5.txt (Caused by NewConnectionError('<urllib3.connection.HTTPSConnection object at 0x754acbf290>: Failed to establish a new connection: [Errno 101] Network is unreachable'))
HTTPSConnectionPool(host='raw.githubusercontent.com', port=443): Max retries exceeded with url: /roosterkid/openproxylist/main/SOCKS4_RAW.txt (Caused by NewConnectionError('<urllib3.connection.HTTPSConnection object at 0x75453ab110>: Failed to establish a new connection: [Errno 101] Network is unreachable'))
HTTPSConnectionPool(host='raw.githubusercontent.com', port=443): Max retries exceeded with url: /hanwayTech/free-proxy-list/main/https.txt (Caused by NewConnectionError('<urllib3.connection.HTTPSConnection object at 0x753ff062d0>: Failed to establish a new connection: [Errno 101] Network is unreachable'))
HTTPSConnectionPool(host='raw.githubusercontent.com', port=443): Max retries exceeded with url: /manuGMG/proxy-365/main/SOCKS5.txt (Caused by NewConnectionError('<urllib3.connection.HTTPSConnection object at 0x753ff06150>: Failed to establish a new connection: [Errno 101] Network is unreachable'))
HTTPSConnectionPool(host='raw.githubusercontent.com', port=443): Max retries exceeded with url: /saschazesiger/Free-Proxies/master/proxies/socks4.txt (Caused by NewConnectionError('<urllib3.connection.HTTPSConnection object at 0x7545388dd0>: Failed to establish a new connection: [Errno 101] Network is unreachable'))
HTTPSConnectionPool(host='raw.githubusercontent.com', port=443): Max retries exceeded with url: /hendrikbgr/Free-Proxy-Repo/master/proxy_list.txt (Caused by NewConnectionError('<urllib3.connection.HTTPSConnection object at 0x75453ab110>: Failed to establish a new connection: [Errno 101] Network is unreachable'))
HTTPSConnectionPool(host='raw.githubusercontent.com', port=443): Max retries exceeded with url: /ShiftyTR/Proxy-List/master/socks4.txt (Caused by NewConnectionError('<urllib3.connection.HTTPSConnection object at 0x754acbfe10>: Failed to establish a new connection: [Errno 101] Network is unreachable'))
HTTPSConnectionPool(host='raw.githubusercontent.com', port=443): Max retries exceeded with url: /HyperBeats/proxy-list/main/http.txt (Caused by NewConnectionError('<urllib3.connection.HTTPSConnection object at 0x753ff06dd0>: Failed to establish a new connection: [Errno 101] Network is unreachable'))
HTTPSConnectionPool(host='raw.githubusercontent.com', port=443): Max retries exceeded with url: /mmpx12/proxy-list/master/socks5.txt (Caused by NewConnectionError('<urllib3.connection.HTTPSConnection object at 0x75453abb90>: Failed to establish a new connection: [Errno 101] Network is unreachable'))
HTTPSConnectionPool(host='raw.githubusercontent.com', port=443): Max retries exceeded with url: /TheSpeedX/PROXY-List/master/socks4.txt (Caused by NewConnectionError('<urllib3.connection.HTTPSConnection object at 0x753ff058d0>: Failed to establish a new connection: [Errno 101] Network is unreachable'))
HTTPSConnectionPool(host='raw.githubusercontent.com', port=443): Max retries exceeded with url: /roosterkid/openproxylist/main/SOCKS5_RAW.txt (Caused by NewConnectionError('<urllib3.connection.HTTPSConnection object at 0x7545389b10>: Failed to establish a new connection: [Errno 101] Network is unreachable'))
HTTPSConnectionPool(host='raw.githubusercontent.com', port=443): Max retries exceeded with url: /jetkai/proxy-list/main/online-proxies/txt/proxies-http.txt (Caused by NewConnectionError('<urllib3.connection.HTTPSConnection object at 0x754538bf90>: Failed to establish a new connection: [Errno 101] Network is unreachable'))
HTTPSConnectionPool(host='raw.githubusercontent.com', port=443): Max retries exceeded with url: /Zaeem20/FREE_PROXY_LIST/master/socks4.txt (Caused by NameResolutionError("<urllib3.connection.HTTPSConnection object at 0x753ff06410>: Failed to resolve 'raw.githubusercontent.com' ([Errno 7] No address associated with hostname)"))
HTTPSConnectionPool(host='raw.githubusercontent.com', port=443): Max retries exceeded with url: /saschazesiger/Free-Proxies/master/proxies/socks5.txt (Caused by NameResolutionError("<urllib3.connection.HTTPSConnection object at 0x75452eab10>: Failed to resolve 'raw.githubusercontent.com' ([Errno 7] No address associated with hostname)"))
HTTPSConnectionPool(host='raw.githubusercontent.com', port=443): Max retries exceeded with url: /jetkai/proxy-list/main/online-proxies/txt/proxies-https.txt (Caused by NameResolutionError("<urllib3.connection.HTTPSConnection object at 0x754acbe0d0>: Failed to resolve 'raw.githubusercontent.com' ([Errno 7] No address associated with hostname)"))
HTTPSConnectionPool(host='spys.me', port=443): Max retries exceeded with url: /socks.txt (Caused by NameResolutionError("<urllib3.connection.HTTPSConnection object at 0x7545389450>: Failed to resolve 'spys.me' ([Errno 7] No address associated with hostname)"))
HTTPSConnectionPool(host='raw.githubusercontent.com', port=443): Max retries exceeded with url: /ShiftyTR/Proxy-List/master/socks5.txt (Caused by NameResolutionError("<urllib3.connection.HTTPSConnection object at 0x75453a8550>: Failed to resolve 'raw.githubusercontent.com' ([Errno 7] No address associated with hostname)"))
HTTPSConnectionPool(host='www.freeproxychecker.com', port=443): Max retries exceeded with url: /result/socks4_proxies.txt (Caused by NameResolutionError("<urllib3.connection.HTTPSConnection object at 0x754530c8d0>: Failed to resolve 'www.freeproxychecker.com' ([Errno 7] No address associated with hostname)"))
HTTPSConnectionPool(host='raw.githubusercontent.com', port=443): Max retries exceeded with url: /mertguvencli/http-proxy-list/main/proxy-list/data.txt (Caused by NameResolutionError("<urllib3.connection.HTTPSConnection object at 0x754acbea10>: Failed to resolve 'raw.githubusercontent.com' ([Errno 7] No address associated with hostname)"))
HTTPSConnectionPool(host='www.proxy-list.download', port=443): Max retries exceeded with url: /api/v1/get?type=socks4 (Caused by NameResolutionError("<urllib3.connection.HTTPSConnection object at 0x754aca08d0>: Failed to resolve 'www.proxy-list.download' ([Errno 7] No address associated with hostname)"))
HTTPSConnectionPool(host='raw.githubusercontent.com', port=443): Max retries exceeded with url: /mmpx12/proxy-list/master/http.txt (Caused by NameResolutionError("<urllib3.connection.HTTPSConnection object at 0x753ff061d0>: Failed to resolve 'raw.githubusercontent.com' ([Errno 7] No address associated with hostname)"))
HTTPSConnectionPool(host='www.proxyscan.io', port=443): Max retries exceeded with url: /download?type=socks4 (Caused by NameResolutionError("<urllib3.connection.HTTPSConnection object at 0x75453219d0>: Failed to resolve 'www.proxyscan.io' ([Errno 7] No address associated with hostname)"))
HTTPSConnectionPool(host='raw.githubusercontent.com', port=443): Max retries exceeded with url: /mmpx12/proxy-list/master/https.txt (Caused by NameResolutionError("<urllib3.connection.HTTPSConnection object at 0x754530ec90>: Failed to resolve 'raw.githubusercontent.com' ([Errno 7] No address associated with hostname)"))
HTTPSConnectionPool(host='raw.githubusercontent.com', port=443): Max retries exceeded with url: /TheSpeedX/PROXY-List/master/socks5.txt (Caused by NameResolutionError("<urllib3.connection.HTTPSConnection object at 0x7545388a50>: Failed to resolve 'raw.githubusercontent.com' ([Errno 7] No address associated with hostname)"))
HTTPSConnectionPool(host='raw.githubusercontent.com', port=443): Max retries exceeded with url: /roosterkid/openproxylist/main/HTTPS_RAW.txt (Caused by NameResolutionError("<urllib3.connection.HTTPSConnection object at 0x7545323650>: Failed to resolve 'raw.githubusercontent.com' ([Errno 7] No address associated with hostname)"))
HTTPSConnectionPool(host='raw.githubusercontent.com', port=443): Max retries exceeded with url: /Zaeem20/FREE_PROXY_LIST/master/socks5.txt (Caused by NameResolutionError("<urllib3.connection.HTTPSConnection object at 0x7545306d10>: Failed to resolve 'raw.githubusercontent.com' ([Errno 7] No address associated with hostname)"))
HTTPSConnectionPool(host='raw.githubusercontent.com', port=443): Max retries exceeded with url: /RX4096/proxy-list/main/online/http.txt (Caused by NameResolutionError("<urllib3.connection.HTTPSConnection object at 0x75452fa750>: Failed to resolve 'raw.githubusercontent.com' ([Errno 7] No address associated with hostname)"))
HTTPSConnectionPool(host='raw.githubusercontent.com', port=443): Max retries exceeded with url: /RX4096/proxy-list/main/online/https.txt (Caused by NameResolutionError("<urllib3.connection.HTTPSConnection object at 0x753ff82d90>: Failed to resolve 'raw.githubusercontent.com' ([Errno 7] No address associated with hostname)"))
HTTPSConnectionPool(host='spys.me', port=443): Max retries exceeded with url: /socks.txt (Caused by NameResolutionError("<urllib3.connection.HTTPSConnection object at 0x7545313090>: Failed to resolve 'spys.me' ([Errno 7] No address associated with hostname)"))
HTTPSConnectionPool(host='www.freeproxychecker.com', port=443): Max retries exceeded with url: /result/socks5_proxies.txt (Caused by NameResolutionError("<urllib3.connection.HTTPSConnection object at 0x754aca2dd0>: Failed to resolve 'www.freeproxychecker.com' ([Errno 7] No address associated with hostname)"))
HTTPSConnectionPool(host='raw.githubusercontent.com', port=443): Max retries exceeded with url: /saisuiu/uiu/main/free.txt (Caused by NameResolutionError("<urllib3.connection.HTTPSConnection object at 0x753ff07710>: Failed to resolve 'raw.githubusercontent.com' ([Errno 7] No address associated with hostname)"))
HTTPSConnectionPool(host='www.proxy-list.download', port=443): Max retries exceeded with url: /api/v1/get?type=socks5 (Caused by NameResolutionError("<urllib3.connection.HTTPSConnection object at 0x7545311fd0>: Failed to resolve 'www.proxy-list.download' ([Errno 7] No address associated with hostname)"))
HTTPSConnectionPool(host='raw.githubusercontent.com', port=443): Max retries exceeded with url: /saschazesiger/Free-Proxies/master/proxies/http.txt (Caused by NameResolutionError("<urllib3.connection.HTTPSConnection object at 0x75452f8c50>: Failed to resolve 'raw.githubusercontent.com' ([Errno 7] No address associated with hostname)"))
HTTPSConnectionPool(host='www.proxyscan.io', port=443): Max retries exceeded with url: /download?type=socks5 (Caused by NameResolutionError("<urllib3.connection.HTTPSConnection object at 0x7545306b90>: Failed to resolve 'www.proxyscan.io' ([Errno 7] No address associated with hostname)"))
HTTPSConnectionPool(host='raw.githubusercontent.com', port=443): Max retries exceeded with url: /ShiftyTR/Proxy-List/master/http.txt (Caused by NameResolutionError("<urllib3.connection.HTTPSConnection object at 0x7545322110>: Failed to resolve 'raw.githubusercontent.com' ([Errno 7] No address associated with hostname)"))
HTTPSConnectionPool(host='raw.githubusercontent.com', port=443): Max retries exceeded with url: /ShiftyTR/Proxy-List/master/https.txt (Caused by NameResolutionError("<urllib3.connection.HTTPSConnection object at 0x753ff06610>: Failed to resolve 'raw.githubusercontent.com' ([Errno 7] No address associated with hostname)"))
HTTPSConnectionPool(host='raw.githubusercontent.com', port=443): Max retries exceeded with url: /sunny9577/proxy-scraper/master/proxies.txt (Caused by NameResolutionError("<urllib3.connection.HTTPSConnection object at 0x754532a510>: Failed to resolve 'raw.githubusercontent.com' ([Errno 7] No address associated with hostname)"))
HTTPSConnectionPool(host='raw.githubusercontent.com', port=443): Max retries exceeded with url: /TheSpeedX/PROXY-List/master/http.txt (Caused by NameResolutionError("<urllib3.connection.HTTPSConnection object at 0x7545305490>: Failed to resolve 'raw.githubusercontent.com' ([Errno 7] No address associated with hostname)"))
HTTPSConnectionPool(host='raw.githubusercontent.com', port=443): Max retries exceeded with url: /yemixzy/proxy-list/main/proxy-list/data.txt (Caused by NameResolutionError("<urllib3.connection.HTTPSConnection object at 0x75452f8b10>: Failed to resolve 'raw.githubusercontent.com' ([Errno 7] No address associated with hostname)"))
HTTPSConnectionPool(host='raw.githubusercontent.com', port=443): Max retries exceeded with url: /Zaeem20/FREE_PROXY_LIST/master/http.txt (Caused by NameResolutionError("<urllib3.connection.HTTPSConnection object at 0x753ff069d0>: Failed to resolve 'raw.githubusercontent.com' ([Errno 7] No address associated with hostname)"))
HTTPSConnectionPool(host='raw.githubusercontent.com', port=443): Max retries exceeded with url: /Zaeem20/FREE_PROXY_LIST/master/https.txt (Caused by NameResolutionError("<urllib3.connection.HTTPSConnection object at 0x753ff07990>: Failed to resolve 'raw.githubusercontent.com' ([Errno 7] No address associated with hostname)"))
HTTPSConnectionPool(host='rootjazz.com', port=443): Max retries exceeded with url: /proxies/proxies.txt (Caused by NameResolutionError("<urllib3.connection.HTTPSConnection object at 0x7545311990>: Failed to resolve 'rootjazz.com' ([Errno 7] No address associated with hostname)"))
HTTPSConnectionPool(host='sheesh.rip', port=443): Max retries exceeded with url: /http.txt (Caused by NameResolutionError("<urllib3.connection.HTTPSConnection object at 0x7545322b10>: Failed to resolve 'sheesh.rip' ([Errno 7] No address associated with hostname)"))
HTTPSConnectionPool(host='spys.me', port=443): Max retries exceeded with url: /proxy.txt (Caused by NameResolutionError("<urllib3.connection.HTTPSConnection object at 0x754593a3d0>: Failed to resolve 'spys.me' ([Errno 7] No address associated with hostname)"))
HTTPSConnectionPool(host='www.freeproxychecker.com', port=443): Max retries exceeded with url: /result/http_proxies.txt (Caused by NameResolutionError("<urllib3.connection.HTTPSConnection object at 0x754acd2050>: Failed to resolve 'www.freeproxychecker.com' ([Errno 7] No address associated with hostname)"))
HTTPSConnectionPool(host='www.proxy-list.download', port=443): Max retries exceeded with url: /api/v1/get?type=http (Caused by NameResolutionError("<urllib3.connection.HTTPSConnection object at 0x754aca3bd0>: Failed to resolve 'www.proxy-list.download' ([Errno 7] No address associated with hostname)"))
HTTPSConnectionPool(host='www.proxy-list.download', port=443): Max retries exceeded with url: /api/v1/get?type=https (Caused by NameResolutionError("<urllib3.connection.HTTPSConnection object at 0x75452ea110>: Failed to resolve 'www.proxy-list.download' ([Errno 7] No address associated with hostname)"))
HTTPSConnectionPool(host='www.proxyscan.io', port=443): Max retries exceeded with url: /download?type=http (Caused by NameResolutionError("<urllib3.connection.HTTPSConnection object at 0x7545311690>: Failed to resolve 'www.proxyscan.io' ([Errno 7] No address associated with hostname)"))
HTTPSConnectionPool(host='raw.githubusercontent.com', port=443): Max retries exceeded with url: /B4RC0DE-TM/proxy-list/main/SOCKS5.txt (Caused by ConnectTimeoutError(<urllib3.connection.HTTPSConnection object at 0x7d47ea22d0>, 'Connection to raw.githubusercontent.com timed out. (connect timeout=15)'))
HTTPSConnectionPool(host='raw.githubusercontent.com', port=443): Max retries exceeded with url: /almroot/proxylist/master/list.txt (Caused by ConnectTimeoutError(<urllib3.connection.HTTPSConnection object at 0x7d47f04bd0>, 'Connection to raw.githubusercontent.com timed out. (connect timeout=15)'))
HTTPSConnectionPool(host='raw.githubusercontent.com', port=443): Max retries exceeded with url: /B4RC0DE-TM/proxy-list/main/SOCKS4.txt (Caused by ConnectTimeoutError(<urllib3.connection.HTTPSConnection object at 0x7d47f05550>, 'Connection to raw.githubusercontent.com timed out. (connect timeout=15)'))
HTTPSConnectionPool(host='raw.githubusercontent.com', port=443): Max retries exceeded with url: /hanwayTech/free-proxy-list/main/socks5.txt (Caused by ConnectTimeoutError(<urllib3.connection.HTTPSConnection object at 0x7d47f06f90>, 'Connection to raw.githubusercontent.com timed out. (connect timeout=15)'))
HTTPSConnectionPool(host='raw.githubusercontent.com', port=443): Max retries exceeded with url: /aslisk/proxyhttps/main/https.txt (Caused by ConnectTimeoutError(<urllib3.connection.HTTPSConnection object at 0x7d47f6cf50>, 'Connection to raw.githubusercontent.com timed out. (connect timeout=15)'))
HTTPSConnectionPool(host='raw.githubusercontent.com', port=443): Max retries exceeded with url: /hanwayTech/free-proxy-list/main/socks4.txt (Caused by ConnectTimeoutError(<urllib3.connection.HTTPSConnection object at 0x7d47f6f0d0>, 'Connection to raw.githubusercontent.com timed out. (connect timeout=15)'))
HTTPSConnectionPool(host='raw.githubusercontent.com', port=443): Max retries exceeded with url: /hookzof/socks5_list/master/proxy.txt (Caused by ConnectTimeoutError(<urllib3.connection.HTTPSConnection object at 0x7d47f45190>, 'Connection to raw.githubusercontent.com timed out. (connect timeout=15)'))
HTTPSConnectionPool(host='raw.githubusercontent.com', port=443): Max retries exceeded with url: /B4RC0DE-TM/proxy-list/main/HTTP.txt (Caused by ConnectTimeoutError(<urllib3.connection.HTTPSConnection object at 0x7d47f04e50>, 'Connection to raw.githubusercontent.com timed out. (connect timeout=15)'))
HTTPSConnectionPool(host='raw.githubusercontent.com', port=443): Max retries exceeded with url: /HyperBeats/proxy-list/main/socks4.txt (Caused by ConnectTimeoutError(<urllib3.connection.HTTPSConnection object at 0x7d47f05c50>, 'Connection to raw.githubusercontent.com timed out. (connect timeout=15)'))
HTTPSConnectionPool(host='raw.githubusercontent.com', port=443): Max retries exceeded with url: /HyperBeats/proxy-list/main/socks5.txt (Caused by ConnectTimeoutError(<urllib3.connection.HTTPSConnection object at 0x7d47ea1d90>, 'Connection to raw.githubusercontent.com timed out. (connect timeout=15)'))
HTTPSConnectionPool(host='raw.githubusercontent.com', port=443): Max retries exceeded with url: /clarketm/proxy-list/master/proxy-list-raw.txt (Caused by ConnectTimeoutError(<urllib3.connection.HTTPSConnection object at 0x7d47f455d0>, 'Connection to raw.githubusercontent.com timed out. (connect timeout=15)'))
HTTPSConnectionPool(host='raw.githubusercontent.com', port=443): Max retries exceeded with url: /jetkai/proxy-list/main/online-proxies/txt/proxies-socks4.txt (Caused by ConnectTimeoutError(<urllib3.connection.HTTPSConnection object at 0x7d47f474d0>, 'Connection to raw.githubusercontent.com timed out. (connect timeout=15)'))
HTTPSConnectionPool(host='raw.githubusercontent.com', port=443): Max retries exceeded with url: /jetkai/proxy-list/main/online-proxies/txt/proxies-socks5.txt (Caused by ConnectTimeoutError(<urllib3.connection.HTTPSConnection object at 0x7d47f15590>, 'Connection to raw.githubusercontent.com timed out. (connect timeout=15)'))
HTTPSConnectionPool(host='raw.githubusercontent.com', port=443): Max retries exceeded with url: /hanwayTech/free-proxy-list/main/http.txt (Caused by ConnectTimeoutError(<urllib3.connection.HTTPSConnection object at 0x7d47f451d0>, 'Connection to raw.githubusercontent.com timed out. (connect timeout=15)'))
HTTPSConnectionPool(host='raw.githubusercontent.com', port=443): Max retries exceeded with url: /mmpx12/proxy-list/master/socks4.txt (Caused by ConnectTimeoutError(<urllib3.connection.HTTPSConnection object at 0x7d47ea3e10>, 'Connection to raw.githubusercontent.com timed out. (connect timeout=15)'))
HTTPSConnectionPool(host='raw.githubusercontent.com', port=443): Max retries exceeded with url: /manuGMG/proxy-365/main/SOCKS5.txt (Caused by ConnectTimeoutError(<urllib3.connection.HTTPSConnection object at 0x7d47f6ef50>, 'Connection to raw.githubusercontent.com timed out. (connect timeout=15)'))
HTTPSConnectionPool(host='raw.githubusercontent.com', port=443): Max retries exceeded with url: /hanwayTech/free-proxy-list/main/https.txt (Caused by ConnectTimeoutError(<urllib3.connection.HTTPSConnection object at 0x7d47f04ed0>, 'Connection to raw.githubusercontent.com timed out. (connect timeout=15)'))
HTTPSConnectionPool(host='raw.githubusercontent.com', port=443): Max retries exceeded with url: /roosterkid/openproxylist/main/SOCKS4_RAW.txt (Caused by ConnectTimeoutError(<urllib3.connection.HTTPSConnection object at 0x7d47f15a90>, 'Connection to raw.githubusercontent.com timed out. (connect timeout=15)'))
HTTPSConnectionPool(host='raw.githubusercontent.com', port=443): Max retries exceeded with url: /mmpx12/proxy-list/master/socks5.txt (Caused by ConnectTimeoutError(<urllib3.connection.HTTPSConnection object at 0x7d47f17b50>, 'Connection to raw.githubusercontent.com timed out. (connect timeout=15)'))
HTTPSConnectionPool(host='raw.githubusercontent.com', port=443): Max retries exceeded with url: /hendrikbgr/Free-Proxy-Repo/master/proxy_list.txt (Caused by ConnectTimeoutError(<urllib3.connection.HTTPSConnection object at 0x7d47f148d0>, 'Connection to raw.githubusercontent.com timed out. (connect timeout=15)'))
HTTPSConnectionPool(host='raw.githubusercontent.com', port=443): Max retries exceeded with url: /saschazesiger/Free-Proxies/master/proxies/socks4.txt (Caused by ConnectTimeoutError(<urllib3.connection.HTTPSConnection object at 0x7d47f05690>, 'Connection to raw.githubusercontent.com timed out. (connect timeout=15)'))
HTTPSConnectionPool(host='raw.githubusercontent.com', port=443): Max retries exceeded with url: /roosterkid/openproxylist/main/SOCKS5_RAW.txt (Caused by ConnectTimeoutError(<urllib3.connection.HTTPSConnection object at 0x7d47ea12d0>, 'Connection to raw.githubusercontent.com timed out. (connect timeout=15)'))
HTTPSConnectionPool(host='raw.githubusercontent.com', port=443): Max retries exceeded with url: /HyperBeats/proxy-list/main/http.txt (Caused by ConnectTimeoutError(<urllib3.connection.HTTPSConnection object at 0x7d47f6da50>, 'Connection to raw.githubusercontent.com timed out. (connect timeout=15)'))
HTTPSConnectionPool(host='raw.githubusercontent.com', port=443): Max retries exceeded with url: /ShiftyTR/Proxy-List/master/socks4.txt (Caused by ConnectTimeoutError(<urllib3.connection.HTTPSConnection object at 0x7d47f47bd0>, 'Connection to raw.githubusercontent.com timed out. (connect timeout=15)'))
HTTPSConnectionPool(host='raw.githubusercontent.com', port=443): Max retries exceeded with url: /saschazesiger/Free-Proxies/master/proxies/socks5.txt (Caused by ConnectTimeoutError(<urllib3.connection.HTTPSConnection object at 0x7d47f45750>, 'Connection to raw.githubusercontent.com timed out. (connect timeout=15)'))
HTTPSConnectionPool(host='raw.githubusercontent.com', port=443): Max retries exceeded with url: /jetkai/proxy-list/main/online-proxies/txt/proxies-http.txt (Caused by ConnectTimeoutError(<urllib3.connection.HTTPSConnection object at 0x7d47f6d790>, 'Connection to raw.githubusercontent.com timed out. (connect timeout=15)'))
HTTPSConnectionPool(host='raw.githubusercontent.com', port=443): Max retries exceeded with url: /TheSpeedX/PROXY-List/master/socks4.txt (Caused by ConnectTimeoutError(<urllib3.connection.HTTPSConnection object at 0x7d55569c10>, 'Connection to raw.githubusercontent.com timed out. (connect timeout=15)'))
HTTPSConnectionPool(host='raw.githubusercontent.com', port=443): Max retries exceeded with url: /ShiftyTR/Proxy-List/master/socks5.txt (Caused by ConnectTimeoutError(<urllib3.connection.HTTPSConnection object at 0x7d47ea3dd0>, 'Connection to raw.githubusercontent.com timed out. (connect timeout=15)'))
HTTPSConnectionPool(host='raw.githubusercontent.com', port=443): Max retries exceeded with url: /jetkai/proxy-list/main/online-proxies/txt/proxies-https.txt (Caused by ConnectTimeoutError(<urllib3.connection.HTTPSConnection object at 0x7d47f149d0>, 'Connection to raw.githubusercontent.com timed out. (connect timeout=15)'))
HTTPSConnectionPool(host='raw.githubusercontent.com', port=443): Max retries exceeded with url: /Zaeem20/FREE_PROXY_LIST/master/socks4.txt (Caused by ConnectTimeoutError(<urllib3.connection.HTTPSConnection object at 0x7d47f16890>, 'Connection to raw.githubusercontent.com timed out. (connect timeout=15)'))
HTTPSConnectionPool(host='raw.githubusercontent.com', port=443): Max retries exceeded with url: /TheSpeedX/PROXY-List/master/socks5.txt (Caused by ConnectTimeoutError(<urllib3.connection.HTTPSConnection object at 0x7d47f17590>, 'Connection to raw.githubusercontent.com timed out. (connect timeout=15)'))
HTTPSConnectionPool(host='raw.githubusercontent.com', port=443): Max retries exceeded with url: /mertguvencli/http-proxy-list/main/proxy-list/data.txt (Caused by ConnectTimeoutError(<urllib3.connection.HTTPSConnection object at 0x7d47f17ed0>, 'Connection to raw.githubusercontent.com timed out. (connect timeout=15)'))
HTTPSConnectionPool(host='raw.githubusercontent.com', port=443): Max retries exceeded with url: /Zaeem20/FREE_PROXY_LIST/master/socks5.txt (Caused by ConnectTimeoutError(<urllib3.connection.HTTPSConnection object at 0x7d4cf12ad0>, 'Connection to raw.githubusercontent.com timed out. (connect timeout=15)'))
HTTPSConnectionPool(host='raw.githubusercontent.com', port=443): Max retries exceeded with url: /mmpx12/proxy-list/master/http.txt (Caused by ConnectTimeoutError(<urllib3.connection.HTTPSConnection object at 0x7d47f04c90>, 'Connection to raw.githubusercontent.com timed out. (connect timeout=15)'))
HTTPSConnectionPool(host='raw.githubusercontent.com', port=443): Max retries exceeded with url: /mmpx12/proxy-list/master/https.txt (Caused by ConnectTimeoutError(<urllib3.connection.HTTPSConnection object at 0x7d550c4690>, 'Connection to raw.githubusercontent.com timed out. (connect timeout=15)'))
HTTPSConnectionPool(host='raw.githubusercontent.com', port=443): Max retries exceeded with url: /roosterkid/openproxylist/main/HTTPS_RAW.txt (Caused by ConnectTimeoutError(<urllib3.connection.HTTPSConnection object at 0x7d47e0ae10>, 'Connection to raw.githubusercontent.com timed out. (connect timeout=15)'))
HTTPSConnectionPool(host='raw.githubusercontent.com', port=443): Max retries exceeded with url: /RX4096/proxy-list/main/online/http.txt (Caused by ConnectTimeoutError(<urllib3.connection.HTTPSConnection object at 0x7d550b2bd0>, 'Connection to raw.githubusercontent.com timed out. (connect timeout=15)'))
HTTPSConnectionPool(host='raw.githubusercontent.com', port=443): Max retries exceeded with url: /RX4096/proxy-list/main/online/https.txt (Caused by ConnectTimeoutError(<urllib3.connection.HTTPSConnection object at 0x7d47ea1dd0>, 'Connection to raw.githubusercontent.com timed out. (connect timeout=15)'))
HTTPSConnectionPool(host='raw.githubusercontent.com', port=443): Max retries exceeded with url: /saisuiu/uiu/main/free.txt (Caused by ConnectTimeoutError(<urllib3.connection.HTTPSConnection object at 0x7d550c5b50>, 'Connection to raw.githubusercontent.com timed out. (connect timeout=15)'))
HTTPSConnectionPool(host='raw.githubusercontent.com', port=443): Max retries exceeded with url: /saschazesiger/Free-Proxies/master/proxies/http.txt (Caused by ConnectTimeoutError(<urllib3.connection.HTTPSConnection object at 0x7d550c59d0>, 'Connection to raw.githubusercontent.com timed out. (connect timeout=15)'))
HTTPSConnectionPool(host='raw.githubusercontent.com', port=443): Max retries exceeded with url: /ShiftyTR/Proxy-List/master/http.txt (Caused by ConnectTimeoutError(<urllib3.connection.HTTPSConnection object at 0x7d4ceebf10>, 'Connection to raw.githubusercontent.com timed out. (connect timeout=15)'))
HTTPSConnectionPool(host='raw.githubusercontent.com', port=443): Max retries exceeded with url: /ShiftyTR/Proxy-List/master/https.txt (Caused by ConnectTimeoutError(<urllib3.connection.HTTPSConnection object at 0x7d47fd7c90>, 'Connection to raw.githubusercontent.com timed out. (connect timeout=15)'))
HTTPSConnectionPool(host='raw.githubusercontent.com', port=443): Max retries exceeded with url: /sunny9577/proxy-scraper/master/proxies.txt (Caused by ConnectTimeoutError(<urllib3.connection.HTTPSConnection object at 0x7d47e0a190>, 'Connection to raw.githubusercontent.com timed out. (connect timeout=15)'))
HTTPSConnectionPool(host='raw.githubusercontent.com', port=443): Max retries exceeded with url: /TheSpeedX/PROXY-List/master/http.txt (Caused by ConnectTimeoutError(<urllib3.connection.HTTPSConnection object at 0x7d47e0b250>, 'Connection to raw.githubusercontent.com timed out. (connect timeout=15)'))
HTTPSConnectionPool(host='raw.githubusercontent.com', port=443): Max retries exceeded with url: /yemixzy/proxy-list/main/proxy-list/data.txt (Caused by ConnectTimeoutError(<urllib3.connection.HTTPSConnection object at 0x7d550b2d50>, 'Connection to raw.githubusercontent.com timed out. (connect timeout=15)'))
HTTPSConnectionPool(host='raw.githubusercontent.com', port=443): Max retries exceeded with url: /Zaeem20/FREE_PROXY_LIST/master/http.txt (Caused by ConnectTimeoutError(<urllib3.connection.HTTPSConnection object at 0x7d47e08a50>, 'Connection to raw.githubusercontent.com timed out. (connect timeout=15)'))
HTTPSConnectionPool(host='raw.githubusercontent.com', port=443): Max retries exceeded with url: /Zaeem20/FREE_PROXY_LIST/master/https.txt (Caused by ConnectTimeoutError(<urllib3.connection.HTTPSConnection object at 0x7d47e0a050>, 'Connection to raw.githubusercontent.com timed out. (connect timeout=15)'))
HTTPSConnectionPool(host='sheesh.rip', port=443): Max retries exceeded with url: /http.txt (Caused by NameResolutionError("<urllib3.connection.HTTPSConnection object at 0x7d4d0d2bd0>: Failed to resolve 'sheesh.rip' ([Errno 7] No address associated with hostname)"))
HTTPSConnectionPool(host='raw.githubusercontent.com', port=443): Max retries exceeded with url: /almroot/proxylist/master/list.txt (Caused by ConnectTimeoutError(<urllib3.connection.HTTPSConnection object at 0x7cab99e650>, 'Connection to raw.githubusercontent.com timed out. (connect timeout=15)'))
HTTPSConnectionPool(host='raw.githubusercontent.com', port=443): Max retries exceeded with url: /B4RC0DE-TM/proxy-list/main/SOCKS4.txt (Caused by ConnectTimeoutError(<urllib3.connection.HTTPSConnection object at 0x7cb026d6d0>, 'Connection to raw.githubusercontent.com timed out. (connect timeout=15)'))
HTTPSConnectionPool(host='raw.githubusercontent.com', port=443): Max retries exceeded with url: /B4RC0DE-TM/proxy-list/main/SOCKS5.txt (Caused by ConnectTimeoutError(<urllib3.connection.HTTPSConnection object at 0x7ca6439810>, 'Connection to raw.githubusercontent.com timed out. (connect timeout=15)'))
HTTPSConnectionPool(host='raw.githubusercontent.com', port=443): Max retries exceeded with url: /aslisk/proxyhttps/main/https.txt (Caused by ConnectTimeoutError(<urllib3.connection.HTTPSConnection object at 0x7ca64d3550>, 'Connection to raw.githubusercontent.com timed out. (connect timeout=15)'))
HTTPSConnectionPool(host='raw.githubusercontent.com', port=443): Max retries exceeded with url: /hanwayTech/free-proxy-list/main/socks4.txt (Caused by ConnectTimeoutError(<urllib3.connection.HTTPSConnection object at 0x7ca6321250>, 'Connection to raw.githubusercontent.com timed out. (connect timeout=15)'))
HTTPSConnectionPool(host='raw.githubusercontent.com', port=443): Max retries exceeded with url: /hanwayTech/free-proxy-list/main/socks5.txt (Caused by ConnectTimeoutError(<urllib3.connection.HTTPSConnection object at 0x7ca6323250>, 'Connection to raw.githubusercontent.com timed out. (connect timeout=15)'))
HTTPSConnectionPool(host='raw.githubusercontent.com', port=443): Max retries exceeded with url: /HyperBeats/proxy-list/main/socks4.txt (Caused by NewConnectionError('<urllib3.connection.HTTPSConnection object at 0x7cb028a4d0>: Failed to establish a new connection: [Errno 103] Software caused connection abort'))
HTTPSConnectionPool(host='raw.githubusercontent.com', port=443): Max retries exceeded with url: /B4RC0DE-TM/proxy-list/main/HTTP.txt (Caused by NewConnectionError('<urllib3.connection.HTTPSConnection object at 0x7ca6329310>: Failed to establish a new connection: [Errno 103] Software caused connection abort'))
HTTPSConnectionPool(host='raw.githubusercontent.com', port=443): Max retries exceeded with url: /clarketm/proxy-list/master/proxy-list-raw.txt (Caused by NewConnectionError('<urllib3.connection.HTTPSConnection object at 0x7ca6329790>: Failed to establish a new connection: [Errno 101] Network is unreachable'))
HTTPSConnectionPool(host='raw.githubusercontent.com', port=443): Max retries exceeded with url: /jetkai/proxy-list/main/online-proxies/txt/proxies-socks4.txt (Caused by NewConnectionError('<urllib3.connection.HTTPSConnection object at 0x7cab99dd10>: Failed to establish a new connection: [Errno 101] Network is unreachable'))
HTTPSConnectionPool(host='raw.githubusercontent.com', port=443): Max retries exceeded with url: /hookzof/socks5_list/master/proxy.txt (Caused by NewConnectionError('<urllib3.connection.HTTPSConnection object at 0x7ca64d3090>: Failed to establish a new connection: [Errno 103] Software caused connection abort'))
HTTPSConnectionPool(host='raw.githubusercontent.com', port=443): Max retries exceeded with url: /hanwayTech/free-proxy-list/main/http.txt (Caused by NewConnectionError('<urllib3.connection.HTTPSConnection object at 0x7cab99d8d0>: Failed to establish a new connection: [Errno 101] Network is unreachable'))
HTTPSConnectionPool(host='raw.githubusercontent.com', port=443): Max retries exceeded with url: /HyperBeats/proxy-list/main/socks5.txt (Caused by NewConnectionError('<urllib3.connection.HTTPSConnection object at 0x7cab99dc10>: Failed to establish a new connection: [Errno 101] Network is unreachable'))
HTTPSConnectionPool(host='raw.githubusercontent.com', port=443): Max retries exceeded with url: /mmpx12/proxy-list/master/socks4.txt (Caused by NewConnectionError('<urllib3.connection.HTTPSConnection object at 0x7ca6329990>: Failed to establish a new connection: [Errno 101] Network is unreachable'))
HTTPSConnectionPool(host='raw.githubusercontent.com', port=443): Max retries exceeded with url: /roosterkid/openproxylist/main/SOCKS4_RAW.txt (Caused by NewConnectionError('<urllib3.connection.HTTPSConnection object at 0x7cab8ebe50>: Failed to establish a new connection: [Errno 101] Network is unreachable'))
HTTPSConnectionPool(host='raw.githubusercontent.com', port=443): Max retries exceeded with url: /jetkai/proxy-list/main/online-proxies/txt/proxies-socks5.txt (Caused by NewConnectionError('<urllib3.connection.HTTPSConnection object at 0x7ca64d3190>: Failed to establish a new connection: [Errno 101] Network is unreachable'))
HTTPSConnectionPool(host='raw.githubusercontent.com', port=443): Max retries exceeded with url: /hanwayTech/free-proxy-list/main/https.txt (Caused by NewConnectionError('<urllib3.connection.HTTPSConnection object at 0x7cb0289fd0>: Failed to establish a new connection: [Errno 101] Network is unreachable'))
HTTPSConnectionPool(host='raw.githubusercontent.com', port=443): Max retries exceeded with url: /saschazesiger/Free-Proxies/master/proxies/socks4.txt (Caused by NewConnectionError('<urllib3.connection.HTTPSConnection object at 0x7ca6321dd0>: Failed to establish a new connection: [Errno 101] Network is unreachable'))
HTTPSConnectionPool(host='raw.githubusercontent.com', port=443): Max retries exceeded with url: /hendrikbgr/Free-Proxy-Repo/master/proxy_list.txt (Caused by NewConnectionError('<urllib3.connection.HTTPSConnection object at 0x7ca646d8d0>: Failed to establish a new connection: [Errno 101] Network is unreachable'))
HTTPSConnectionPool(host='raw.githubusercontent.com', port=443): Max retries exceeded with url: /manuGMG/proxy-365/main/SOCKS5.txt (Caused by NewConnectionError('<urllib3.connection.HTTPSConnection object at 0x7cab906750>: Failed to establish a new connection: [Errno 101] Network is unreachable'))
HTTPSConnectionPool(host='raw.githubusercontent.com', port=443): Max retries exceeded with url: /ShiftyTR/Proxy-List/master/socks4.txt (Caused by NewConnectionError('<urllib3.connection.HTTPSConnection object at 0x7cab904f90>: Failed to establish a new connection: [Errno 101] Network is unreachable'))
HTTPSConnectionPool(host='raw.githubusercontent.com', port=443): Max retries exceeded with url: /HyperBeats/proxy-list/main/http.txt (Caused by NewConnectionError('<urllib3.connection.HTTPSConnection object at 0x7ca643aed0>: Failed to establish a new connection: [Errno 101] Network is unreachable'))
HTTPSConnectionPool(host='raw.githubusercontent.com', port=443): Max retries exceeded with url: /jetkai/proxy-list/main/online-proxies/txt/proxies-http.txt (Caused by NewConnectionError('<urllib3.connection.HTTPSConnection object at 0x7ca63282d0>: Failed to establish a new connection: [Errno 101] Network is unreachable'))
HTTPSConnectionPool(host='raw.githubusercontent.com', port=443): Max retries exceeded with url: /mmpx12/proxy-list/master/socks5.txt (Caused by NewConnectionError('<urllib3.connection.HTTPSConnection object at 0x7ca632bf50>: Failed to establish a new connection: [Errno 101] Network is unreachable'))
HTTPSConnectionPool(host='raw.githubusercontent.com', port=443): Max retries exceeded with url: /TheSpeedX/PROXY-List/master/socks4.txt (Caused by NewConnectionError('<urllib3.connection.HTTPSConnection object at 0x7ca6322350>: Failed to establish a new connection: [Errno 101] Network is unreachable'))
HTTPSConnectionPool(host='raw.githubusercontent.com', port=443): Max retries exceeded with url: /jetkai/proxy-list/main/online-proxies/txt/proxies-https.txt (Caused by NewConnectionError('<urllib3.connection.HTTPSConnection object at 0x7cb026f2d0>: Failed to establish a new connection: [Errno 101] Network is unreachable'))
HTTPSConnectionPool(host='raw.githubusercontent.com', port=443): Max retries exceeded with url: /roosterkid/openproxylist/main/SOCKS5_RAW.txt (Caused by NewConnectionError('<urllib3.connection.HTTPSConnection object at 0x7cab90c950>: Failed to establish a new connection: [Errno 101] Network is unreachable'))
HTTPSConnectionPool(host='raw.githubusercontent.com', port=443): Max retries exceeded with url: /Zaeem20/FREE_PROXY_LIST/master/socks4.txt (Caused by NewConnectionError('<urllib3.connection.HTTPSConnection object at 0x7cab8e8ad0>: Failed to establish a new connection: [Errno 101] Network is unreachable'))
HTTPSConnectionPool(host='raw.githubusercontent.com', port=443): Max retries exceeded with url: /mertguvencli/http-proxy-list/main/proxy-list/data.txt (Caused by NewConnectionError('<urllib3.connection.HTTPSConnection object at 0x7cab905650>: Failed to establish a new connection: [Errno 101] Network is unreachable'))
HTTPSConnectionPool(host='raw.githubusercontent.com', port=443): Max retries exceeded with url: /saschazesiger/Free-Proxies/master/proxies/socks5.txt (Caused by NewConnectionError('<urllib3.connection.HTTPSConnection object at 0x7cb028a4d0>: Failed to establish a new connection: [Errno 101] Network is unreachable'))
HTTPSConnectionPool(host='spys.me', port=443): Max retries exceeded with url: /socks.txt (Caused by NameResolutionError("<urllib3.connection.HTTPSConnection object at 0x7ca646ed10>: Failed to resolve 'spys.me' ([Errno 7] No address associated with hostname)"))
HTTPSConnectionPool(host='www.freeproxychecker.com', port=443): Max retries exceeded with url: /result/socks4_proxies.txt (Caused by NameResolutionError("<urllib3.connection.HTTPSConnection object at 0x7ca646cc50>: Failed to resolve 'www.freeproxychecker.com' ([Errno 7] No address associated with hostname)"))
HTTPSConnectionPool(host='www.proxy-list.download', port=443): Max retries exceeded with url: /api/v1/get?type=socks4 (Caused by NameResolutionError("<urllib3.connection.HTTPSConnection object at 0x7cab99d8d0>: Failed to resolve 'www.proxy-list.download' ([Errno 7] No address associated with hostname)"))
HTTPSConnectionPool(host='raw.githubusercontent.com', port=443): Max retries exceeded with url: /ShiftyTR/Proxy-List/master/socks5.txt (Caused by NewConnectionError('<urllib3.connection.HTTPSConnection object at 0x7cab904cd0>: Failed to establish a new connection: [Errno 101] Network is unreachable'))
HTTPSConnectionPool(host='raw.githubusercontent.com', port=443): Max retries exceeded with url: /mmpx12/proxy-list/master/http.txt (Caused by NewConnectionError('<urllib3.connection.HTTPSConnection object at 0x7cab906450>: Failed to establish a new connection: [Errno 101] Network is unreachable'))
HTTPSConnectionPool(host='www.proxyscan.io', port=443): Max retries exceeded with url: /download?type=socks4 (Caused by NameResolutionError("<urllib3.connection.HTTPSConnection object at 0x7cab8ea710>: Failed to resolve 'www.proxyscan.io' ([Errno 7] No address associated with hostname)"))
HTTPSConnectionPool(host='raw.githubusercontent.com', port=443): Max retries exceeded with url: /mmpx12/proxy-list/master/https.txt (Caused by NewConnectionError('<urllib3.connection.HTTPSConnection object at 0x7ca632a210>: Failed to establish a new connection: [Errno 101] Network is unreachable'))
HTTPSConnectionPool(host='raw.githubusercontent.com', port=443): Max retries exceeded with url: /TheSpeedX/PROXY-List/master/socks5.txt (Caused by NewConnectionError('<urllib3.connection.HTTPSConnection object at 0x7ca6320fd0>: Failed to establish a new connection: [Errno 101] Network is unreachable'))
HTTPSConnectionPool(host='raw.githubusercontent.com', port=443): Max retries exceeded with url: /roosterkid/openproxylist/main/HTTPS_RAW.txt (Caused by NewConnectionError('<urllib3.connection.HTTPSConnection object at 0x7cab8e81d0>: Failed to establish a new connection: [Errno 101] Network is unreachable'))
HTTPSConnectionPool(host='raw.githubusercontent.com', port=443): Max retries exceeded with url: /Zaeem20/FREE_PROXY_LIST/master/socks5.txt (Caused by NameResolutionError("<urllib3.connection.HTTPSConnection object at 0x7cab99e190>: Failed to resolve 'raw.githubusercontent.com' ([Errno 7] No address associated with hostname)"))
HTTPSConnectionPool(host='raw.githubusercontent.com', port=443): Max retries exceeded with url: /RX4096/proxy-list/main/online/http.txt (Caused by NameResolutionError("<urllib3.connection.HTTPSConnection object at 0x7ca646f890>: Failed to resolve 'raw.githubusercontent.com' ([Errno 7] No address associated with hostname)"))
HTTPSConnectionPool(host='spys.me', port=443): Max retries exceeded with url: /socks.txt (Caused by NameResolutionError("<urllib3.connection.HTTPSConnection object at 0x7ca646eb90>: Failed to resolve 'spys.me' ([Errno 7] No address associated with hostname)"))
HTTPSConnectionPool(host='raw.githubusercontent.com', port=443): Max retries exceeded with url: /RX4096/proxy-list/main/online/https.txt (Caused by NameResolutionError("<urllib3.connection.HTTPSConnection object at 0x7ca6329190>: Failed to resolve 'raw.githubusercontent.com' ([Errno 7] No address associated with hostname)"))
HTTPSConnectionPool(host='www.freeproxychecker.com', port=443): Max retries exceeded with url: /result/socks5_proxies.txt (Caused by NameResolutionError("<urllib3.connection.HTTPSConnection object at 0x7cb026d610>: Failed to resolve 'www.freeproxychecker.com' ([Errno 7] No address associated with hostname)"))
HTTPSConnectionPool(host='raw.githubusercontent.com', port=443): Max retries exceeded with url: /saisuiu/uiu/main/free.txt (Caused by NameResolutionError("<urllib3.connection.HTTPSConnection object at 0x7cab907250>: Failed to resolve 'raw.githubusercontent.com' ([Errno 7] No address associated with hostname)"))
HTTPSConnectionPool(host='raw.githubusercontent.com', port=443): Max retries exceeded with url: /saschazesiger/Free-Proxies/master/proxies/http.txt (Caused by NameResolutionError("<urllib3.connection.HTTPSConnection object at 0x7ca646db10>: Failed to resolve 'raw.githubusercontent.com' ([Errno 7] No address associated with hostname)"))
HTTPSConnectionPool(host='www.proxy-list.download', port=443): Max retries exceeded with url: /api/v1/get?type=socks5 (Caused by NameResolutionError("<urllib3.connection.HTTPSConnection object at 0x7ca632aa10>: Failed to resolve 'www.proxy-list.download' ([Errno 7] No address associated with hostname)"))
HTTPSConnectionPool(host='raw.githubusercontent.com', port=443): Max retries exceeded with url: /ShiftyTR/Proxy-List/master/http.txt (Caused by NameResolutionError("<urllib3.connection.HTTPSConnection object at 0x7ca646d610>: Failed to resolve 'raw.githubusercontent.com' ([Errno 7] No address associated with hostname)"))
HTTPSConnectionPool(host='raw.githubusercontent.com', port=443): Max retries exceeded with url: /ShiftyTR/Proxy-List/master/https.txt (Caused by NameResolutionError("<urllib3.connection.HTTPSConnection object at 0x7ca6439150>: Failed to resolve 'raw.githubusercontent.com' ([Errno 7] No address associated with hostname)"))
HTTPSConnectionPool(host='www.proxyscan.io', port=443): Max retries exceeded with url: /download?type=socks5 (Caused by NameResolutionError("<urllib3.connection.HTTPSConnection object at 0x7cab8eb6d0>: Failed to resolve 'www.proxyscan.io' ([Errno 7] No address associated with hostname)"))
HTTPSConnectionPool(host='raw.githubusercontent.com', port=443): Max retries exceeded with url: /sunny9577/proxy-scraper/master/proxies.txt (Caused by NameResolutionError("<urllib3.connection.HTTPSConnection object at 0x7cab8f6b50>: Failed to resolve 'raw.githubusercontent.com' ([Errno 7] No address associated with hostname)"))
HTTPSConnectionPool(host='raw.githubusercontent.com', port=443): Max retries exceeded with url: /TheSpeedX/PROXY-List/master/http.txt (Caused by NameResolutionError("<urllib3.connection.HTTPSConnection object at 0x7ca65ffb10>: Failed to resolve 'raw.githubusercontent.com' ([Errno 7] No address associated with hostname)"))
HTTPSConnectionPool(host='raw.githubusercontent.com', port=443): Max retries exceeded with url: /yemixzy/proxy-list/main/proxy-list/data.txt (Caused by NameResolutionError("<urllib3.connection.HTTPSConnection object at 0x7ca64399d0>: Failed to resolve 'raw.githubusercontent.com' ([Errno 7] No address associated with hostname)"))
HTTPSConnectionPool(host='raw.githubusercontent.com', port=443): Max retries exceeded with url: /Zaeem20/FREE_PROXY_LIST/master/http.txt (Caused by NameResolutionError("<urllib3.connection.HTTPSConnection object at 0x7ca643a710>: Failed to resolve 'raw.githubusercontent.com' ([Errno 7] No address associated with hostname)"))
HTTPSConnectionPool(host='raw.githubusercontent.com', port=443): Max retries exceeded with url: /Zaeem20/FREE_PROXY_LIST/master/https.txt (Caused by NameResolutionError("<urllib3.connection.HTTPSConnection object at 0x7cab8e8990>: Failed to resolve 'raw.githubusercontent.com' ([Errno 7] No address associated with hostname)"))
HTTPSConnectionPool(host='rootjazz.com', port=443): Max retries exceeded with url: /proxies/proxies.txt (Caused by NameResolutionError("<urllib3.connection.HTTPSConnection object at 0x7cab8eaa10>: Failed to resolve 'rootjazz.com' ([Errno 7] No address associated with hostname)"))
HTTPSConnectionPool(host='sheesh.rip', port=443): Max retries exceeded with url: /http.txt (Caused by NameResolutionError("<urllib3.connection.HTTPSConnection object at 0x7cabac20d0>: Failed to resolve 'sheesh.rip' ([Errno 7] No address associated with hostname)"))
HTTPSConnectionPool(host='spys.me', port=443): Max retries exceeded with url: /proxy.txt (Caused by NameResolutionError("<urllib3.connection.HTTPSConnection object at 0x7cb0288e90>: Failed to resolve 'spys.me' ([Errno 7] No address associated with hostname)"))
HTTPSConnectionPool(host='www.freeproxychecker.com', port=443): Max retries exceeded with url: /result/http_proxies.txt (Caused by NameResolutionError("<urllib3.connection.HTTPSConnection object at 0x7cab8dc410>: Failed to resolve 'www.freeproxychecker.com' ([Errno 7] No address associated with hostname)"))
HTTPSConnectionPool(host='www.proxy-list.download', port=443): Max retries exceeded with url: /api/v1/get?type=http (Caused by NameResolutionError("<urllib3.connection.HTTPSConnection object at 0x7cab8eb950>: Failed to resolve 'www.proxy-list.download' ([Errno 7] No address associated with hostname)"))
HTTPSConnectionPool(host='www.proxy-list.download', port=443): Max retries exceeded with url: /api/v1/get?type=https (Caused by NameResolutionError("<urllib3.connection.HTTPSConnection object at 0x7ca6323290>: Failed to resolve 'www.proxy-list.download' ([Errno 7] No address associated with hostname)"))
HTTPSConnectionPool(host='www.proxyscan.io', port=443): Max retries exceeded with url: /download?type=http (Caused by NameResolutionError("<urllib3.connection.HTTPSConnection object at 0x7ca6438210>: Failed to resolve 'www.proxyscan.io' ([Errno 7] No address associated with hostname)"))
HTTPSConnectionPool(host='raw.githubusercontent.com', port=443): Max retries exceeded with url: /B4RC0DE-TM/proxy-list/main/SOCKS4.txt (Caused by ConnectTimeoutError(<urllib3.connection.HTTPSConnection object at 0x725e388890>, 'Connection to raw.githubusercontent.com timed out. (connect timeout=15)'))
HTTPSConnectionPool(host='raw.githubusercontent.com', port=443): Max retries exceeded with url: /almroot/proxylist/master/list.txt (Caused by ConnectTimeoutError(<urllib3.connection.HTTPSConnection object at 0x725e33a9d0>, 'Connection to raw.githubusercontent.com timed out. (connect timeout=15)'))
HTTPSConnectionPool(host='raw.githubusercontent.com', port=443): Max retries exceeded with url: /B4RC0DE-TM/proxy-list/main/SOCKS5.txt (Caused by ConnectTimeoutError(<urllib3.connection.HTTPSConnection object at 0x7259c637d0>, 'Connection to raw.githubusercontent.com timed out. (connect timeout=15)'))
HTTPSConnectionPool(host='raw.githubusercontent.com', port=443): Max retries exceeded with url: /hanwayTech/free-proxy-list/main/socks4.txt (Caused by ConnectTimeoutError(<urllib3.connection.HTTPSConnection object at 0x72591659d0>, 'Connection to raw.githubusercontent.com timed out. (connect timeout=15)'))
HTTPSConnectionPool(host='raw.githubusercontent.com', port=443): Max retries exceeded with url: /aslisk/proxyhttps/main/https.txt (Caused by ConnectTimeoutError(<urllib3.connection.HTTPSConnection object at 0x7259167610>, 'Connection to raw.githubusercontent.com timed out. (connect timeout=15)'))
HTTPSConnectionPool(host='raw.githubusercontent.com', port=443): Max retries exceeded with url: /hanwayTech/free-proxy-list/main/socks5.txt (Caused by ConnectTimeoutError(<urllib3.connection.HTTPSConnection object at 0x725916d3d0>, 'Connection to raw.githubusercontent.com timed out. (connect timeout=15)'))
HTTPSConnectionPool(host='raw.githubusercontent.com', port=443): Max retries exceeded with url: /HyperBeats/proxy-list/main/socks4.txt (Caused by ConnectTimeoutError(<urllib3.connection.HTTPSConnection object at 0x7259165510>, 'Connection to raw.githubusercontent.com timed out. (connect timeout=15)'))
HTTPSConnectionPool(host='raw.githubusercontent.com', port=443): Max retries exceeded with url: /B4RC0DE-TM/proxy-list/main/HTTP.txt (Caused by ConnectTimeoutError(<urllib3.connection.HTTPSConnection object at 0x725e388490>, 'Connection to raw.githubusercontent.com timed out. (connect timeout=15)'))
HTTPSConnectionPool(host='raw.githubusercontent.com', port=443): Max retries exceeded with url: /hookzof/socks5_list/master/proxy.txt (Caused by ConnectTimeoutError(<urllib3.connection.HTTPSConnection object at 0x725e388710>, 'Connection to raw.githubusercontent.com timed out. (connect timeout=15)'))
HTTPSConnectionPool(host='raw.githubusercontent.com', port=443): Max retries exceeded with url: /clarketm/proxy-list/master/proxy-list-raw.txt (Caused by NewConnectionError('<urllib3.connection.HTTPSConnection object at 0x725916f810>: Failed to establish a new connection: [Errno 103] Software caused connection abort'))
HTTPSConnectionPool(host='raw.githubusercontent.com', port=443): Max retries exceeded with url: /jetkai/proxy-list/main/online-proxies/txt/proxies-socks4.txt (Caused by NewConnectionError('<urllib3.connection.HTTPSConnection object at 0x7262c4a6d0>: Failed to establish a new connection: [Errno 103] Software caused connection abort'))
HTTPSConnectionPool(host='raw.githubusercontent.com', port=443): Max retries exceeded with url: /HyperBeats/proxy-list/main/socks5.txt (Caused by NewConnectionError('<urllib3.connection.HTTPSConnection object at 0x7259171790>: Failed to establish a new connection: [Errno 103] Software caused connection abort'))
HTTPSConnectionPool(host='raw.githubusercontent.com', port=443): Max retries exceeded with url: /jetkai/proxy-list/main/online-proxies/txt/proxies-socks5.txt (Caused by NewConnectionError('<urllib3.connection.HTTPSConnection object at 0x725e31eb50>: Failed to establish a new connection: [Errno 101] Network is unreachable'))
HTTPSConnectionPool(host='raw.githubusercontent.com', port=443): Max retries exceeded with url: /hanwayTech/free-proxy-list/main/http.txt (Caused by NewConnectionError('<urllib3.connection.HTTPSConnection object at 0x725e3b3dd0>: Failed to establish a new connection: [Errno 101] Network is unreachable'))
HTTPSConnectionPool(host='raw.githubusercontent.com', port=443): Max retries exceeded with url: /mmpx12/proxy-list/master/socks4.txt (Caused by NewConnectionError('<urllib3.connection.HTTPSConnection object at 0x7259c63250>: Failed to establish a new connection: [Errno 101] Network is unreachable'))
HTTPSConnectionPool(host='raw.githubusercontent.com', port=443): Max retries exceeded with url: /manuGMG/proxy-365/main/SOCKS5.txt (Caused by NewConnectionError('<urllib3.connection.HTTPSConnection object at 0x725e356550>: Failed to establish a new connection: [Errno 101] Network is unreachable'))
HTTPSConnectionPool(host='raw.githubusercontent.com', port=443): Max retries exceeded with url: /hanwayTech/free-proxy-list/main/https.txt (Caused by NewConnectionError('<urllib3.connection.HTTPSConnection object at 0x725916ef10>: Failed to establish a new connection: [Errno 101] Network is unreachable'))
HTTPSConnectionPool(host='raw.githubusercontent.com', port=443): Max retries exceeded with url: /roosterkid/openproxylist/main/SOCKS4_RAW.txt (Caused by NewConnectionError('<urllib3.connection.HTTPSConnection object at 0x725916d3d0>: Failed to establish a new connection: [Errno 101] Network is unreachable'))
HTTPSConnectionPool(host='raw.githubusercontent.com', port=443): Max retries exceeded with url: /hendrikbgr/Free-Proxy-Repo/master/proxy_list.txt (Caused by NewConnectionError('<urllib3.connection.HTTPSConnection object at 0x725e356550>: Failed to establish a new connection: [Errno 101] Network is unreachable'))
HTTPSConnectionPool(host='raw.githubusercontent.com', port=443): Max retries exceeded with url: /mmpx12/proxy-list/master/socks5.txt (Caused by NewConnectionError('<urllib3.connection.HTTPSConnection object at 0x72591664d0>: Failed to establish a new connection: [Errno 101] Network is unreachable'))
HTTPSConnectionPool(host='raw.githubusercontent.com', port=443): Max retries exceeded with url: /saschazesiger/Free-Proxies/master/proxies/socks4.txt (Caused by NewConnectionError('<urllib3.connection.HTTPSConnection object at 0x725916d1d0>: Failed to establish a new connection: [Errno 101] Network is unreachable'))
HTTPSConnectionPool(host='raw.githubusercontent.com', port=443): Max retries exceeded with url: /roosterkid/openproxylist/main/SOCKS5_RAW.txt (Caused by NewConnectionError('<urllib3.connection.HTTPSConnection object at 0x7262c5c210>: Failed to establish a new connection: [Errno 101] Network is unreachable'))
HTTPSConnectionPool(host='raw.githubusercontent.com', port=443): Max retries exceeded with url: /HyperBeats/proxy-list/main/http.txt (Caused by NewConnectionError('<urllib3.connection.HTTPSConnection object at 0x7259c62f50>: Failed to establish a new connection: [Errno 101] Network is unreachable'))
HTTPSConnectionPool(host='raw.githubusercontent.com', port=443): Max retries exceeded with url: /ShiftyTR/Proxy-List/master/socks4.txt (Caused by NewConnectionError('<urllib3.connection.HTTPSConnection object at 0x7259164e10>: Failed to establish a new connection: [Errno 101] Network is unreachable'))
HTTPSConnectionPool(host='raw.githubusercontent.com', port=443): Max retries exceeded with url: /saschazesiger/Free-Proxies/master/proxies/socks5.txt (Caused by NewConnectionError('<urllib3.connection.HTTPSConnection object at 0x7259170950>: Failed to establish a new connection: [Errno 101] Network is unreachable'))
HTTPSConnectionPool(host='raw.githubusercontent.com', port=443): Max retries exceeded with url: /TheSpeedX/PROXY-List/master/socks4.txt (Caused by NewConnectionError('<urllib3.connection.HTTPSConnection object at 0x725e3b3c50>: Failed to establish a new connection: [Errno 101] Network is unreachable'))
HTTPSConnectionPool(host='raw.githubusercontent.com', port=443): Max retries exceeded with url: /ShiftyTR/Proxy-List/master/socks5.txt (Caused by NewConnectionError('<urllib3.connection.HTTPSConnection object at 0x7259164dd0>: Failed to establish a new connection: [Errno 101] Network is unreachable'))
HTTPSConnectionPool(host='raw.githubusercontent.com', port=443): Max retries exceeded with url: /jetkai/proxy-list/main/online-proxies/txt/proxies-http.txt (Caused by NewConnectionError('<urllib3.connection.HTTPSConnection object at 0x7259166850>: Failed to establish a new connection: [Errno 101] Network is unreachable'))
HTTPSConnectionPool(host='raw.githubusercontent.com', port=443): Max retries exceeded with url: /TheSpeedX/PROXY-List/master/socks5.txt (Caused by NewConnectionError('<urllib3.connection.HTTPSConnection object at 0x725e338a50>: Failed to establish a new connection: [Errno 101] Network is unreachable'))
HTTPSConnectionPool(host='raw.githubusercontent.com', port=443): Max retries exceeded with url: /Zaeem20/FREE_PROXY_LIST/master/socks4.txt (Caused by NewConnectionError('<urllib3.connection.HTTPSConnection object at 0x725916f550>: Failed to establish a new connection: [Errno 101] Network is unreachable'))
HTTPSConnectionPool(host='raw.githubusercontent.com', port=443): Max retries exceeded with url: /Zaeem20/FREE_PROXY_LIST/master/socks5.txt (Caused by NewConnectionError('<urllib3.connection.HTTPSConnection object at 0x725e3554d0>: Failed to establish a new connection: [Errno 101] Network is unreachable'))
HTTPSConnectionPool(host='spys.me', port=443): Max retries exceeded with url: /socks.txt (Caused by NameResolutionError("<urllib3.connection.HTTPSConnection object at 0x725916edd0>: Failed to resolve 'spys.me' ([Errno 7] No address associated with hostname)"))
HTTPSConnectionPool(host='raw.githubusercontent.com', port=443): Max retries exceeded with url: /jetkai/proxy-list/main/online-proxies/txt/proxies-https.txt (Caused by NewConnectionError('<urllib3.connection.HTTPSConnection object at 0x725e388e50>: Failed to establish a new connection: [Errno 101] Network is unreachable'))
HTTPSConnectionPool(host='spys.me', port=443): Max retries exceeded with url: /socks.txt (Caused by NameResolutionError("<urllib3.connection.HTTPSConnection object at 0x7262c5dd90>: Failed to resolve 'spys.me' ([Errno 7] No address associated with hostname)"))
HTTPSConnectionPool(host='www.freeproxychecker.com', port=443): Max retries exceeded with url: /result/socks4_proxies.txt (Caused by NameResolutionError("<urllib3.connection.HTTPSConnection object at 0x7259164d10>: Failed to resolve 'www.freeproxychecker.com' ([Errno 7] No address associated with hostname)"))
HTTPSConnectionPool(host='www.freeproxychecker.com', port=443): Max retries exceeded with url: /result/socks5_proxies.txt (Caused by NameResolutionError("<urllib3.connection.HTTPSConnection object at 0x725e338310>: Failed to resolve 'www.freeproxychecker.com' ([Errno 7] No address associated with hostname)"))
HTTPSConnectionPool(host='raw.githubusercontent.com', port=443): Max retries exceeded with url: /mertguvencli/http-proxy-list/main/proxy-list/data.txt (Caused by NewConnectionError('<urllib3.connection.HTTPSConnection object at 0x7259170050>: Failed to establish a new connection: [Errno 101] Network is unreachable'))
HTTPSConnectionPool(host='www.proxy-list.download', port=443): Max retries exceeded with url: /api/v1/get?type=socks5 (Caused by NameResolutionError("<urllib3.connection.HTTPSConnection object at 0x7259c62e90>: Failed to resolve 'www.proxy-list.download' ([Errno 7] No address associated with hostname)"))
HTTPSConnectionPool(host='raw.githubusercontent.com', port=443): Max retries exceeded with url: /mmpx12/proxy-list/master/http.txt (Caused by NewConnectionError('<urllib3.connection.HTTPSConnection object at 0x725e3b3cd0>: Failed to establish a new connection: [Errno 101] Network is unreachable'))
HTTPSConnectionPool(host='www.proxy-list.download', port=443): Max retries exceeded with url: /api/v1/get?type=socks4 (Caused by NameResolutionError("<urllib3.connection.HTTPSConnection object at 0x7259173950>: Failed to resolve 'www.proxy-list.download' ([Errno 7] No address associated with hostname)"))
HTTPSConnectionPool(host='raw.githubusercontent.com', port=443): Max retries exceeded with url: /mmpx12/proxy-list/master/https.txt (Caused by NameResolutionError("<urllib3.connection.HTTPSConnection object at 0x725e32e390>: Failed to resolve 'raw.githubusercontent.com' ([Errno 7] No address associated with hostname)"))
HTTPSConnectionPool(host='www.proxyscan.io', port=443): Max retries exceeded with url: /download?type=socks5 (Caused by NameResolutionError("<urllib3.connection.HTTPSConnection object at 0x7259167090>: Failed to resolve 'www.proxyscan.io' ([Errno 7] No address associated with hostname)"))
HTTPSConnectionPool(host='www.proxyscan.io', port=443): Max retries exceeded with url: /download?type=socks4 (Caused by NameResolutionError("<urllib3.connection.HTTPSConnection object at 0x725916de10>: Failed to resolve 'www.proxyscan.io' ([Errno 7] No address associated with hostname)"))
HTTPSConnectionPool(host='raw.githubusercontent.com', port=443): Max retries exceeded with url: /roosterkid/openproxylist/main/HTTPS_RAW.txt (Caused by NameResolutionError("<urllib3.connection.HTTPSConnection object at 0x72591733d0>: Failed to resolve 'raw.githubusercontent.com' ([Errno 7] No address associated with hostname)"))
HTTPSConnectionPool(host='raw.githubusercontent.com', port=443): Max retries exceeded with url: /RX4096/proxy-list/main/online/http.txt (Caused by NameResolutionError("<urllib3.connection.HTTPSConnection object at 0x725913e010>: Failed to resolve 'raw.githubusercontent.com' ([Errno 7] No address associated with hostname)"))
HTTPSConnectionPool(host='raw.githubusercontent.com', port=443): Max retries exceeded with url: /RX4096/proxy-list/main/online/https.txt (Caused by NameResolutionError("<urllib3.connection.HTTPSConnection object at 0x725913cdd0>: Failed to resolve 'raw.githubusercontent.com' ([Errno 7] No address associated with hostname)"))
HTTPSConnectionPool(host='raw.githubusercontent.com', port=443): Max retries exceeded with url: /saisuiu/uiu/main/free.txt (Caused by NameResolutionError("<urllib3.connection.HTTPSConnection object at 0x725e3895d0>: Failed to resolve 'raw.githubusercontent.com' ([Errno 7] No address associated with hostname)"))
HTTPSConnectionPool(host='raw.githubusercontent.com', port=443): Max retries exceeded with url: /saschazesiger/Free-Proxies/master/proxies/http.txt (Caused by NameResolutionError("<urllib3.connection.HTTPSConnection object at 0x725e38b0d0>: Failed to resolve 'raw.githubusercontent.com' ([Errno 7] No address associated with hostname)"))
HTTPSConnectionPool(host='raw.githubusercontent.com', port=443): Max retries exceeded with url: /ShiftyTR/Proxy-List/master/http.txt (Caused by NameResolutionError("<urllib3.connection.HTTPSConnection object at 0x725e35df90>: Failed to resolve 'raw.githubusercontent.com' ([Errno 7] No address associated with hostname)"))
HTTPSConnectionPool(host='raw.githubusercontent.com', port=443): Max retries exceeded with url: /ShiftyTR/Proxy-List/master/https.txt (Caused by NameResolutionError("<urllib3.connection.HTTPSConnection object at 0x725e35fa90>: Failed to resolve 'raw.githubusercontent.com' ([Errno 7] No address associated with hostname)"))
HTTPSConnectionPool(host='raw.githubusercontent.com', port=443): Max retries exceeded with url: /sunny9577/proxy-scraper/master/proxies.txt (Caused by NameResolutionError("<urllib3.connection.HTTPSConnection object at 0x725e35da50>: Failed to resolve 'raw.githubusercontent.com' ([Errno 7] No address associated with hostname)"))
HTTPSConnectionPool(host='raw.githubusercontent.com', port=443): Max retries exceeded with url: /TheSpeedX/PROXY-List/master/http.txt (Caused by NameResolutionError("<urllib3.connection.HTTPSConnection object at 0x725e38b590>: Failed to resolve 'raw.githubusercontent.com' ([Errno 7] No address associated with hostname)"))
HTTPSConnectionPool(host='raw.githubusercontent.com', port=443): Max retries exceeded with url: /yemixzy/proxy-list/main/proxy-list/data.txt (Caused by NameResolutionError("<urllib3.connection.HTTPSConnection object at 0x725e38a990>: Failed to resolve 'raw.githubusercontent.com' ([Errno 7] No address associated with hostname)"))
HTTPSConnectionPool(host='raw.githubusercontent.com', port=443): Max retries exceeded with url: /Zaeem20/FREE_PROXY_LIST/master/http.txt (Caused by NameResolutionError("<urllib3.connection.HTTPSConnection object at 0x725e388250>: Failed to resolve 'raw.githubusercontent.com' ([Errno 7] No address associated with hostname)"))
HTTPSConnectionPool(host='raw.githubusercontent.com', port=443): Max retries exceeded with url: /Zaeem20/FREE_PROXY_LIST/master/https.txt (Caused by NameResolutionError("<urllib3.connection.HTTPSConnection object at 0x725913da10>: Failed to resolve 'raw.githubusercontent.com' ([Errno 7] No address associated with hostname)"))
HTTPSConnectionPool(host='rootjazz.com', port=443): Max retries exceeded with url: /proxies/proxies.txt (Caused by NameResolutionError("<urllib3.connection.HTTPSConnection object at 0x725e35e4d0>: Failed to resolve 'rootjazz.com' ([Errno 7] No address associated with hostname)"))
HTTPSConnectionPool(host='sheesh.rip', port=443): Max retries exceeded with url: /http.txt (Caused by NameResolutionError("<urllib3.connection.HTTPSConnection object at 0x725e32e090>: Failed to resolve 'sheesh.rip' ([Errno 7] No address associated with hostname)"))
HTTPSConnectionPool(host='spys.me', port=443): Max retries exceeded with url: /proxy.txt (Caused by NameResolutionError("<urllib3.connection.HTTPSConnection object at 0x725e32fd90>: Failed to resolve 'spys.me' ([Errno 7] No address associated with hostname)"))
HTTPSConnectionPool(host='www.freeproxychecker.com', port=443): Max retries exceeded with url: /result/http_proxies.txt (Caused by NameResolutionError("<urllib3.connection.HTTPSConnection object at 0x725913df10>: Failed to resolve 'www.freeproxychecker.com' ([Errno 7] No address associated with hostname)"))
HTTPSConnectionPool(host='www.proxy-list.download', port=443): Max retries exceeded with url: /api/v1/get?type=http (Caused by NameResolutionError("<urllib3.connection.HTTPSConnection object at 0x725e35db90>: Failed to resolve 'www.proxy-list.download' ([Errno 7] No address associated with hostname)"))
HTTPSConnectionPool(host='www.proxy-list.download', port=443): Max retries exceeded with url: /api/v1/get?type=https (Caused by NameResolutionError("<urllib3.connection.HTTPSConnection object at 0x725e4a41d0>: Failed to resolve 'www.proxy-list.download' ([Errno 7] No address associated with hostname)"))
HTTPSConnectionPool(host='www.proxyscan.io', port=443): Max retries exceeded with url: /download?type=http (Caused by NameResolutionError("<urllib3.connection.HTTPSConnection object at 0x725e38a350>: Failed to resolve 'www.proxyscan.io' ([Errno 7] No address associated with hostname)"))
('Connection aborted.', ConnectionAbortedError(103, 'Software caused connection abort'))
('Connection aborted.', ConnectionAbortedError(103, 'Software caused connection abort'))
('Connection aborted.', ConnectionAbortedError(103, 'Software caused connection abort'))
HTTPSConnectionPool(host='api.proxyscrape.com', port=443): Max retries exceeded with url: /v2/?request=getproxies&protocol=socks5 (Caused by NameResolutionError("<urllib3.connection.HTTPSConnection object at 0x7203152850>: Failed to resolve 'api.proxyscrape.com' ([Errno 7] No address associated with hostname)"))
HTTPSConnectionPool(host='api.proxyscrape.com', port=443): Max retries exceeded with url: /v2/?request=getproxies&protocol=http (Caused by NameResolutionError("<urllib3.connection.HTTPSConnection object at 0x7203162610>: Failed to resolve 'api.proxyscrape.com' ([Errno 7] No address associated with hostname)"))
HTTPSConnectionPool(host='api.proxyscrape.com', port=443): Max retries exceeded with url: /v2/?request=getproxies&protocol=socks4 (Caused by NameResolutionError("<urllib3.connection.HTTPSConnection object at 0x7203161fd0>: Failed to resolve 'api.proxyscrape.com' ([Errno 7] No address associated with hostname)"))
HTTPSConnectionPool(host='openproxy.space', port=443): Max retries exceeded with url: /list/http (Caused by NameResolutionError("<urllib3.connection.HTTPSConnection object at 0x720316e850>: Failed to resolve 'openproxy.space' ([Errno 7] No address associated with hostname)"))
HTTPSConnectionPool(host='openproxylist.xyz', port=443): Max retries exceeded with url: /http.txt (Caused by NameResolutionError("<urllib3.connection.HTTPSConnection object at 0x720477b7d0>: Failed to resolve 'openproxylist.xyz' ([Errno 7] No address associated with hostname)"))
HTTPSConnectionPool(host='openproxy.space', port=443): Max retries exceeded with url: /list/socks5 (Caused by NameResolutionError("<urllib3.connection.HTTPSConnection object at 0x720316c7d0>: Failed to resolve 'openproxy.space' ([Errno 7] No address associated with hostname)"))
HTTPSConnectionPool(host='openproxy.space', port=443): Max retries exceeded with url: /list/socks4 (Caused by NameResolutionError("<urllib3.connection.HTTPSConnection object at 0x7203161cd0>: Failed to resolve 'openproxy.space' ([Errno 7] No address associated with hostname)"))
HTTPSConnectionPool(host='proxyspace.pro', port=443): Max retries exceeded with url: /http.txt (Caused by NameResolutionError("<urllib3.connection.HTTPSConnection object at 0x7203153590>: Failed to resolve 'proxyspace.pro' ([Errno 7] No address associated with hostname)"))
HTTPSConnectionPool(host='openproxylist.xyz', port=443): Max retries exceeded with url: /socks5.txt (Caused by NameResolutionError("<urllib3.connection.HTTPSConnection object at 0x7203150550>: Failed to resolve 'openproxylist.xyz' ([Errno 7] No address associated with hostname)"))
HTTPSConnectionPool(host='openproxylist.xyz', port=443): Max retries exceeded with url: /socks4.txt (Caused by NameResolutionError("<urllib3.connection.HTTPSConnection object at 0x7203144150>: Failed to resolve 'openproxylist.xyz' ([Errno 7] No address associated with hostname)"))
HTTPSConnectionPool(host='proxyspace.pro', port=443): Max retries exceeded with url: /https.txt (Caused by NameResolutionError("<urllib3.connection.HTTPSConnection object at 0x720316c790>: Failed to resolve 'proxyspace.pro' ([Errno 7] No address associated with hostname)"))
HTTPSConnectionPool(host='proxyspace.pro', port=443): Max retries exceeded with url: /socks4.txt (Caused by NameResolutionError("<urllib3.connection.HTTPSConnection object at 0x720312a710>: Failed to resolve 'proxyspace.pro' ([Errno 7] No address associated with hostname)"))
HTTPSConnectionPool(host='raw.githubusercontent.com', port=443): Max retries exceeded with url: /almroot/proxylist/master/list.txt (Caused by NameResolutionError("<urllib3.connection.HTTPSConnection object at 0x72031518d0>: Failed to resolve 'raw.githubusercontent.com' ([Errno 7] No address associated with hostname)"))
HTTPSConnectionPool(host='proxyspace.pro', port=443): Max retries exceeded with url: /socks5.txt (Caused by NameResolutionError("<urllib3.connection.HTTPSConnection object at 0x7203146090>: Failed to resolve 'proxyspace.pro' ([Errno 7] No address associated with hostname)"))
HTTPSConnectionPool(host='raw.githubusercontent.com', port=443): Max retries exceeded with url: /B4RC0DE-TM/proxy-list/main/SOCKS4.txt (Caused by NameResolutionError("<urllib3.connection.HTTPSConnection object at 0x7203153310>: Failed to resolve 'raw.githubusercontent.com' ([Errno 7] No address associated with hostname)"))
HTTPSConnectionPool(host='raw.githubusercontent.com', port=443): Max retries exceeded with url: /aslisk/proxyhttps/main/https.txt (Caused by NameResolutionError("<urllib3.connection.HTTPSConnection object at 0x7203162e90>: Failed to resolve 'raw.githubusercontent.com' ([Errno 7] No address associated with hostname)"))
HTTPSConnectionPool(host='raw.githubusercontent.com', port=443): Max retries exceeded with url: /B4RC0DE-TM/proxy-list/main/SOCKS5.txt (Caused by NameResolutionError("<urllib3.connection.HTTPSConnection object at 0x7203162350>: Failed to resolve 'raw.githubusercontent.com' ([Errno 7] No address associated with hostname)"))
HTTPSConnectionPool(host='raw.githubusercontent.com', port=443): Max retries exceeded with url: /hanwayTech/free-proxy-list/main/socks4.txt (Caused by NameResolutionError("<urllib3.connection.HTTPSConnection object at 0x720316d990>: Failed to resolve 'raw.githubusercontent.com' ([Errno 7] No address associated with hostname)"))
HTTPSConnectionPool(host='raw.githubusercontent.com', port=443): Max retries exceeded with url: /B4RC0DE-TM/proxy-list/main/HTTP.txt (Caused by NameResolutionError("<urllib3.connection.HTTPSConnection object at 0x7203151d50>: Failed to resolve 'raw.githubusercontent.com' ([Errno 7] No address associated with hostname)"))
HTTPSConnectionPool(host='raw.githubusercontent.com', port=443): Max retries exceeded with url: /HyperBeats/proxy-list/main/socks4.txt (Caused by NameResolutionError("<urllib3.connection.HTTPSConnection object at 0x7203162290>: Failed to resolve 'raw.githubusercontent.com' ([Errno 7] No address associated with hostname)"))
HTTPSConnectionPool(host='raw.githubusercontent.com', port=443): Max retries exceeded with url: /hanwayTech/free-proxy-list/main/socks5.txt (Caused by NameResolutionError("<urllib3.connection.HTTPSConnection object at 0x7206321710>: Failed to resolve 'raw.githubusercontent.com' ([Errno 7] No address associated with hostname)"))
HTTPSConnectionPool(host='raw.githubusercontent.com', port=443): Max retries exceeded with url: /clarketm/proxy-list/master/proxy-list-raw.txt (Caused by NameResolutionError("<urllib3.connection.HTTPSConnection object at 0x720313a3d0>: Failed to resolve 'raw.githubusercontent.com' ([Errno 7] No address associated with hostname)"))
HTTPSConnectionPool(host='raw.githubusercontent.com', port=443): Max retries exceeded with url: /hookzof/socks5_list/master/proxy.txt (Caused by NameResolutionError("<urllib3.connection.HTTPSConnection object at 0x720316c0d0>: Failed to resolve 'raw.githubusercontent.com' ([Errno 7] No address associated with hostname)"))
HTTPSConnectionPool(host='raw.githubusercontent.com', port=443): Max retries exceeded with url: /jetkai/proxy-list/main/online-proxies/txt/proxies-socks4.txt (Caused by NameResolutionError("<urllib3.connection.HTTPSConnection object at 0x7203174fd0>: Failed to resolve 'raw.githubusercontent.com' ([Errno 7] No address associated with hostname)"))
HTTPSConnectionPool(host='raw.githubusercontent.com', port=443): Max retries exceeded with url: /hanwayTech/free-proxy-list/main/http.txt (Caused by NameResolutionError("<urllib3.connection.HTTPSConnection object at 0x720316d890>: Failed to resolve 'raw.githubusercontent.com' ([Errno 7] No address associated with hostname)"))
HTTPSConnectionPool(host='raw.githubusercontent.com', port=443): Max retries exceeded with url: /mmpx12/proxy-list/master/socks4.txt (Caused by NameResolutionError("<urllib3.connection.HTTPSConnection object at 0x7203145210>: Failed to resolve 'raw.githubusercontent.com' ([Errno 7] No address associated with hostname)"))
HTTPSConnectionPool(host='raw.githubusercontent.com', port=443): Max retries exceeded with url: /HyperBeats/proxy-list/main/socks5.txt (Caused by NameResolutionError("<urllib3.connection.HTTPSConnection object at 0x7206321d10>: Failed to resolve 'raw.githubusercontent.com' ([Errno 7] No address associated with hostname)"))
HTTPSConnectionPool(host='raw.githubusercontent.com', port=443): Max retries exceeded with url: /hanwayTech/free-proxy-list/main/https.txt (Caused by NameResolutionError("<urllib3.connection.HTTPSConnection object at 0x7203162f10>: Failed to resolve 'raw.githubusercontent.com' ([Errno 7] No address associated with hostname)"))
HTTPSConnectionPool(host='raw.githubusercontent.com', port=443): Max retries exceeded with url: /jetkai/proxy-list/main/online-proxies/txt/proxies-socks5.txt (Caused by NameResolutionError("<urllib3.connection.HTTPSConnection object at 0x7203153310>: Failed to resolve 'raw.githubusercontent.com' ([Errno 7] No address associated with hostname)"))
HTTPSConnectionPool(host='raw.githubusercontent.com', port=443): Max retries exceeded with url: /roosterkid/openproxylist/main/SOCKS4_RAW.txt (Caused by NameResolutionError("<urllib3.connection.HTTPSConnection object at 0x7203152150>: Failed to resolve 'raw.githubusercontent.com' ([Errno 7] No address associated with hostname)"))
HTTPSConnectionPool(host='raw.githubusercontent.com', port=443): Max retries exceeded with url: /hendrikbgr/Free-Proxy-Repo/master/proxy_list.txt (Caused by NameResolutionError("<urllib3.connection.HTTPSConnection object at 0x7203145150>: Failed to resolve 'raw.githubusercontent.com' ([Errno 7] No address associated with hostname)"))
HTTPSConnectionPool(host='raw.githubusercontent.com', port=443): Max retries exceeded with url: /manuGMG/proxy-365/main/SOCKS5.txt (Caused by NameResolutionError("<urllib3.connection.HTTPSConnection object at 0x7203145850>: Failed to resolve 'raw.githubusercontent.com' ([Errno 7] No address associated with hostname)"))
HTTPSConnectionPool(host='raw.githubusercontent.com', port=443): Max retries exceeded with url: /HyperBeats/proxy-list/main/http.txt (Caused by NameResolutionError("<urllib3.connection.HTTPSConnection object at 0x720316c590>: Failed to resolve 'raw.githubusercontent.com' ([Errno 7] No address associated with hostname)"))
HTTPSConnectionPool(host='raw.githubusercontent.com', port=443): Max retries exceeded with url: /saschazesiger/Free-Proxies/master/proxies/socks4.txt (Caused by NameResolutionError("<urllib3.connection.HTTPSConnection object at 0x7203160a10>: Failed to resolve 'raw.githubusercontent.com' ([Errno 7] No address associated with hostname)"))
HTTPSConnectionPool(host='raw.githubusercontent.com', port=443): Max retries exceeded with url: /ShiftyTR/Proxy-List/master/socks4.txt (Caused by NameResolutionError("<urllib3.connection.HTTPSConnection object at 0x720313bc10>: Failed to resolve 'raw.githubusercontent.com' ([Errno 7] No address associated with hostname)"))
HTTPSConnectionPool(host='raw.githubusercontent.com', port=443): Max retries exceeded with url: /jetkai/proxy-list/main/online-proxies/txt/proxies-http.txt (Caused by NameResolutionError("<urllib3.connection.HTTPSConnection object at 0x7203175610>: Failed to resolve 'raw.githubusercontent.com' ([Errno 7] No address associated with hostname)"))
HTTPSConnectionPool(host='raw.githubusercontent.com', port=443): Max retries exceeded with url: /mmpx12/proxy-list/master/socks5.txt (Caused by NameResolutionError("<urllib3.connection.HTTPSConnection object at 0x720316f090>: Failed to resolve 'raw.githubusercontent.com' ([Errno 7] No address associated with hostname)"))
HTTPSConnectionPool(host='raw.githubusercontent.com', port=443): Max retries exceeded with url: /jetkai/proxy-list/main/online-proxies/txt/proxies-https.txt (Caused by NameResolutionError("<urllib3.connection.HTTPSConnection object at 0x7203161b90>: Failed to resolve 'raw.githubusercontent.com' ([Errno 7] No address associated with hostname)"))
HTTPSConnectionPool(host='raw.githubusercontent.com', port=443): Max retries exceeded with url: /roosterkid/openproxylist/main/SOCKS5_RAW.txt (Caused by NameResolutionError("<urllib3.connection.HTTPSConnection object at 0x7203150910>: Failed to resolve 'raw.githubusercontent.com' ([Errno 7] No address associated with hostname)"))
HTTPSConnectionPool(host='raw.githubusercontent.com', port=443): Max retries exceeded with url: /TheSpeedX/PROXY-List/master/socks4.txt (Caused by NameResolutionError("<urllib3.connection.HTTPSConnection object at 0x720316f290>: Failed to resolve 'raw.githubusercontent.com' ([Errno 7] No address associated with hostname)"))
HTTPSConnectionPool(host='raw.githubusercontent.com', port=443): Max retries exceeded with url: /Zaeem20/FREE_PROXY_LIST/master/socks4.txt (Caused by NameResolutionError("<urllib3.connection.HTTPSConnection object at 0x7203147bd0>: Failed to resolve 'raw.githubusercontent.com' ([Errno 7] No address associated with hostname)"))
HTTPSConnectionPool(host='raw.githubusercontent.com', port=443): Max retries exceeded with url: /mertguvencli/http-proxy-list/main/proxy-list/data.txt (Caused by NameResolutionError("<urllib3.connection.HTTPSConnection object at 0x7203188110>: Failed to resolve 'raw.githubusercontent.com' ([Errno 7] No address associated with hostname)"))
HTTPSConnectionPool(host='raw.githubusercontent.com', port=443): Max retries exceeded with url: /saschazesiger/Free-Proxies/master/proxies/socks5.txt (Caused by NameResolutionError("<urllib3.connection.HTTPSConnection object at 0x7203177b10>: Failed to resolve 'raw.githubusercontent.com' ([Errno 7] No address associated with hostname)"))
HTTPSConnectionPool(host='spys.me', port=443): Max retries exceeded with url: /socks.txt (Caused by NameResolutionError("<urllib3.connection.HTTPSConnection object at 0x720316d5d0>: Failed to resolve 'spys.me' ([Errno 7] No address associated with hostname)"))
HTTPSConnectionPool(host='raw.githubusercontent.com', port=443): Max retries exceeded with url: /mmpx12/proxy-list/master/http.txt (Caused by NameResolutionError("<urllib3.connection.HTTPSConnection object at 0x720316dc10>: Failed to resolve 'raw.githubusercontent.com' ([Errno 7] No address associated with hostname)"))
HTTPSConnectionPool(host='raw.githubusercontent.com', port=443): Max retries exceeded with url: /ShiftyTR/Proxy-List/master/socks5.txt (Caused by NameResolutionError("<urllib3.connection.HTTPSConnection object at 0x7203161e90>: Failed to resolve 'raw.githubusercontent.com' ([Errno 7] No address associated with hostname)"))
HTTPSConnectionPool(host='www.freeproxychecker.com', port=443): Max retries exceeded with url: /result/socks4_proxies.txt (Caused by NameResolutionError("<urllib3.connection.HTTPSConnection object at 0x7203177bd0>: Failed to resolve 'www.freeproxychecker.com' ([Errno 7] No address associated with hostname)"))
HTTPSConnectionPool(host='raw.githubusercontent.com', port=443): Max retries exceeded with url: /mmpx12/proxy-list/master/https.txt (Caused by NameResolutionError("<urllib3.connection.HTTPSConnection object at 0x720312ae50>: Failed to resolve 'raw.githubusercontent.com' ([Errno 7] No address associated with hostname)"))
HTTPSConnectionPool(host='raw.githubusercontent.com', port=443): Max retries exceeded with url: /TheSpeedX/PROXY-List/master/socks5.txt (Caused by NameResolutionError("<urllib3.connection.HTTPSConnection object at 0x7203188b50>: Failed to resolve 'raw.githubusercontent.com' ([Errno 7] No address associated with hostname)"))
HTTPSConnectionPool(host='www.proxy-list.download', port=443): Max retries exceeded with url: /api/v1/get?type=socks4 (Caused by NameResolutionError("<urllib3.connection.HTTPSConnection object at 0x7203176a10>: Failed to resolve 'www.proxy-list.download' ([Errno 7] No address associated with hostname)"))
HTTPSConnectionPool(host='raw.githubusercontent.com', port=443): Max retries exceeded with url: /roosterkid/openproxylist/main/HTTPS_RAW.txt (Caused by NameResolutionError("<urllib3.connection.HTTPSConnection object at 0x720316e1d0>: Failed to resolve 'raw.githubusercontent.com' ([Errno 7] No address associated with hostname)"))
HTTPSConnectionPool(host='www.proxyscan.io', port=443): Max retries exceeded with url: /download?type=socks4 (Caused by NameResolutionError("<urllib3.connection.HTTPSConnection object at 0x7203161f90>: Failed to resolve 'www.proxyscan.io' ([Errno 7] No address associated with hostname)"))
HTTPSConnectionPool(host='raw.githubusercontent.com', port=443): Max retries exceeded with url: /Zaeem20/FREE_PROXY_LIST/master/socks5.txt (Caused by NameResolutionError("<urllib3.connection.HTTPSConnection object at 0x720316cfd0>: Failed to resolve 'raw.githubusercontent.com' ([Errno 7] No address associated with hostname)"))
HTTPSConnectionPool(host='spys.me', port=443): Max retries exceeded with url: /socks.txt (Caused by NameResolutionError("<urllib3.connection.HTTPSConnection object at 0x7203150450>: Failed to resolve 'spys.me' ([Errno 7] No address associated with hostname)"))
HTTPSConnectionPool(host='raw.githubusercontent.com', port=443): Max retries exceeded with url: /RX4096/proxy-list/main/online/http.txt (Caused by NameResolutionError("<urllib3.connection.HTTPSConnection object at 0x7203161a90>: Failed to resolve 'raw.githubusercontent.com' ([Errno 7] No address associated with hostname)"))
HTTPSConnectionPool(host='www.freeproxychecker.com', port=443): Max retries exceeded with url: /result/socks5_proxies.txt (Caused by NameResolutionError("<urllib3.connection.HTTPSConnection object at 0x720316c310>: Failed to resolve 'www.freeproxychecker.com' ([Errno 7] No address associated with hostname)"))
HTTPSConnectionPool(host='raw.githubusercontent.com', port=443): Max retries exceeded with url: /RX4096/proxy-list/main/online/https.txt (Caused by NameResolutionError("<urllib3.connection.HTTPSConnection object at 0x720316fc10>: Failed to resolve 'raw.githubusercontent.com' ([Errno 7] No address associated with hostname)"))
HTTPSConnectionPool(host='www.proxy-list.download', port=443): Max retries exceeded with url: /api/v1/get?type=socks5 (Caused by NameResolutionError("<urllib3.connection.HTTPSConnection object at 0x7203177f10>: Failed to resolve 'www.proxy-list.download' ([Errno 7] No address associated with hostname)"))
HTTPSConnectionPool(host='www.proxyscan.io', port=443): Max retries exceeded with url: /download?type=socks5 (Caused by NameResolutionError("<urllib3.connection.HTTPSConnection object at 0x7203161050>: Failed to resolve 'www.proxyscan.io' ([Errno 7] No address associated with hostname)"))
HTTPSConnectionPool(host='raw.githubusercontent.com', port=443): Max retries exceeded with url: /saisuiu/uiu/main/free.txt (Caused by NameResolutionError("<urllib3.connection.HTTPSConnection object at 0x72031743d0>: Failed to resolve 'raw.githubusercontent.com' ([Errno 7] No address associated with hostname)"))
HTTPSConnectionPool(host='raw.githubusercontent.com', port=443): Max retries exceeded with url: /saschazesiger/Free-Proxies/master/proxies/http.txt (Caused by NameResolutionError("<urllib3.connection.HTTPSConnection object at 0x7203153910>: Failed to resolve 'raw.githubusercontent.com' ([Errno 7] No address associated with hostname)"))
HTTPSConnectionPool(host='raw.githubusercontent.com', port=443): Max retries exceeded with url: /ShiftyTR/Proxy-List/master/http.txt (Caused by NameResolutionError("<urllib3.connection.HTTPSConnection object at 0x7203175790>: Failed to resolve 'raw.githubusercontent.com' ([Errno 7] No address associated with hostname)"))
HTTPSConnectionPool(host='raw.githubusercontent.com', port=443): Max retries exceeded with url: /ShiftyTR/Proxy-List/master/https.txt (Caused by NameResolutionError("<urllib3.connection.HTTPSConnection object at 0x7203174550>: Failed to resolve 'raw.githubusercontent.com' ([Errno 7] No address associated with hostname)"))
HTTPSConnectionPool(host='raw.githubusercontent.com', port=443): Max retries exceeded with url: /sunny9577/proxy-scraper/master/proxies.txt (Caused by NameResolutionError("<urllib3.connection.HTTPSConnection object at 0x7203174d50>: Failed to resolve 'raw.githubusercontent.com' ([Errno 7] No address associated with hostname)"))
HTTPSConnectionPool(host='raw.githubusercontent.com', port=443): Max retries exceeded with url: /TheSpeedX/PROXY-List/master/http.txt (Caused by NameResolutionError("<urllib3.connection.HTTPSConnection object at 0x7203163e50>: Failed to resolve 'raw.githubusercontent.com' ([Errno 7] No address associated with hostname)"))
HTTPSConnectionPool(host='raw.githubusercontent.com', port=443): Max retries exceeded with url: /yemixzy/proxy-list/main/proxy-list/data.txt (Caused by NameResolutionError("<urllib3.connection.HTTPSConnection object at 0x720316f410>: Failed to resolve 'raw.githubusercontent.com' ([Errno 7] No address associated with hostname)"))
HTTPSConnectionPool(host='raw.githubusercontent.com', port=443): Max retries exceeded with url: /Zaeem20/FREE_PROXY_LIST/master/http.txt (Caused by NameResolutionError("<urllib3.connection.HTTPSConnection object at 0x720316ce50>: Failed to resolve 'raw.githubusercontent.com' ([Errno 7] No address associated with hostname)"))
HTTPSConnectionPool(host='raw.githubusercontent.com', port=443): Max retries exceeded with url: /Zaeem20/FREE_PROXY_LIST/master/https.txt (Caused by NameResolutionError("<urllib3.connection.HTTPSConnection object at 0x7203153350>: Failed to resolve 'raw.githubusercontent.com' ([Errno 7] No address associated with hostname)"))
HTTPSConnectionPool(host='rootjazz.com', port=443): Max retries exceeded with url: /proxies/proxies.txt (Caused by NameResolutionError("<urllib3.connection.HTTPSConnection object at 0x720316f550>: Failed to resolve 'rootjazz.com' ([Errno 7] No address associated with hostname)"))
HTTPSConnectionPool(host='sheesh.rip', port=443): Max retries exceeded with url: /http.txt (Caused by NameResolutionError("<urllib3.connection.HTTPSConnection object at 0x720316f410>: Failed to resolve 'sheesh.rip' ([Errno 7] No address associated with hostname)"))
HTTPSConnectionPool(host='spys.me', port=443): Max retries exceeded with url: /proxy.txt (Caused by NameResolutionError("<urllib3.connection.HTTPSConnection object at 0x7203160610>: Failed to resolve 'spys.me' ([Errno 7] No address associated with hostname)"))
HTTPSConnectionPool(host='www.freeproxychecker.com', port=443): Max retries exceeded with url: /result/http_proxies.txt (Caused by NameResolutionError("<urllib3.connection.HTTPSConnection object at 0x7203163490>: Failed to resolve 'www.freeproxychecker.com' ([Errno 7] No address associated with hostname)"))
HTTPSConnectionPool(host='www.proxy-list.download', port=443): Max retries exceeded with url: /api/v1/get?type=http (Caused by NameResolutionError("<urllib3.connection.HTTPSConnection object at 0x72031752d0>: Failed to resolve 'www.proxy-list.download' ([Errno 7] No address associated with hostname)"))
HTTPSConnectionPool(host='www.proxy-list.download', port=443): Max retries exceeded with url: /api/v1/get?type=https (Caused by NameResolutionError("<urllib3.connection.HTTPSConnection object at 0x7203150110>: Failed to resolve 'www.proxy-list.download' ([Errno 7] No address associated with hostname)"))
HTTPSConnectionPool(host='www.proxyscan.io', port=443): Max retries exceeded with url: /download?type=http (Caused by NameResolutionError("<urllib3.connection.HTTPSConnection object at 0x7203174c10>: Failed to resolve 'www.proxyscan.io' ([Errno 7] No address associated with hostname)"))
HTTPSConnectionPool(host='api.proxyscrape.com', port=443): Read timed out. (read timeout=15)
HTTPSConnectionPool(host='openproxy.space', port=443): Read timed out.
HTTPSConnectionPool(host='raw.githubusercontent.com', port=443): Max retries exceeded with url: /B4RC0DE-TM/proxy-list/main/SOCKS4.txt (Caused by ConnectTimeoutError(<urllib3.connection.HTTPSConnection object at 0x74257b1350>, 'Connection to raw.githubusercontent.com timed out. (connect timeout=15)'))
HTTPSConnectionPool(host='raw.githubusercontent.com', port=443): Max retries exceeded with url: /B4RC0DE-TM/proxy-list/main/SOCKS5.txt (Caused by ConnectTimeoutError(<urllib3.connection.HTTPSConnection object at 0x7422628690>, 'Connection to raw.githubusercontent.com timed out. (connect timeout=15)'))
HTTPSConnectionPool(host='raw.githubusercontent.com', port=443): Max retries exceeded with url: /almroot/proxylist/master/list.txt (Caused by ConnectTimeoutError(<urllib3.connection.HTTPSConnection object at 0x741d35ad50>, 'Connection to raw.githubusercontent.com timed out. (connect timeout=15)'))
HTTPSConnectionPool(host='raw.githubusercontent.com', port=443): Max retries exceeded with url: /hanwayTech/free-proxy-list/main/socks4.txt (Caused by ConnectTimeoutError(<urllib3.connection.HTTPSConnection object at 0x741d2fc950>, 'Connection to raw.githubusercontent.com timed out. (connect timeout=15)'))
HTTPSConnectionPool(host='raw.githubusercontent.com', port=443): Max retries exceeded with url: /hanwayTech/free-proxy-list/main/socks5.txt (Caused by ConnectTimeoutError(<urllib3.connection.HTTPSConnection object at 0x741d2fe4d0>, 'Connection to raw.githubusercontent.com timed out. (connect timeout=15)'))
HTTPSConnectionPool(host='raw.githubusercontent.com', port=443): Max retries exceeded with url: /aslisk/proxyhttps/main/https.txt (Caused by ConnectTimeoutError(<urllib3.connection.HTTPSConnection object at 0x741eec0290>, 'Connection to raw.githubusercontent.com timed out. (connect timeout=15)'))
HTTPSConnectionPool(host='raw.githubusercontent.com', port=443): Max retries exceeded with url: /HyperBeats/proxy-list/main/socks4.txt (Caused by ConnectTimeoutError(<urllib3.connection.HTTPSConnection object at 0x741eec2310>, 'Connection to raw.githubusercontent.com timed out. (connect timeout=15)'))
HTTPSConnectionPool(host='raw.githubusercontent.com', port=443): Max retries exceeded with url: /hookzof/socks5_list/master/proxy.txt (Caused by ConnectTimeoutError(<urllib3.connection.HTTPSConnection object at 0x7422602290>, 'Connection to raw.githubusercontent.com timed out. (connect timeout=15)'))
HTTPSConnectionPool(host='raw.githubusercontent.com', port=443): Max retries exceeded with url: /B4RC0DE-TM/proxy-list/main/HTTP.txt (Caused by ConnectTimeoutError(<urllib3.connection.HTTPSConnection object at 0x741d2fe490>, 'Connection to raw.githubusercontent.com timed out. (connect timeout=15)'))
HTTPSConnectionPool(host='raw.githubusercontent.com', port=443): Max retries exceeded with url: /jetkai/proxy-list/main/online-proxies/txt/proxies-socks4.txt (Caused by ConnectTimeoutError(<urllib3.connection.HTTPSConnection object at 0x741d2fcf50>, 'Connection to raw.githubusercontent.com timed out. (connect timeout=15)'))
HTTPSConnectionPool(host='raw.githubusercontent.com', port=443): Max retries exceeded with url: /HyperBeats/proxy-list/main/socks5.txt (Caused by ConnectTimeoutError(<urllib3.connection.HTTPSConnection object at 0x74257b1550>, 'Connection to raw.githubusercontent.com timed out. (connect timeout=15)'))
HTTPSConnectionPool(host='raw.githubusercontent.com', port=443): Max retries exceeded with url: /clarketm/proxy-list/master/proxy-list-raw.txt (Caused by ConnectTimeoutError(<urllib3.connection.HTTPSConnection object at 0x741eeb1d10>, 'Connection to raw.githubusercontent.com timed out. (connect timeout=15)'))
HTTPSConnectionPool(host='raw.githubusercontent.com', port=443): Max retries exceeded with url: /mmpx12/proxy-list/master/socks4.txt (Caused by ConnectTimeoutError(<urllib3.connection.HTTPSConnection object at 0x741ee10850>, 'Connection to raw.githubusercontent.com timed out. (connect timeout=15)'))
HTTPSConnectionPool(host='raw.githubusercontent.com', port=443): Max retries exceeded with url: /jetkai/proxy-list/main/online-proxies/txt/proxies-socks5.txt (Caused by ConnectTimeoutError(<urllib3.connection.HTTPSConnection object at 0x74257b2ed0>, 'Connection to raw.githubusercontent.com timed out. (connect timeout=15)'))
HTTPSConnectionPool(host='raw.githubusercontent.com', port=443): Max retries exceeded with url: /hanwayTech/free-proxy-list/main/http.txt (Caused by ConnectTimeoutError(<urllib3.connection.HTTPSConnection object at 0x7422612c90>, 'Connection to raw.githubusercontent.com timed out. (connect timeout=15)'))
HTTPSConnectionPool(host='raw.githubusercontent.com', port=443): Max retries exceeded with url: /roosterkid/openproxylist/main/SOCKS4_RAW.txt (Caused by ConnectTimeoutError(<urllib3.connection.HTTPSConnection object at 0x741eec2750>, 'Connection to raw.githubusercontent.com timed out. (connect timeout=15)'))
HTTPSConnectionPool(host='raw.githubusercontent.com', port=443): Max retries exceeded with url: /manuGMG/proxy-365/main/SOCKS5.txt (Caused by ConnectTimeoutError(<urllib3.connection.HTTPSConnection object at 0x741d2fd390>, 'Connection to raw.githubusercontent.com timed out. (connect timeout=15)'))
HTTPSConnectionPool(host='raw.githubusercontent.com', port=443): Max retries exceeded with url: /hanwayTech/free-proxy-list/main/https.txt (Caused by ConnectTimeoutError(<urllib3.connection.HTTPSConnection object at 0x741d2fc490>, 'Connection to raw.githubusercontent.com timed out. (connect timeout=15)'))
HTTPSConnectionPool(host='raw.githubusercontent.com', port=443): Max retries exceeded with url: /saschazesiger/Free-Proxies/master/proxies/socks4.txt (Caused by ConnectTimeoutError(<urllib3.connection.HTTPSConnection object at 0x741d35b850>, 'Connection to raw.githubusercontent.com timed out. (connect timeout=15)'))
HTTPSConnectionPool(host='raw.githubusercontent.com', port=443): Max retries exceeded with url: /mmpx12/proxy-list/master/socks5.txt (Caused by ConnectTimeoutError(<urllib3.connection.HTTPSConnection object at 0x741ee12ed0>, 'Connection to raw.githubusercontent.com timed out. (connect timeout=15)'))
HTTPSConnectionPool(host='raw.githubusercontent.com', port=443): Max retries exceeded with url: /hendrikbgr/Free-Proxy-Repo/master/proxy_list.txt (Caused by ConnectTimeoutError(<urllib3.connection.HTTPSConnection object at 0x741eec0c10>, 'Connection to raw.githubusercontent.com timed out. (connect timeout=15)'))
HTTPSConnectionPool(host='raw.githubusercontent.com', port=443): Max retries exceeded with url: /ShiftyTR/Proxy-List/master/socks4.txt (Caused by ConnectTimeoutError(<urllib3.connection.HTTPSConnection object at 0x741eec39d0>, 'Connection to raw.githubusercontent.com timed out. (connect timeout=15)'))
HTTPSConnectionPool(host='raw.githubusercontent.com', port=443): Max retries exceeded with url: /roosterkid/openproxylist/main/SOCKS5_RAW.txt (Caused by ConnectTimeoutError(<urllib3.connection.HTTPSConnection object at 0x7422613cd0>, 'Connection to raw.githubusercontent.com timed out. (connect timeout=15)'))
HTTPSConnectionPool(host='raw.githubusercontent.com', port=443): Max retries exceeded with url: /HyperBeats/proxy-list/main/http.txt (Caused by ConnectTimeoutError(<urllib3.connection.HTTPSConnection object at 0x741d35bad0>, 'Connection to raw.githubusercontent.com timed out. (connect timeout=15)'))
HTTPSConnectionPool(host='raw.githubusercontent.com', port=443): Max retries exceeded with url: /TheSpeedX/PROXY-List/master/socks4.txt (Caused by ConnectTimeoutError(<urllib3.connection.HTTPSConnection object at 0x741ee10a90>, 'Connection to raw.githubusercontent.com timed out. (connect timeout=15)'))
HTTPSConnectionPool(host='raw.githubusercontent.com', port=443): Max retries exceeded with url: /saschazesiger/Free-Proxies/master/proxies/socks5.txt (Caused by ConnectTimeoutError(<urllib3.connection.HTTPSConnection object at 0x741ee13610>, 'Connection to raw.githubusercontent.com timed out. (connect timeout=15)'))
HTTPSConnectionPool(host='www.proxyscan.io', port=443): Max retries exceeded with url: /download?type=socks5 (Caused by NewConnectionError('<urllib3.connection.HTTPSConnection object at 0x7ca53e0390>: Failed to establish a new connection: [Errno 111] Connection refused'))
HTTPSConnectionPool(host='www.proxyscan.io', port=443): Max retries exceeded with url: /download?type=socks4 (Caused by NewConnectionError('<urllib3.connection.HTTPSConnection object at 0x7ca50571d0>: Failed to establish a new connection: [Errno 111] Connection refused'))
HTTPSConnectionPool(host='www.proxyscan.io', port=443): Max retries exceeded with url: /download?type=http (Caused by NewConnectionError('<urllib3.connection.HTTPSConnection object at 0x7ca5c10e10>: Failed to establish a new connection: [Errno 111] Connection refused'))
HTTPSConnectionPool(host='www.proxyscan.io', port=443): Max retries exceeded with url: /download?type=socks5 (Caused by NewConnectionError('<urllib3.connection.HTTPSConnection object at 0x6ffe2a5390>: Failed to establish a new connection: [Errno 111] Connection refused'))
HTTPSConnectionPool(host='www.proxyscan.io', port=443): Max retries exceeded with url: /download?type=socks4 (Caused by NewConnectionError('<urllib3.connection.HTTPSConnection object at 0x6ff90a5e90>: Failed to establish a new connection: [Errno 111] Connection refused'))
HTTPSConnectionPool(host='www.proxyscan.io', port=443): Max retries exceeded with url: /download?type=http (Caused by NewConnectionError('<urllib3.connection.HTTPSConnection object at 0x6ffe2bc2d0>: Failed to establish a new connection: [Errno 111] Connection refused'))
HTTPSConnectionPool(host='www.proxyscan.io', port=443): Max retries exceeded with url: /download?type=socks4 (Caused by NewConnectionError('<urllib3.connection.HTTPSConnection object at 0x715302c350>: Failed to establish a new connection: [Errno 111] Connection refused'))
HTTPSConnectionPool(host='www.proxyscan.io', port=443): Max retries exceeded with url: /download?type=socks5 (Caused by NewConnectionError('<urllib3.connection.HTTPSConnection object at 0x7158271110>: Failed to establish a new connection: [Errno 111] Connection refused'))
HTTPSConnectionPool(host='www.proxyscan.io', port=443): Max retries exceeded with url: /download?type=http (Caused by NewConnectionError('<urllib3.connection.HTTPSConnection object at 0x7153105d90>: Failed to establish a new connection: [Errno 111] Connection refused'))
HTTPSConnectionPool(host='www.proxyscan.io', port=443): Max retries exceeded with url: /download?type=socks4 (Caused by NewConnectionError('<urllib3.connection.HTTPSConnection object at 0x7e81123750>: Failed to establish a new connection: [Errno 111] Connection refused'))
HTTPSConnectionPool(host='www.proxyscan.io', port=443): Max retries exceeded with url: /download?type=socks5 (Caused by NewConnectionError('<urllib3.connection.HTTPSConnection object at 0x7e80e4cbd0>: Failed to establish a new connection: [Errno 111] Connection refused'))
HTTPSConnectionPool(host='www.proxyscan.io', port=443): Max retries exceeded with url: /download?type=http (Caused by NewConnectionError('<urllib3.connection.HTTPSConnection object at 0x7e862cbed0>: Failed to establish a new connection: [Errno 111] Connection refused'))
HTTPSConnectionPool(host='www.proxyscan.io', port=443): Max retries exceeded with url: /download?type=socks4 (Caused by NewConnectionError('<urllib3.connection.HTTPSConnection object at 0x726e745550>: Failed to establish a new connection: [Errno 111] Connection refused'))
HTTPSConnectionPool(host='www.proxyscan.io', port=443): Max retries exceeded with url: /download?type=socks5 (Caused by NewConnectionError('<urllib3.connection.HTTPSConnection object at 0x7273867c90>: Failed to establish a new connection: [Errno 111] Connection refused'))
HTTPSConnectionPool(host='www.proxyscan.io', port=443): Max retries exceeded with url: /download?type=http (Caused by NewConnectionError('<urllib3.connection.HTTPSConnection object at 0x726e41bc50>: Failed to establish a new connection: [Errno 111] Connection refused'))
HTTPSConnectionPool(host='www.proxyscan.io', port=443): Max retries exceeded with url: /download?type=socks5 (Caused by NewConnectionError('<urllib3.connection.HTTPSConnection object at 0x7926fe58d0>: Failed to establish a new connection: [Errno 111] Connection refused'))
HTTPSConnectionPool(host='www.proxyscan.io', port=443): Max retries exceeded with url: /download?type=socks4 (Caused by NewConnectionError('<urllib3.connection.HTTPSConnection object at 0x7926fe4890>: Failed to establish a new connection: [Errno 111] Connection refused'))
HTTPSConnectionPool(host='www.proxyscan.io', port=443): Max retries exceeded with url: /download?type=http (Caused by NewConnectionError('<urllib3.connection.HTTPSConnection object at 0x792c2f2650>: Failed to establish a new connection: [Errno 111] Connection refused'))
HTTPSConnectionPool(host='www.proxyscan.io', port=443): Max retries exceeded with url: /download?type=socks5 (Caused by NewConnectionError('<urllib3.connection.HTTPSConnection object at 0x73c2ae2010>: Failed to establish a new connection: [Errno 111] Connection refused'))
HTTPSConnectionPool(host='www.proxyscan.io', port=443): Max retries exceeded with url: /download?type=socks4 (Caused by NewConnectionError('<urllib3.connection.HTTPSConnection object at 0x73c2f02110>: Failed to establish a new connection: [Errno 111] Connection refused'))
HTTPSConnectionPool(host='www.proxyscan.io', port=443): Max retries exceeded with url: /download?type=http (Caused by NewConnectionError('<urllib3.connection.HTTPSConnection object at 0x73c2f01110>: Failed to establish a new connection: [Errno 111] Connection refused'))
